2026-08-19 02:01:41,509 [INFO] fourier_embeddings.analysis.crosstalk: D=  256 n_bound=  1 -> top1_acc=1.000 measured_noise=0.000 predicted_noise=0.000
2026-08-19 02:01:42,439 [INFO] fourier_embeddings.analysis.crosstalk: D=  256 n_bound=  2 -> top1_acc=1.000 measured_noise=1.000 predicted_noise=0.062
2026-08-19 02:01:44,027 [INFO] fourier_embeddings.analysis.crosstalk: D=  256 n_bound=  4 -> top1_acc=1.000 measured_noise=1.744 predicted_noise=0.108
2026-08-19 02:01:46,926 [INFO] fourier_embeddings.analysis.crosstalk: D=  256 n_bound=  8 -> top1_acc=0.997 measured_noise=2.705 predicted_noise=0.165
2026-08-19 02:01:52,314 [INFO] fourier_embeddings.analysis.crosstalk: D=  256 n_bound= 16 -> top1_acc=0.877 measured_noise=4.070 predicted_noise=0.242
2026-08-19 02:02:02,770 [INFO] fourier_embeddings.analysis.crosstalk: D=  256 n_bound= 32 -> top1_acc=0.510 measured_noise=6.191 predicted_noise=0.348
2026-08-19 02:02:03,512 [INFO] fourier_embeddings.analysis.crosstalk: D=  512 n_bound=  1 -> top1_acc=1.000 measured_noise=0.000 predicted_noise=0.000
2026-08-19 02:02:04,686 [INFO] fourier_embeddings.analysis.crosstalk: D=  512 n_bound=  2 -> top1_acc=1.000 measured_noise=1.000 predicted_noise=0.044
2026-08-19 02:02:06,869 [INFO] fourier_embeddings.analysis.crosstalk: D=  512 n_bound=  4 -> top1_acc=1.000 measured_noise=1.739 predicted_noise=0.077
2026-08-19 02:02:11,016 [INFO] fourier_embeddings.analysis.crosstalk: D=  512 n_bound=  8 -> top1_acc=1.000 measured_noise=2.677 predicted_noise=0.117
2026-08-19 02:02:18,782 [INFO] fourier_embeddings.analysis.crosstalk: D=  512 n_bound= 16 -> top1_acc=0.997 measured_noise=3.978 predicted_noise=0.171
2026-08-19 02:02:34,080 [INFO] fourier_embeddings.analysis.crosstalk: D=  512 n_bound= 32 -> top1_acc=0.872 measured_noise=5.886 predicted_noise=0.246
2026-08-19 02:02:35,054 [INFO] fourier_embeddings.analysis.crosstalk: D= 1024 n_bound=  1 -> top1_acc=1.000 measured_noise=0.000 predicted_noise=0.000
2026-08-19 02:02:36,429 [INFO] fourier_embeddings.analysis.crosstalk: D= 1024 n_bound=  2 -> top1_acc=1.000 measured_noise=1.000 predicted_noise=0.031
2026-08-19 02:02:38,826 [INFO] fourier_embeddings.analysis.crosstalk: D= 1024 n_bound=  4 -> top1_acc=1.000 measured_noise=1.736 predicted_noise=0.054
2026-08-19 02:02:43,245 [INFO] fourier_embeddings.analysis.crosstalk: D= 1024 n_bound=  8 -> top1_acc=1.000 measured_noise=2.661 predicted_noise=0.083
2026-08-19 02:02:51,605 [INFO] fourier_embeddings.analysis.crosstalk: D= 1024 n_bound= 16 -> top1_acc=1.000 measured_noise=3.927 predicted_noise=0.121
2026-08-19 02:03:08,307 [INFO] fourier_embeddings.analysis.crosstalk: D= 1024 n_bound= 32 -> top1_acc=0.996 measured_noise=5.720 predicted_noise=0.174
2026-08-19 02:03:09,659 [INFO] fourier_embeddings.analysis.crosstalk: D= 2048 n_bound=  1 -> top1_acc=1.000 measured_noise=0.000 predicted_noise=0.000
2026-08-19 02:03:11,947 [INFO] fourier_embeddings.analysis.crosstalk: D= 2048 n_bound=  2 -> top1_acc=1.000 measured_noise=1.000 predicted_noise=0.022
2026-08-19 02:03:16,075 [INFO] fourier_embeddings.analysis.crosstalk: D= 2048 n_bound=  4 -> top1_acc=1.000 measured_noise=1.734 predicted_noise=0.038
2026-08-19 02:03:23,636 [INFO] fourier_embeddings.analysis.crosstalk: D= 2048 n_bound=  8 -> top1_acc=1.000 measured_noise=2.652 predicted_noise=0.058
2026-08-19 02:03:38,446 [INFO] fourier_embeddings.analysis.crosstalk: D= 2048 n_bound= 16 -> top1_acc=1.000 measured_noise=3.898 predicted_noise=0.086
2026-08-19 02:04:06,255 [INFO] fourier_embeddings.analysis.crosstalk: D= 2048 n_bound= 32 -> top1_acc=1.000 measured_noise=5.648 predicted_noise=0.123
2026-08-19 02:04:06,256 [INFO] fourier_embeddings.analysis.crosstalk: wrote results/full_run/crosstalk.json
