2026-08-18 23:17:22,834 [INFO] fourier_embeddings.download: downloading en -> data_raw/en.txt (target ~30.0MB)
2026-08-18 23:17:25,332 [INFO] fourier_embeddings.download: [en] 3243285/30000000 chars, 100 articles (offset=100)
2026-08-18 23:17:28,190 [INFO] fourier_embeddings.download: [en] 6140092/30000000 chars, 200 articles (offset=200)
2026-08-18 23:17:31,311 [INFO] fourier_embeddings.download: [en] 8520954/30000000 chars, 300 articles (offset=300)
2026-08-18 23:17:33,891 [INFO] fourier_embeddings.download: [en] 10756376/30000000 chars, 400 articles (offset=400)
2026-08-18 23:17:36,725 [INFO] fourier_embeddings.download: [en] 12640733/30000000 chars, 500 articles (offset=500)
2026-08-18 23:17:39,395 [INFO] fourier_embeddings.download: [en] 14105803/30000000 chars, 600 articles (offset=600)
2026-08-18 23:17:41,751 [INFO] fourier_embeddings.download: [en] 15944092/30000000 chars, 700 articles (offset=700)
2026-08-18 23:17:44,355 [INFO] fourier_embeddings.download: [en] 18419360/30000000 chars, 800 articles (offset=800)
2026-08-18 23:17:47,183 [INFO] fourier_embeddings.download: [en] 20898967/30000000 chars, 900 articles (offset=900)
2026-08-18 23:17:52,440 [INFO] fourier_embeddings.download: [en] 23085973/30000000 chars, 1000 articles (offset=1000)
2026-08-18 23:17:55,281 [INFO] fourier_embeddings.download: [en] 24533224/30000000 chars, 1100 articles (offset=1100)
2026-08-18 23:17:59,709 [INFO] fourier_embeddings.download: [en] 25988736/30000000 chars, 1200 articles (offset=1200)
2026-08-18 23:18:02,150 [INFO] fourier_embeddings.download: [en] 27888658/30000000 chars, 1300 articles (offset=1300)
2026-08-18 23:18:04,525 [INFO] fourier_embeddings.download: [en] 29480810/30000000 chars, 1400 articles (offset=1400)
2026-08-18 23:18:07,150 [INFO] fourier_embeddings.download: [en] 32474053/30000000 chars, 1500 articles (offset=1500)
2026-08-18 23:18:07,651 [INFO] fourier_embeddings.download: [en] done: {'lang': 'en', 'chars': 32474053, 'articles': 1500, 'path': 'data_raw/en.txt', 'complete': True, 'error': None}
2026-08-18 23:18:07,652 [INFO] fourier_embeddings.download: downloading hi -> data_raw/hi.txt (target ~30.0MB)
2026-08-18 23:18:10,370 [INFO] fourier_embeddings.download: [hi] 1394782/30000000 chars, 100 articles (offset=100)
2026-08-18 23:18:13,306 [INFO] fourier_embeddings.download: [hi] 2262022/30000000 chars, 200 articles (offset=200)
2026-08-18 23:18:15,975 [INFO] fourier_embeddings.download: [hi] 3042774/30000000 chars, 300 articles (offset=300)
2026-08-18 23:18:18,306 [INFO] fourier_embeddings.download: [hi] 3780215/30000000 chars, 400 articles (offset=400)
2026-08-18 23:18:21,301 [INFO] fourier_embeddings.download: [hi] 4436794/30000000 chars, 500 articles (offset=500)
2026-08-18 23:18:23,828 [INFO] fourier_embeddings.download: [hi] 5067052/30000000 chars, 600 articles (offset=600)
2026-08-18 23:18:26,298 [INFO] fourier_embeddings.download: [hi] 5538077/30000000 chars, 700 articles (offset=700)
2026-08-18 23:18:28,589 [INFO] fourier_embeddings.download: [hi] 6090436/30000000 chars, 800 articles (offset=800)
2026-08-18 23:18:31,027 [INFO] fourier_embeddings.download: [hi] 6685705/30000000 chars, 900 articles (offset=900)
2026-08-18 23:18:33,376 [INFO] fourier_embeddings.download: [hi] 7484245/30000000 chars, 1000 articles (offset=1000)
2026-08-18 23:18:35,447 [INFO] fourier_embeddings.download: [hi] 7760121/30000000 chars, 1100 articles (offset=1100)
2026-08-18 23:18:38,158 [INFO] fourier_embeddings.download: [hi] 8294605/30000000 chars, 1200 articles (offset=1200)
2026-08-18 23:18:40,347 [INFO] fourier_embeddings.download: [hi] 8829471/30000000 chars, 1300 articles (offset=1300)
2026-08-18 23:18:42,842 [INFO] fourier_embeddings.download: [hi] 9678800/30000000 chars, 1400 articles (offset=1400)
2026-08-18 23:18:44,872 [INFO] fourier_embeddings.download: [hi] 9968857/30000000 chars, 1500 articles (offset=1500)
2026-08-18 23:18:46,930 [INFO] fourier_embeddings.download: [hi] 10383051/30000000 chars, 1600 articles (offset=1600)
2026-08-18 23:18:48,828 [INFO] fourier_embeddings.download: [hi] 10604030/30000000 chars, 1700 articles (offset=1700)
2026-08-18 23:18:50,589 [INFO] fourier_embeddings.download: [hi] 10705003/30000000 chars, 1800 articles (offset=1800)
2026-08-18 23:18:52,478 [INFO] fourier_embeddings.download: [hi] 10861966/30000000 chars, 1900 articles (offset=1900)
2026-08-18 23:18:54,562 [INFO] fourier_embeddings.download: [hi] 11299558/30000000 chars, 2000 articles (offset=2000)
2026-08-18 23:18:55,521 [WARNING] fourier_embeddings.download: fetch failed (HTTP Error 429: Too Many Requests); retrying in 5s (attempt 1/8)
2026-08-18 23:19:00,979 [WARNING] fourier_embeddings.download: fetch failed (HTTP Error 429: Too Many Requests); retrying in 10s (attempt 2/8)
2026-08-18 23:19:11,436 [WARNING] fourier_embeddings.download: fetch failed (HTTP Error 429: Too Many Requests); retrying in 20s (attempt 3/8)
2026-08-18 23:19:32,047 [WARNING] fourier_embeddings.download: fetch failed (HTTP Error 429: Too Many Requests); retrying in 40s (attempt 4/8)
2026-08-18 23:20:13,672 [INFO] fourier_embeddings.download: [hi] 11571604/30000000 chars, 2100 articles (offset=2100)
2026-08-18 23:20:16,384 [INFO] fourier_embeddings.download: [hi] 11902477/30000000 chars, 2200 articles (offset=2200)
2026-08-18 23:20:18,561 [INFO] fourier_embeddings.download: [hi] 12285623/30000000 chars, 2300 articles (offset=2300)
2026-08-18 23:20:20,556 [INFO] fourier_embeddings.download: [hi] 12466452/30000000 chars, 2400 articles (offset=2400)
2026-08-18 23:20:22,623 [INFO] fourier_embeddings.download: [hi] 12817376/30000000 chars, 2500 articles (offset=2500)
2026-08-18 23:20:24,737 [INFO] fourier_embeddings.download: [hi] 13115604/30000000 chars, 2600 articles (offset=2600)
2026-08-18 23:20:26,782 [INFO] fourier_embeddings.download: [hi] 13495275/30000000 chars, 2700 articles (offset=2700)
2026-08-18 23:20:28,778 [INFO] fourier_embeddings.download: [hi] 13889361/30000000 chars, 2800 articles (offset=2800)
2026-08-18 23:20:30,845 [INFO] fourier_embeddings.download: [hi] 14199202/30000000 chars, 2900 articles (offset=2900)
2026-08-18 23:20:32,802 [INFO] fourier_embeddings.download: [hi] 14468227/30000000 chars, 3000 articles (offset=3000)
2026-08-18 23:20:34,802 [INFO] fourier_embeddings.download: [hi] 14660661/30000000 chars, 3100 articles (offset=3100)
2026-08-18 23:20:36,586 [INFO] fourier_embeddings.download: [hi] 14728719/30000000 chars, 3200 articles (offset=3200)
2026-08-18 23:20:38,910 [INFO] fourier_embeddings.download: [hi] 14939786/30000000 chars, 3300 articles (offset=3300)
2026-08-18 23:20:40,907 [INFO] fourier_embeddings.download: [hi] 15302588/30000000 chars, 3400 articles (offset=3400)
2026-08-18 23:20:43,059 [INFO] fourier_embeddings.download: [hi] 15761304/30000000 chars, 3500 articles (offset=3500)
2026-08-18 23:20:45,025 [INFO] fourier_embeddings.download: [hi] 16106536/30000000 chars, 3600 articles (offset=3600)
2026-08-18 23:20:47,115 [INFO] fourier_embeddings.download: [hi] 16584858/30000000 chars, 3700 articles (offset=3700)
2026-08-18 23:20:49,092 [INFO] fourier_embeddings.download: [hi] 16888966/30000000 chars, 3800 articles (offset=3800)
2026-08-18 23:20:51,221 [INFO] fourier_embeddings.download: [hi] 17275094/30000000 chars, 3900 articles (offset=3900)
2026-08-18 23:20:53,399 [INFO] fourier_embeddings.download: [hi] 17551620/30000000 chars, 4000 articles (offset=4000)
2026-08-18 23:20:55,329 [INFO] fourier_embeddings.download: [hi] 17852645/30000000 chars, 4100 articles (offset=4100)
2026-08-18 23:20:57,420 [INFO] fourier_embeddings.download: [hi] 18368119/30000000 chars, 4200 articles (offset=4200)
2026-08-18 23:20:59,296 [INFO] fourier_embeddings.download: [hi] 18638297/30000000 chars, 4300 articles (offset=4300)
2026-08-18 23:21:00,820 [INFO] fourier_embeddings.download: [hi] 18656067/30000000 chars, 4400 articles (offset=4400)
2026-08-18 23:21:02,342 [INFO] fourier_embeddings.download: [hi] 18677778/30000000 chars, 4500 articles (offset=4500)
2026-08-18 23:21:04,249 [INFO] fourier_embeddings.download: [hi] 18924834/30000000 chars, 4600 articles (offset=4600)
2026-08-18 23:21:06,107 [INFO] fourier_embeddings.download: [hi] 19096593/30000000 chars, 4700 articles (offset=4700)
2026-08-18 23:21:08,102 [INFO] fourier_embeddings.download: [hi] 19510657/30000000 chars, 4800 articles (offset=4800)
2026-08-18 23:21:10,187 [INFO] fourier_embeddings.download: [hi] 19857804/30000000 chars, 4900 articles (offset=4900)
2026-08-18 23:21:12,197 [INFO] fourier_embeddings.download: [hi] 20343182/30000000 chars, 5000 articles (offset=5000)
2026-08-18 23:21:14,037 [INFO] fourier_embeddings.download: [hi] 20522625/30000000 chars, 5100 articles (offset=5100)
2026-08-18 23:21:14,996 [WARNING] fourier_embeddings.download: fetch failed (HTTP Error 429: Too Many Requests); retrying in 5s (attempt 1/8)
2026-08-18 23:21:20,454 [WARNING] fourier_embeddings.download: fetch failed (HTTP Error 429: Too Many Requests); retrying in 10s (attempt 2/8)
2026-08-18 23:21:30,912 [WARNING] fourier_embeddings.download: fetch failed (HTTP Error 429: Too Many Requests); retrying in 20s (attempt 3/8)
2026-08-18 23:21:52,430 [INFO] fourier_embeddings.download: [hi] 20680727/30000000 chars, 5200 articles (offset=5200)
2026-08-18 23:21:54,353 [INFO] fourier_embeddings.download: [hi] 20838321/30000000 chars, 5300 articles (offset=5300)
2026-08-18 23:21:56,069 [INFO] fourier_embeddings.download: [hi] 20949978/30000000 chars, 5400 articles (offset=5400)
2026-08-18 23:22:05,855 [INFO] fourier_embeddings.download: [hi] 21087512/30000000 chars, 5500 articles (offset=5500)
2026-08-18 23:22:07,611 [INFO] fourier_embeddings.download: [hi] 21212362/30000000 chars, 5600 articles (offset=5600)
2026-08-18 23:22:09,456 [INFO] fourier_embeddings.download: [hi] 21382885/30000000 chars, 5700 articles (offset=5700)
2026-08-18 23:22:11,186 [INFO] fourier_embeddings.download: [hi] 21476328/30000000 chars, 5800 articles (offset=5800)
2026-08-18 23:22:13,080 [INFO] fourier_embeddings.download: [hi] 21708778/30000000 chars, 5900 articles (offset=5900)
2026-08-18 23:22:15,040 [INFO] fourier_embeddings.download: [hi] 21943495/30000000 chars, 6000 articles (offset=6000)
2026-08-18 23:22:17,015 [INFO] fourier_embeddings.download: [hi] 22119467/30000000 chars, 6100 articles (offset=6100)
2026-08-18 23:22:18,642 [INFO] fourier_embeddings.download: [hi] 22171005/30000000 chars, 6200 articles (offset=6200)
2026-08-18 23:22:21,383 [INFO] fourier_embeddings.download: [hi] 22402424/30000000 chars, 6300 articles (offset=6300)
2026-08-18 23:22:23,209 [INFO] fourier_embeddings.download: [hi] 22459386/30000000 chars, 6400 articles (offset=6400)
2026-08-18 23:22:25,054 [INFO] fourier_embeddings.download: [hi] 22533307/30000000 chars, 6500 articles (offset=6500)
2026-08-18 23:22:26,666 [INFO] fourier_embeddings.download: [hi] 22558995/30000000 chars, 6600 articles (offset=6600)
2026-08-18 23:22:28,249 [INFO] fourier_embeddings.download: [hi] 22594690/30000000 chars, 6700 articles (offset=6700)
2026-08-18 23:22:30,817 [INFO] fourier_embeddings.download: [hi] 22621073/30000000 chars, 6800 articles (offset=6800)
2026-08-18 23:22:32,429 [INFO] fourier_embeddings.download: [hi] 22676033/30000000 chars, 6900 articles (offset=6900)
2026-08-18 23:22:34,008 [INFO] fourier_embeddings.download: [hi] 22707342/30000000 chars, 7000 articles (offset=7000)
2026-08-18 23:22:35,532 [INFO] fourier_embeddings.download: [hi] 22733586/30000000 chars, 7100 articles (offset=7100)
2026-08-18 23:23:07,032 [WARNING] fourier_embeddings.download: fetch failed (The read operation timed out); retrying in 1s (attempt 1/8)
2026-08-18 23:23:09,334 [INFO] fourier_embeddings.download: [hi] 22759979/30000000 chars, 7200 articles (offset=7200)
2026-08-18 23:23:11,098 [INFO] fourier_embeddings.download: [hi] 22832723/30000000 chars, 7300 articles (offset=7300)
2026-08-18 23:23:12,594 [INFO] fourier_embeddings.download: [hi] 22858513/30000000 chars, 7400 articles (offset=7400)
2026-08-18 23:23:14,128 [INFO] fourier_embeddings.download: [hi] 22885862/30000000 chars, 7500 articles (offset=7500)
2026-08-18 23:23:15,904 [INFO] fourier_embeddings.download: [hi] 23041755/30000000 chars, 7600 articles (offset=7600)
2026-08-18 23:23:17,669 [INFO] fourier_embeddings.download: [hi] 23123096/30000000 chars, 7700 articles (offset=7700)
2026-08-18 23:23:19,268 [INFO] fourier_embeddings.download: [hi] 23150159/30000000 chars, 7800 articles (offset=7800)
2026-08-18 23:23:20,886 [INFO] fourier_embeddings.download: [hi] 23192934/30000000 chars, 7900 articles (offset=7900)
2026-08-18 23:23:22,369 [INFO] fourier_embeddings.download: [hi] 23214852/30000000 chars, 8000 articles (offset=8000)
2026-08-18 23:23:23,896 [INFO] fourier_embeddings.download: [hi] 23240276/30000000 chars, 8100 articles (offset=8100)
2026-08-18 23:23:34,138 [INFO] fourier_embeddings.download: [hi] 23360352/30000000 chars, 8200 articles (offset=8200)
2026-08-18 23:23:35,877 [INFO] fourier_embeddings.download: [hi] 23475286/30000000 chars, 8300 articles (offset=8300)
2026-08-18 23:23:37,393 [INFO] fourier_embeddings.download: [hi] 23498761/30000000 chars, 8400 articles (offset=8400)
2026-08-18 23:23:38,976 [INFO] fourier_embeddings.download: [hi] 23529842/30000000 chars, 8500 articles (offset=8500)
2026-08-18 23:23:40,676 [INFO] fourier_embeddings.download: [hi] 23636118/30000000 chars, 8600 articles (offset=8600)
2026-08-18 23:23:42,522 [INFO] fourier_embeddings.download: [hi] 23790174/30000000 chars, 8700 articles (offset=8700)
2026-08-18 23:23:44,396 [INFO] fourier_embeddings.download: [hi] 23956931/30000000 chars, 8800 articles (offset=8800)
2026-08-18 23:23:46,219 [INFO] fourier_embeddings.download: [hi] 24111382/30000000 chars, 8900 articles (offset=8900)
2026-08-18 23:23:48,096 [INFO] fourier_embeddings.download: [hi] 24288156/30000000 chars, 9000 articles (offset=9000)
2026-08-18 23:23:50,210 [INFO] fourier_embeddings.download: [hi] 24463895/30000000 chars, 9100 articles (offset=9100)
2026-08-18 23:24:18,071 [INFO] fourier_embeddings.download: [hi] 24534472/30000000 chars, 9200 articles (offset=9200)
2026-08-18 23:24:20,008 [INFO] fourier_embeddings.download: [hi] 24621973/30000000 chars, 9300 articles (offset=9300)
2026-08-18 23:24:21,758 [INFO] fourier_embeddings.download: [hi] 24710293/30000000 chars, 9400 articles (offset=9400)
2026-08-18 23:24:27,227 [INFO] fourier_embeddings.download: [hi] 24994239/30000000 chars, 9500 articles (offset=9500)
2026-08-18 23:24:29,090 [INFO] fourier_embeddings.download: [hi] 25147568/30000000 chars, 9600 articles (offset=9600)
2026-08-18 23:24:30,984 [INFO] fourier_embeddings.download: [hi] 25321664/30000000 chars, 9700 articles (offset=9700)
2026-08-18 23:25:01,856 [WARNING] fourier_embeddings.download: fetch failed (The read operation timed out); retrying in 1s (attempt 1/8)
2026-08-18 23:25:04,223 [INFO] fourier_embeddings.download: [hi] 25464452/30000000 chars, 9800 articles (offset=9800)
2026-08-18 23:25:05,991 [INFO] fourier_embeddings.download: [hi] 25551951/30000000 chars, 9900 articles (offset=9900)
2026-08-18 23:25:11,825 [WARNING] fourier_embeddings.download: fetch failed (HTTP Error 502: Bad Gateway); retrying in 1s (attempt 1/8)
2026-08-18 23:25:44,655 [WARNING] fourier_embeddings.download: fetch failed (The read operation timed out); retrying in 2s (attempt 2/8)
2026-08-18 23:25:48,164 [INFO] fourier_embeddings.download: [hi] 25771395/30000000 chars, 10000 articles (offset=10000)
2026-08-18 23:25:50,119 [INFO] fourier_embeddings.download: [hi] 26015395/30000000 chars, 10100 articles (offset=10100)
2026-08-18 23:25:52,040 [INFO] fourier_embeddings.download: [hi] 26212908/30000000 chars, 10200 articles (offset=10200)
2026-08-18 23:25:53,962 [INFO] fourier_embeddings.download: [hi] 26430219/30000000 chars, 10300 articles (offset=10300)
2026-08-18 23:25:55,862 [INFO] fourier_embeddings.download: [hi] 26676691/30000000 chars, 10400 articles (offset=10400)
2026-08-18 23:25:57,787 [INFO] fourier_embeddings.download: [hi] 26907927/30000000 chars, 10500 articles (offset=10500)
2026-08-18 23:25:59,511 [INFO] fourier_embeddings.download: [hi] 27001059/30000000 chars, 10600 articles (offset=10600)
2026-08-18 23:26:01,237 [INFO] fourier_embeddings.download: [hi] 27144325/30000000 chars, 10700 articles (offset=10700)
2026-08-18 23:26:03,052 [INFO] fourier_embeddings.download: [hi] 27353134/30000000 chars, 10800 articles (offset=10800)
2026-08-18 23:26:33,924 [WARNING] fourier_embeddings.download: fetch failed (The read operation timed out); retrying in 1s (attempt 1/8)
2026-08-18 23:26:36,405 [INFO] fourier_embeddings.download: [hi] 27552447/30000000 chars, 10900 articles (offset=10900)
2026-08-18 23:26:39,159 [INFO] fourier_embeddings.download: [hi] 27685403/30000000 chars, 11000 articles (offset=11000)
2026-08-18 23:26:41,070 [INFO] fourier_embeddings.download: [hi] 27826566/30000000 chars, 11100 articles (offset=11100)
2026-08-18 23:27:12,895 [WARNING] fourier_embeddings.download: fetch failed (The read operation timed out); retrying in 1s (attempt 1/8)
2026-08-18 23:27:15,416 [INFO] fourier_embeddings.download: [hi] 27943541/30000000 chars, 11200 articles (offset=11200)
2026-08-18 23:27:41,513 [INFO] fourier_embeddings.download: [hi] 28146318/30000000 chars, 11300 articles (offset=11300)
2026-08-18 23:27:43,545 [INFO] fourier_embeddings.download: [hi] 28275208/30000000 chars, 11400 articles (offset=11400)
2026-08-18 23:27:48,012 [INFO] fourier_embeddings.download: [hi] 28537294/30000000 chars, 11500 articles (offset=11500)
2026-08-18 23:27:49,919 [INFO] fourier_embeddings.download: [hi] 28729382/30000000 chars, 11600 articles (offset=11600)
2026-08-18 23:27:51,575 [INFO] fourier_embeddings.download: [hi] 28757591/30000000 chars, 11700 articles (offset=11700)
2026-08-18 23:27:53,323 [INFO] fourier_embeddings.download: [hi] 28883965/30000000 chars, 11800 articles (offset=11800)
2026-08-18 23:28:00,915 [INFO] fourier_embeddings.download: [hi] 29151569/30000000 chars, 11900 articles (offset=11900)
2026-08-18 23:28:03,022 [INFO] fourier_embeddings.download: [hi] 29458444/30000000 chars, 12000 articles (offset=12000)
2026-08-18 23:28:05,912 [INFO] fourier_embeddings.download: [hi] 29600733/30000000 chars, 12100 articles (offset=12100)
2026-08-18 23:28:07,944 [INFO] fourier_embeddings.download: [hi] 29937165/30000000 chars, 12200 articles (offset=12200)
2026-08-18 23:28:09,804 [INFO] fourier_embeddings.download: [hi] 30137682/30000000 chars, 12300 articles (offset=12300)
2026-08-18 23:28:10,305 [INFO] fourier_embeddings.download: [hi] done: {'lang': 'hi', 'chars': 30137682, 'articles': 12300, 'path': 'data_raw/hi.txt', 'complete': True, 'error': None}
2026-08-18 23:28:10,305 [INFO] fourier_embeddings.download: downloading te -> data_raw/te.txt (target ~30.0MB)
2026-08-18 23:28:13,313 [INFO] fourier_embeddings.download: [te] 664306/30000000 chars, 100 articles (offset=100)
2026-08-18 23:28:16,682 [INFO] fourier_embeddings.download: [te] 1479192/30000000 chars, 200 articles (offset=200)
2026-08-18 23:28:19,678 [INFO] fourier_embeddings.download: [te] 2576905/30000000 chars, 300 articles (offset=300)
2026-08-18 23:28:22,146 [INFO] fourier_embeddings.download: [te] 3153666/30000000 chars, 400 articles (offset=400)
2026-08-18 23:28:24,623 [INFO] fourier_embeddings.download: [te] 3779164/30000000 chars, 500 articles (offset=500)
2026-08-18 23:28:26,720 [INFO] fourier_embeddings.download: [te] 4166787/30000000 chars, 600 articles (offset=600)
2026-08-18 23:28:29,170 [INFO] fourier_embeddings.download: [te] 4692408/30000000 chars, 700 articles (offset=700)
2026-08-18 23:28:31,512 [INFO] fourier_embeddings.download: [te] 4941604/30000000 chars, 800 articles (offset=800)
2026-08-18 23:28:33,481 [INFO] fourier_embeddings.download: [te] 5201343/30000000 chars, 900 articles (offset=900)
2026-08-18 23:28:35,749 [INFO] fourier_embeddings.download: [te] 5493761/30000000 chars, 1000 articles (offset=1000)
2026-08-18 23:28:37,674 [INFO] fourier_embeddings.download: [te] 5690552/30000000 chars, 1100 articles (offset=1100)
2026-08-18 23:28:39,588 [INFO] fourier_embeddings.download: [te] 5987585/30000000 chars, 1200 articles (offset=1200)
2026-08-18 23:28:41,834 [INFO] fourier_embeddings.download: [te] 6508941/30000000 chars, 1300 articles (offset=1300)
2026-08-18 23:28:43,971 [INFO] fourier_embeddings.download: [te] 7010166/30000000 chars, 1400 articles (offset=1400)
2026-08-18 23:28:46,134 [INFO] fourier_embeddings.download: [te] 7540250/30000000 chars, 1500 articles (offset=1500)
2026-08-18 23:28:48,326 [INFO] fourier_embeddings.download: [te] 8156731/30000000 chars, 1600 articles (offset=1600)
2026-08-18 23:28:50,819 [INFO] fourier_embeddings.download: [te] 8872720/30000000 chars, 1700 articles (offset=1700)
2026-08-18 23:28:53,326 [INFO] fourier_embeddings.download: [te] 9291027/30000000 chars, 1800 articles (offset=1800)
2026-08-18 23:28:55,345 [INFO] fourier_embeddings.download: [te] 9641219/30000000 chars, 1900 articles (offset=1900)
2026-08-18 23:28:56,302 [WARNING] fourier_embeddings.download: fetch failed (HTTP Error 429: Too Many Requests); retrying in 5s (attempt 1/8)
2026-08-18 23:29:01,759 [WARNING] fourier_embeddings.download: fetch failed (HTTP Error 429: Too Many Requests); retrying in 10s (attempt 2/8)
2026-08-18 23:29:12,222 [WARNING] fourier_embeddings.download: fetch failed (HTTP Error 429: Too Many Requests); retrying in 20s (attempt 3/8)
2026-08-18 23:29:32,797 [WARNING] fourier_embeddings.download: fetch failed (HTTP Error 429: Too Many Requests); retrying in 40s (attempt 4/8)
2026-08-18 23:30:14,379 [INFO] fourier_embeddings.download: [te] 9882622/30000000 chars, 2000 articles (offset=2000)
2026-08-18 23:30:16,718 [INFO] fourier_embeddings.download: [te] 10331980/30000000 chars, 2100 articles (offset=2100)
2026-08-18 23:30:18,886 [INFO] fourier_embeddings.download: [te] 10834153/30000000 chars, 2200 articles (offset=2200)
2026-08-18 23:30:21,056 [INFO] fourier_embeddings.download: [te] 11218830/30000000 chars, 2300 articles (offset=2300)
2026-08-18 23:30:24,700 [INFO] fourier_embeddings.download: [te] 11656357/30000000 chars, 2400 articles (offset=2400)
2026-08-18 23:30:27,325 [INFO] fourier_embeddings.download: [te] 12032921/30000000 chars, 2500 articles (offset=2500)
2026-08-18 23:30:59,595 [WARNING] fourier_embeddings.download: fetch failed (The read operation timed out); retrying in 1s (attempt 1/8)
2026-08-18 23:31:02,492 [INFO] fourier_embeddings.download: [te] 12413236/30000000 chars, 2600 articles (offset=2600)
2026-08-18 23:31:04,542 [INFO] fourier_embeddings.download: [te] 12736555/30000000 chars, 2700 articles (offset=2700)
2026-08-18 23:31:06,700 [INFO] fourier_embeddings.download: [te] 13081798/30000000 chars, 2800 articles (offset=2800)
2026-08-18 23:31:08,631 [INFO] fourier_embeddings.download: [te] 13246068/30000000 chars, 2900 articles (offset=2900)
2026-08-18 23:31:10,909 [INFO] fourier_embeddings.download: [te] 13425928/30000000 chars, 3000 articles (offset=3000)
2026-08-18 23:31:42,964 [WARNING] fourier_embeddings.download: fetch failed (The read operation timed out); retrying in 1s (attempt 1/8)
2026-08-18 23:31:45,547 [INFO] fourier_embeddings.download: [te] 13563312/30000000 chars, 3100 articles (offset=3100)
2026-08-18 23:31:47,630 [INFO] fourier_embeddings.download: [te] 13707233/30000000 chars, 3200 articles (offset=3200)
2026-08-18 23:31:49,555 [INFO] fourier_embeddings.download: [te] 13860157/30000000 chars, 3300 articles (offset=3300)
2026-08-18 23:31:51,480 [INFO] fourier_embeddings.download: [te] 13997389/30000000 chars, 3400 articles (offset=3400)
2026-08-18 23:31:53,343 [INFO] fourier_embeddings.download: [te] 14157459/30000000 chars, 3500 articles (offset=3500)
2026-08-18 23:31:55,557 [INFO] fourier_embeddings.download: [te] 14304857/30000000 chars, 3600 articles (offset=3600)
2026-08-18 23:31:57,479 [INFO] fourier_embeddings.download: [te] 14482821/30000000 chars, 3700 articles (offset=3700)
2026-08-18 23:31:59,364 [INFO] fourier_embeddings.download: [te] 14618229/30000000 chars, 3800 articles (offset=3800)
2026-08-18 23:32:01,353 [INFO] fourier_embeddings.download: [te] 14769409/30000000 chars, 3900 articles (offset=3900)
2026-08-18 23:32:03,399 [INFO] fourier_embeddings.download: [te] 14918787/30000000 chars, 4000 articles (offset=4000)
2026-08-18 23:32:05,347 [INFO] fourier_embeddings.download: [te] 15087796/30000000 chars, 4100 articles (offset=4100)
2026-08-18 23:32:07,186 [INFO] fourier_embeddings.download: [te] 15232939/30000000 chars, 4200 articles (offset=4200)
2026-08-18 23:32:09,043 [INFO] fourier_embeddings.download: [te] 15380497/30000000 chars, 4300 articles (offset=4300)
2026-08-18 23:32:10,886 [INFO] fourier_embeddings.download: [te] 15548673/30000000 chars, 4400 articles (offset=4400)
2026-08-18 23:32:12,740 [INFO] fourier_embeddings.download: [te] 15703833/30000000 chars, 4500 articles (offset=4500)
2026-08-18 23:32:14,618 [INFO] fourier_embeddings.download: [te] 15841205/30000000 chars, 4600 articles (offset=4600)
2026-08-18 23:32:16,493 [INFO] fourier_embeddings.download: [te] 16048428/30000000 chars, 4700 articles (offset=4700)
2026-08-18 23:32:18,897 [INFO] fourier_embeddings.download: [te] 16198668/30000000 chars, 4800 articles (offset=4800)
2026-08-18 23:32:20,611 [INFO] fourier_embeddings.download: [te] 16335425/30000000 chars, 4900 articles (offset=4900)
2026-08-18 23:32:22,439 [INFO] fourier_embeddings.download: [te] 16467356/30000000 chars, 5000 articles (offset=5000)
2026-08-18 23:32:24,154 [INFO] fourier_embeddings.download: [te] 16611276/30000000 chars, 5100 articles (offset=5100)
2026-08-18 23:32:25,984 [INFO] fourier_embeddings.download: [te] 16766358/30000000 chars, 5200 articles (offset=5200)
2026-08-18 23:32:27,804 [INFO] fourier_embeddings.download: [te] 16937577/30000000 chars, 5300 articles (offset=5300)
2026-08-18 23:32:29,652 [INFO] fourier_embeddings.download: [te] 17075681/30000000 chars, 5400 articles (offset=5400)
2026-08-18 23:32:32,050 [INFO] fourier_embeddings.download: [te] 17339281/30000000 chars, 5500 articles (offset=5500)
2026-08-18 23:32:34,507 [INFO] fourier_embeddings.download: [te] 17689003/30000000 chars, 5600 articles (offset=5600)
2026-08-18 23:32:36,507 [INFO] fourier_embeddings.download: [te] 18011229/30000000 chars, 5700 articles (offset=5700)
2026-08-18 23:32:38,477 [INFO] fourier_embeddings.download: [te] 18360133/30000000 chars, 5800 articles (offset=5800)
2026-08-18 23:32:40,500 [INFO] fourier_embeddings.download: [te] 18693521/30000000 chars, 5900 articles (offset=5900)
2026-08-18 23:32:42,837 [INFO] fourier_embeddings.download: [te] 19053517/30000000 chars, 6000 articles (offset=6000)
2026-08-18 23:32:45,007 [INFO] fourier_embeddings.download: [te] 19433556/30000000 chars, 6100 articles (offset=6100)
2026-08-18 23:32:45,962 [WARNING] fourier_embeddings.download: fetch failed (HTTP Error 429: Too Many Requests); retrying in 5s (attempt 1/8)
2026-08-18 23:32:51,419 [WARNING] fourier_embeddings.download: fetch failed (HTTP Error 429: Too Many Requests); retrying in 10s (attempt 2/8)
2026-08-18 23:33:01,876 [WARNING] fourier_embeddings.download: fetch failed (HTTP Error 429: Too Many Requests); retrying in 20s (attempt 3/8)
2026-08-18 23:33:22,451 [WARNING] fourier_embeddings.download: fetch failed (HTTP Error 429: Too Many Requests); retrying in 40s (attempt 4/8)
2026-08-18 23:34:04,139 [INFO] fourier_embeddings.download: [te] 19806996/30000000 chars, 6200 articles (offset=6200)
2026-08-18 23:34:06,223 [INFO] fourier_embeddings.download: [te] 20190873/30000000 chars, 6300 articles (offset=6300)
2026-08-18 23:34:08,405 [INFO] fourier_embeddings.download: [te] 20562861/30000000 chars, 6400 articles (offset=6400)
2026-08-18 23:34:11,151 [INFO] fourier_embeddings.download: [te] 20929078/30000000 chars, 6500 articles (offset=6500)
2026-08-18 23:34:13,247 [INFO] fourier_embeddings.download: [te] 21308379/30000000 chars, 6600 articles (offset=6600)
2026-08-18 23:34:15,442 [INFO] fourier_embeddings.download: [te] 21720958/30000000 chars, 6700 articles (offset=6700)
2026-08-18 23:34:17,851 [INFO] fourier_embeddings.download: [te] 22135229/30000000 chars, 6800 articles (offset=6800)
2026-08-18 23:34:36,258 [INFO] fourier_embeddings.download: [te] 22558804/30000000 chars, 6900 articles (offset=6900)
2026-08-18 23:34:38,592 [INFO] fourier_embeddings.download: [te] 22953016/30000000 chars, 7000 articles (offset=7000)
2026-08-18 23:34:41,526 [INFO] fourier_embeddings.download: [te] 23340113/30000000 chars, 7100 articles (offset=7100)
2026-08-18 23:34:43,973 [INFO] fourier_embeddings.download: [te] 23689093/30000000 chars, 7200 articles (offset=7200)
2026-08-18 23:34:46,072 [INFO] fourier_embeddings.download: [te] 24051558/30000000 chars, 7300 articles (offset=7300)
2026-08-18 23:34:48,163 [INFO] fourier_embeddings.download: [te] 24442813/30000000 chars, 7400 articles (offset=7400)
2026-08-18 23:34:50,245 [INFO] fourier_embeddings.download: [te] 24817477/30000000 chars, 7500 articles (offset=7500)
2026-08-18 23:34:52,263 [INFO] fourier_embeddings.download: [te] 25198258/30000000 chars, 7600 articles (offset=7600)
2026-08-18 23:34:54,380 [INFO] fourier_embeddings.download: [te] 25490452/30000000 chars, 7700 articles (offset=7700)
2026-08-18 23:34:56,252 [INFO] fourier_embeddings.download: [te] 25651714/30000000 chars, 7800 articles (offset=7800)
2026-08-18 23:34:58,266 [INFO] fourier_embeddings.download: [te] 26004431/30000000 chars, 7900 articles (offset=7900)
2026-08-18 23:35:00,329 [INFO] fourier_embeddings.download: [te] 26409459/30000000 chars, 8000 articles (offset=8000)
2026-08-18 23:35:02,510 [INFO] fourier_embeddings.download: [te] 26850941/30000000 chars, 8100 articles (offset=8100)
2026-08-18 23:35:04,634 [INFO] fourier_embeddings.download: [te] 27247503/30000000 chars, 8200 articles (offset=8200)
2026-08-18 23:35:06,906 [INFO] fourier_embeddings.download: [te] 27626455/30000000 chars, 8300 articles (offset=8300)
2026-08-18 23:35:08,930 [INFO] fourier_embeddings.download: [te] 28000186/30000000 chars, 8400 articles (offset=8400)
2026-08-18 23:35:10,929 [INFO] fourier_embeddings.download: [te] 28411646/30000000 chars, 8500 articles (offset=8500)
2026-08-18 23:35:12,986 [INFO] fourier_embeddings.download: [te] 28814156/30000000 chars, 8600 articles (offset=8600)
2026-08-18 23:35:15,208 [INFO] fourier_embeddings.download: [te] 29182344/30000000 chars, 8700 articles (offset=8700)
2026-08-18 23:35:17,214 [INFO] fourier_embeddings.download: [te] 29580196/30000000 chars, 8800 articles (offset=8800)
2026-08-18 23:35:19,207 [INFO] fourier_embeddings.download: [te] 29975273/30000000 chars, 8900 articles (offset=8900)
2026-08-18 23:35:21,528 [INFO] fourier_embeddings.download: [te] 30373827/30000000 chars, 9000 articles (offset=9000)
2026-08-18 23:35:22,029 [INFO] fourier_embeddings.download: [te] done: {'lang': 'te', 'chars': 30373827, 'articles': 9000, 'path': 'data_raw/te.txt', 'complete': True, 'error': None}
2026-08-18 23:35:22,029 [INFO] fourier_embeddings.download: downloading ta -> data_raw/ta.txt (target ~30.0MB)
2026-08-18 23:35:27,065 [INFO] fourier_embeddings.download: [ta] 582608/30000000 chars, 100 articles (offset=100)
2026-08-18 23:35:50,646 [INFO] fourier_embeddings.download: [ta] 1164257/30000000 chars, 200 articles (offset=200)
2026-08-18 23:35:51,720 [WARNING] fourier_embeddings.download: fetch failed (HTTP Error 429: Too Many Requests); retrying in 5s (attempt 1/8)
2026-08-18 23:35:57,177 [WARNING] fourier_embeddings.download: fetch failed (HTTP Error 429: Too Many Requests); retrying in 10s (attempt 2/8)
2026-08-18 23:36:09,350 [INFO] fourier_embeddings.download: [ta] 1812220/30000000 chars, 300 articles (offset=300)
2026-08-18 23:36:15,013 [INFO] fourier_embeddings.download: [ta] 2309002/30000000 chars, 400 articles (offset=400)
2026-08-18 23:36:18,090 [INFO] fourier_embeddings.download: [ta] 3066584/30000000 chars, 500 articles (offset=500)
2026-08-18 23:36:20,631 [INFO] fourier_embeddings.download: [ta] 3634188/30000000 chars, 600 articles (offset=600)
2026-08-18 23:36:23,135 [INFO] fourier_embeddings.download: [ta] 4497845/30000000 chars, 700 articles (offset=700)
2026-08-18 23:36:26,130 [INFO] fourier_embeddings.download: [ta] 5150636/30000000 chars, 800 articles (offset=800)
2026-08-18 23:36:28,642 [INFO] fourier_embeddings.download: [ta] 5613832/30000000 chars, 900 articles (offset=900)
2026-08-18 23:36:30,924 [INFO] fourier_embeddings.download: [ta] 6178047/30000000 chars, 1000 articles (offset=1000)
2026-08-18 23:36:33,273 [INFO] fourier_embeddings.download: [ta] 6890499/30000000 chars, 1100 articles (offset=1100)
2026-08-18 23:36:40,978 [INFO] fourier_embeddings.download: [ta] 7662013/30000000 chars, 1200 articles (offset=1200)
2026-08-18 23:36:43,056 [INFO] fourier_embeddings.download: [ta] 7980615/30000000 chars, 1300 articles (offset=1300)
2026-08-18 23:36:45,536 [INFO] fourier_embeddings.download: [ta] 8475687/30000000 chars, 1400 articles (offset=1400)
2026-08-18 23:36:47,978 [INFO] fourier_embeddings.download: [ta] 8907785/30000000 chars, 1500 articles (offset=1500)
2026-08-18 23:36:50,805 [INFO] fourier_embeddings.download: [ta] 9468425/30000000 chars, 1600 articles (offset=1600)
2026-08-18 23:36:53,043 [INFO] fourier_embeddings.download: [ta] 9961189/30000000 chars, 1700 articles (offset=1700)
2026-08-18 23:36:55,397 [INFO] fourier_embeddings.download: [ta] 10296269/30000000 chars, 1800 articles (offset=1800)
2026-08-18 23:36:57,670 [INFO] fourier_embeddings.download: [ta] 10644202/30000000 chars, 1900 articles (offset=1900)
2026-08-18 23:36:59,867 [INFO] fourier_embeddings.download: [ta] 10871035/30000000 chars, 2000 articles (offset=2000)
2026-08-18 23:37:02,110 [INFO] fourier_embeddings.download: [ta] 11147756/30000000 chars, 2100 articles (offset=2100)
2026-08-18 23:37:04,264 [INFO] fourier_embeddings.download: [ta] 11393064/30000000 chars, 2200 articles (offset=2200)
2026-08-18 23:37:06,643 [INFO] fourier_embeddings.download: [ta] 11685893/30000000 chars, 2300 articles (offset=2300)
2026-08-18 23:37:08,785 [INFO] fourier_embeddings.download: [ta] 11954080/30000000 chars, 2400 articles (offset=2400)
2026-08-18 23:37:10,911 [INFO] fourier_embeddings.download: [ta] 12177089/30000000 chars, 2500 articles (offset=2500)
2026-08-18 23:37:13,077 [INFO] fourier_embeddings.download: [ta] 12594204/30000000 chars, 2600 articles (offset=2600)
2026-08-18 23:37:15,338 [INFO] fourier_embeddings.download: [ta] 13073385/30000000 chars, 2700 articles (offset=2700)
2026-08-18 23:37:17,461 [INFO] fourier_embeddings.download: [ta] 13265981/30000000 chars, 2800 articles (offset=2800)
2026-08-18 23:37:19,659 [INFO] fourier_embeddings.download: [ta] 13630728/30000000 chars, 2900 articles (offset=2900)
2026-08-18 23:37:21,969 [INFO] fourier_embeddings.download: [ta] 13990474/30000000 chars, 3000 articles (offset=3000)
2026-08-18 23:37:24,238 [INFO] fourier_embeddings.download: [ta] 14377930/30000000 chars, 3100 articles (offset=3100)
2026-08-18 23:37:25,193 [WARNING] fourier_embeddings.download: fetch failed (HTTP Error 429: Too Many Requests); retrying in 5s (attempt 1/8)
2026-08-18 23:37:30,649 [WARNING] fourier_embeddings.download: fetch failed (HTTP Error 429: Too Many Requests); retrying in 10s (attempt 2/8)
2026-08-18 23:37:41,106 [WARNING] fourier_embeddings.download: fetch failed (HTTP Error 429: Too Many Requests); retrying in 20s (attempt 3/8)
2026-08-18 23:38:02,936 [INFO] fourier_embeddings.download: [ta] 14735871/30000000 chars, 3200 articles (offset=3200)
2026-08-18 23:38:05,174 [INFO] fourier_embeddings.download: [ta] 14970577/30000000 chars, 3300 articles (offset=3300)
2026-08-18 23:38:07,598 [INFO] fourier_embeddings.download: [ta] 15378949/30000000 chars, 3400 articles (offset=3400)
2026-08-18 23:38:09,845 [INFO] fourier_embeddings.download: [ta] 15730461/30000000 chars, 3500 articles (offset=3500)
2026-08-18 23:38:12,020 [INFO] fourier_embeddings.download: [ta] 16121431/30000000 chars, 3600 articles (offset=3600)
2026-08-18 23:38:14,602 [INFO] fourier_embeddings.download: [ta] 16382111/30000000 chars, 3700 articles (offset=3700)
2026-08-18 23:38:16,678 [INFO] fourier_embeddings.download: [ta] 16683590/30000000 chars, 3800 articles (offset=3800)
2026-08-18 23:38:18,880 [INFO] fourier_embeddings.download: [ta] 16922832/30000000 chars, 3900 articles (offset=3900)
2026-08-18 23:38:53,235 [WARNING] fourier_embeddings.download: fetch failed (The read operation timed out); retrying in 1s (attempt 1/8)
2026-08-18 23:38:55,985 [INFO] fourier_embeddings.download: [ta] 17222583/30000000 chars, 4000 articles (offset=4000)
2026-08-18 23:38:58,990 [INFO] fourier_embeddings.download: [ta] 17627617/30000000 chars, 4100 articles (offset=4100)
2026-08-18 23:39:01,068 [INFO] fourier_embeddings.download: [ta] 17903120/30000000 chars, 4200 articles (offset=4200)
2026-08-18 23:39:03,149 [INFO] fourier_embeddings.download: [ta] 18104977/30000000 chars, 4300 articles (offset=4300)
2026-08-18 23:39:05,637 [INFO] fourier_embeddings.download: [ta] 18407255/30000000 chars, 4400 articles (offset=4400)
2026-08-18 23:39:07,719 [INFO] fourier_embeddings.download: [ta] 18708140/30000000 chars, 4500 articles (offset=4500)
2026-08-18 23:39:19,991 [INFO] fourier_embeddings.download: [ta] 18956831/30000000 chars, 4600 articles (offset=4600)
2026-08-18 23:39:22,216 [INFO] fourier_embeddings.download: [ta] 19257009/30000000 chars, 4700 articles (offset=4700)
2026-08-18 23:39:24,455 [INFO] fourier_embeddings.download: [ta] 19429047/30000000 chars, 4800 articles (offset=4800)
2026-08-18 23:39:26,496 [INFO] fourier_embeddings.download: [ta] 19708098/30000000 chars, 4900 articles (offset=4900)
2026-08-18 23:39:28,439 [INFO] fourier_embeddings.download: [ta] 19866227/30000000 chars, 5000 articles (offset=5000)
2026-08-18 23:39:30,408 [INFO] fourier_embeddings.download: [ta] 20117337/30000000 chars, 5100 articles (offset=5100)
2026-08-18 23:39:32,468 [INFO] fourier_embeddings.download: [ta] 20370409/30000000 chars, 5200 articles (offset=5200)
2026-08-18 23:39:34,524 [INFO] fourier_embeddings.download: [ta] 20636702/30000000 chars, 5300 articles (offset=5300)
2026-08-18 23:39:36,523 [INFO] fourier_embeddings.download: [ta] 20858944/30000000 chars, 5400 articles (offset=5400)
2026-08-18 23:39:38,617 [INFO] fourier_embeddings.download: [ta] 21062438/30000000 chars, 5500 articles (offset=5500)
2026-08-18 23:39:40,550 [INFO] fourier_embeddings.download: [ta] 21219607/30000000 chars, 5600 articles (offset=5600)
2026-08-18 23:39:42,412 [INFO] fourier_embeddings.download: [ta] 21372340/30000000 chars, 5700 articles (offset=5700)
2026-08-18 23:39:44,246 [INFO] fourier_embeddings.download: [ta] 21508927/30000000 chars, 5800 articles (offset=5800)
2026-08-18 23:39:46,386 [INFO] fourier_embeddings.download: [ta] 21719091/30000000 chars, 5900 articles (offset=5900)
2026-08-18 23:39:48,321 [INFO] fourier_embeddings.download: [ta] 21908101/30000000 chars, 6000 articles (offset=6000)
2026-08-18 23:39:57,080 [INFO] fourier_embeddings.download: [ta] 22119955/30000000 chars, 6100 articles (offset=6100)
2026-08-18 23:39:59,159 [INFO] fourier_embeddings.download: [ta] 22501284/30000000 chars, 6200 articles (offset=6200)
2026-08-18 23:40:01,087 [INFO] fourier_embeddings.download: [ta] 22688238/30000000 chars, 6300 articles (offset=6300)
2026-08-18 23:40:03,222 [INFO] fourier_embeddings.download: [ta] 22983606/30000000 chars, 6400 articles (offset=6400)
2026-08-18 23:40:05,440 [INFO] fourier_embeddings.download: [ta] 23244809/30000000 chars, 6500 articles (offset=6500)
2026-08-18 23:40:07,663 [INFO] fourier_embeddings.download: [ta] 23534002/30000000 chars, 6600 articles (offset=6600)
2026-08-18 23:40:09,797 [INFO] fourier_embeddings.download: [ta] 23800288/30000000 chars, 6700 articles (offset=6700)
2026-08-18 23:40:11,830 [INFO] fourier_embeddings.download: [ta] 24032175/30000000 chars, 6800 articles (offset=6800)
2026-08-18 23:40:17,192 [INFO] fourier_embeddings.download: [ta] 24199671/30000000 chars, 6900 articles (offset=6900)
2026-08-18 23:40:19,180 [INFO] fourier_embeddings.download: [ta] 24306996/30000000 chars, 7000 articles (offset=7000)
2026-08-18 23:40:20,136 [WARNING] fourier_embeddings.download: fetch failed (HTTP Error 429: Too Many Requests); retrying in 5s (attempt 1/8)
2026-08-18 23:40:25,592 [WARNING] fourier_embeddings.download: fetch failed (HTTP Error 429: Too Many Requests); retrying in 10s (attempt 2/8)
2026-08-18 23:40:36,049 [WARNING] fourier_embeddings.download: fetch failed (HTTP Error 429: Too Many Requests); retrying in 20s (attempt 3/8)
2026-08-18 23:40:58,259 [INFO] fourier_embeddings.download: [ta] 24416419/30000000 chars, 7100 articles (offset=7100)
2026-08-18 23:41:00,252 [INFO] fourier_embeddings.download: [ta] 24525036/30000000 chars, 7200 articles (offset=7200)
2026-08-18 23:41:02,155 [INFO] fourier_embeddings.download: [ta] 24578818/30000000 chars, 7300 articles (offset=7300)
2026-08-18 23:41:04,204 [INFO] fourier_embeddings.download: [ta] 24804072/30000000 chars, 7400 articles (offset=7400)
2026-08-18 23:41:06,069 [INFO] fourier_embeddings.download: [ta] 24921131/30000000 chars, 7500 articles (offset=7500)
2026-08-18 23:41:08,440 [INFO] fourier_embeddings.download: [ta] 24984363/30000000 chars, 7600 articles (offset=7600)
2026-08-18 23:41:10,260 [INFO] fourier_embeddings.download: [ta] 25042124/30000000 chars, 7700 articles (offset=7700)
2026-08-18 23:41:12,095 [INFO] fourier_embeddings.download: [ta] 25091684/30000000 chars, 7800 articles (offset=7800)
2026-08-18 23:41:14,172 [INFO] fourier_embeddings.download: [ta] 25158093/30000000 chars, 7900 articles (offset=7900)
2026-08-18 23:41:16,354 [INFO] fourier_embeddings.download: [ta] 25544376/30000000 chars, 8000 articles (offset=8000)
2026-08-18 23:41:18,556 [INFO] fourier_embeddings.download: [ta] 25915246/30000000 chars, 8100 articles (offset=8100)
2026-08-18 23:41:20,488 [INFO] fourier_embeddings.download: [ta] 26147867/30000000 chars, 8200 articles (offset=8200)
2026-08-18 23:41:22,577 [INFO] fourier_embeddings.download: [ta] 26473239/30000000 chars, 8300 articles (offset=8300)
2026-08-18 23:41:24,778 [INFO] fourier_embeddings.download: [ta] 26705742/30000000 chars, 8400 articles (offset=8400)
2026-08-18 23:41:26,427 [INFO] fourier_embeddings.download: [ta] 26762245/30000000 chars, 8500 articles (offset=8500)
2026-08-18 23:41:28,204 [INFO] fourier_embeddings.download: [ta] 26821649/30000000 chars, 8600 articles (offset=8600)
2026-08-18 23:41:30,027 [INFO] fourier_embeddings.download: [ta] 26891703/30000000 chars, 8700 articles (offset=8700)
2026-08-18 23:41:31,862 [INFO] fourier_embeddings.download: [ta] 26993927/30000000 chars, 8800 articles (offset=8800)
2026-08-18 23:41:33,687 [INFO] fourier_embeddings.download: [ta] 27068419/30000000 chars, 8900 articles (offset=8900)
2026-08-18 23:41:35,516 [INFO] fourier_embeddings.download: [ta] 27141040/30000000 chars, 9000 articles (offset=9000)
2026-08-18 23:41:37,351 [INFO] fourier_embeddings.download: [ta] 27224703/30000000 chars, 9100 articles (offset=9100)
2026-08-18 23:41:39,153 [INFO] fourier_embeddings.download: [ta] 27302788/30000000 chars, 9200 articles (offset=9200)
2026-08-18 23:41:40,905 [INFO] fourier_embeddings.download: [ta] 27398931/30000000 chars, 9300 articles (offset=9300)
2026-08-18 23:41:42,811 [INFO] fourier_embeddings.download: [ta] 27647272/30000000 chars, 9400 articles (offset=9400)
2026-08-18 23:41:44,796 [INFO] fourier_embeddings.download: [ta] 27765716/30000000 chars, 9500 articles (offset=9500)
2026-08-18 23:41:46,582 [INFO] fourier_embeddings.download: [ta] 27866181/30000000 chars, 9600 articles (offset=9600)
2026-08-18 23:41:48,292 [INFO] fourier_embeddings.download: [ta] 27956662/30000000 chars, 9700 articles (offset=9700)
2026-08-18 23:41:49,953 [INFO] fourier_embeddings.download: [ta] 28016282/30000000 chars, 9800 articles (offset=9800)
2026-08-18 23:41:51,839 [INFO] fourier_embeddings.download: [ta] 28213796/30000000 chars, 9900 articles (offset=9900)
2026-08-18 23:41:53,913 [INFO] fourier_embeddings.download: [ta] 28511786/30000000 chars, 10000 articles (offset=10000)
2026-08-18 23:41:56,092 [INFO] fourier_embeddings.download: [ta] 28827523/30000000 chars, 10100 articles (offset=10100)
2026-08-18 23:41:57,967 [INFO] fourier_embeddings.download: [ta] 29093102/30000000 chars, 10200 articles (offset=10200)
2026-08-18 23:41:59,907 [INFO] fourier_embeddings.download: [ta] 29375537/30000000 chars, 10300 articles (offset=10300)
2026-08-18 23:42:00,864 [WARNING] fourier_embeddings.download: fetch failed (HTTP Error 429: Too Many Requests); retrying in 5s (attempt 1/8)
2026-08-18 23:42:06,321 [WARNING] fourier_embeddings.download: fetch failed (HTTP Error 429: Too Many Requests); retrying in 10s (attempt 2/8)
2026-08-18 23:42:16,902 [WARNING] fourier_embeddings.download: fetch failed (HTTP Error 429: Too Many Requests); retrying in 20s (attempt 3/8)
2026-08-18 23:42:37,359 [WARNING] fourier_embeddings.download: fetch failed (HTTP Error 429: Too Many Requests); retrying in 40s (attempt 4/8)
2026-08-18 23:43:19,045 [INFO] fourier_embeddings.download: [ta] 29541651/30000000 chars, 10400 articles (offset=10400)
2026-08-18 23:43:21,055 [INFO] fourier_embeddings.download: [ta] 29736884/30000000 chars, 10500 articles (offset=10500)
2026-08-18 23:43:23,253 [INFO] fourier_embeddings.download: [ta] 29989713/30000000 chars, 10600 articles (offset=10600)
2026-08-18 23:43:25,247 [INFO] fourier_embeddings.download: [ta] 30209369/30000000 chars, 10700 articles (offset=10700)
2026-08-18 23:43:25,748 [INFO] fourier_embeddings.download: [ta] done: {'lang': 'ta', 'chars': 30209369, 'articles': 10700, 'path': 'data_raw/ta.txt', 'complete': True, 'error': None}
2026-08-18 23:43:25,749 [INFO] fourier_embeddings.download: downloading bn -> data_raw/bn.txt (target ~30.0MB)
2026-08-18 23:43:28,537 [INFO] fourier_embeddings.download: [bn] 1554038/30000000 chars, 100 articles (offset=100)
2026-08-18 23:43:31,167 [INFO] fourier_embeddings.download: [bn] 2526046/30000000 chars, 200 articles (offset=200)
2026-08-18 23:43:33,671 [INFO] fourier_embeddings.download: [bn] 3285803/30000000 chars, 300 articles (offset=300)
2026-08-18 23:43:36,661 [INFO] fourier_embeddings.download: [bn] 4478595/30000000 chars, 400 articles (offset=400)
2026-08-18 23:43:39,295 [INFO] fourier_embeddings.download: [bn] 5227734/30000000 chars, 500 articles (offset=500)
2026-08-18 23:43:41,806 [INFO] fourier_embeddings.download: [bn] 6060465/30000000 chars, 600 articles (offset=600)
2026-08-18 23:43:44,656 [INFO] fourier_embeddings.download: [bn] 7060651/30000000 chars, 700 articles (offset=700)
2026-08-18 23:43:46,895 [INFO] fourier_embeddings.download: [bn] 7483508/30000000 chars, 800 articles (offset=800)
2026-08-18 23:43:49,485 [INFO] fourier_embeddings.download: [bn] 8022994/30000000 chars, 900 articles (offset=900)
2026-08-18 23:43:51,977 [INFO] fourier_embeddings.download: [bn] 8580080/30000000 chars, 1000 articles (offset=1000)
2026-08-18 23:43:54,459 [INFO] fourier_embeddings.download: [bn] 9152035/30000000 chars, 1100 articles (offset=1100)
2026-08-18 23:43:56,839 [INFO] fourier_embeddings.download: [bn] 9672560/30000000 chars, 1200 articles (offset=1200)
2026-08-18 23:44:01,291 [INFO] fourier_embeddings.download: [bn] 10220563/30000000 chars, 1300 articles (offset=1300)
2026-08-18 23:44:03,698 [INFO] fourier_embeddings.download: [bn] 10817707/30000000 chars, 1400 articles (offset=1400)
2026-08-18 23:44:06,096 [INFO] fourier_embeddings.download: [bn] 11365519/30000000 chars, 1500 articles (offset=1500)
2026-08-18 23:44:08,350 [INFO] fourier_embeddings.download: [bn] 11866796/30000000 chars, 1600 articles (offset=1600)
2026-08-18 23:44:10,524 [INFO] fourier_embeddings.download: [bn] 12304287/30000000 chars, 1700 articles (offset=1700)
2026-08-18 23:44:13,027 [INFO] fourier_embeddings.download: [bn] 12737567/30000000 chars, 1800 articles (offset=1800)
2026-08-18 23:44:15,304 [INFO] fourier_embeddings.download: [bn] 13263961/30000000 chars, 1900 articles (offset=1900)
2026-08-18 23:44:17,489 [INFO] fourier_embeddings.download: [bn] 13851425/30000000 chars, 2000 articles (offset=2000)
2026-08-18 23:44:20,002 [INFO] fourier_embeddings.download: [bn] 14268167/30000000 chars, 2100 articles (offset=2100)
2026-08-18 23:44:22,341 [INFO] fourier_embeddings.download: [bn] 14680621/30000000 chars, 2200 articles (offset=2200)
2026-08-18 23:44:24,370 [INFO] fourier_embeddings.download: [bn] 15017817/30000000 chars, 2300 articles (offset=2300)
2026-08-18 23:44:28,004 [WARNING] fourier_embeddings.download: fetch failed (HTTP Error 502: Bad Gateway); retrying in 1s (attempt 1/8)
2026-08-18 23:44:30,587 [INFO] fourier_embeddings.download: [bn] 15462465/30000000 chars, 2400 articles (offset=2400)
2026-08-18 23:44:31,543 [WARNING] fourier_embeddings.download: fetch failed (HTTP Error 429: Too Many Requests); retrying in 5s (attempt 1/8)
2026-08-18 23:44:37,001 [WARNING] fourier_embeddings.download: fetch failed (HTTP Error 429: Too Many Requests); retrying in 10s (attempt 2/8)
2026-08-18 23:44:48,602 [INFO] fourier_embeddings.download: [bn] 15857717/30000000 chars, 2500 articles (offset=2500)
2026-08-18 23:44:49,557 [WARNING] fourier_embeddings.download: fetch failed (HTTP Error 429: Too Many Requests); retrying in 5s (attempt 1/8)
2026-08-18 23:44:56,357 [INFO] fourier_embeddings.download: [bn] 16594354/30000000 chars, 2600 articles (offset=2600)
2026-08-18 23:44:58,899 [INFO] fourier_embeddings.download: [bn] 16979875/30000000 chars, 2700 articles (offset=2700)
2026-08-18 23:45:30,502 [INFO] fourier_embeddings.download: [bn] 17754826/30000000 chars, 2800 articles (offset=2800)
2026-08-18 23:45:33,115 [INFO] fourier_embeddings.download: [bn] 18391854/30000000 chars, 2900 articles (offset=2900)
2026-08-18 23:45:35,918 [INFO] fourier_embeddings.download: [bn] 18980249/30000000 chars, 3000 articles (offset=3000)
2026-08-18 23:45:38,322 [INFO] fourier_embeddings.download: [bn] 19488956/30000000 chars, 3100 articles (offset=3100)
2026-08-18 23:45:40,717 [INFO] fourier_embeddings.download: [bn] 20058925/30000000 chars, 3200 articles (offset=3200)
2026-08-18 23:45:42,857 [INFO] fourier_embeddings.download: [bn] 20364689/30000000 chars, 3300 articles (offset=3300)
2026-08-18 23:45:45,077 [INFO] fourier_embeddings.download: [bn] 20816368/30000000 chars, 3400 articles (offset=3400)
2026-08-18 23:45:47,170 [INFO] fourier_embeddings.download: [bn] 21257647/30000000 chars, 3500 articles (offset=3500)
2026-08-18 23:45:52,753 [INFO] fourier_embeddings.download: [bn] 21636732/30000000 chars, 3600 articles (offset=3600)
2026-08-18 23:45:55,030 [INFO] fourier_embeddings.download: [bn] 22104794/30000000 chars, 3700 articles (offset=3700)
2026-08-18 23:45:57,249 [INFO] fourier_embeddings.download: [bn] 22681187/30000000 chars, 3800 articles (offset=3800)
2026-08-18 23:45:59,849 [INFO] fourier_embeddings.download: [bn] 23091036/30000000 chars, 3900 articles (offset=3900)
2026-08-18 23:46:02,554 [INFO] fourier_embeddings.download: [bn] 23445096/30000000 chars, 4000 articles (offset=4000)
2026-08-18 23:46:04,681 [INFO] fourier_embeddings.download: [bn] 23698938/30000000 chars, 4100 articles (offset=4100)
2026-08-18 23:46:06,583 [INFO] fourier_embeddings.download: [bn] 23806939/30000000 chars, 4200 articles (offset=4200)
2026-08-18 23:46:08,526 [INFO] fourier_embeddings.download: [bn] 23994965/30000000 chars, 4300 articles (offset=4300)
2026-08-18 23:46:10,482 [INFO] fourier_embeddings.download: [bn] 24260052/30000000 chars, 4400 articles (offset=4400)
2026-08-18 23:46:12,905 [INFO] fourier_embeddings.download: [bn] 24803842/30000000 chars, 4500 articles (offset=4500)
2026-08-18 23:46:14,781 [INFO] fourier_embeddings.download: [bn] 24994949/30000000 chars, 4600 articles (offset=4600)
2026-08-18 23:46:17,081 [INFO] fourier_embeddings.download: [bn] 25460011/30000000 chars, 4700 articles (offset=4700)
2026-08-18 23:46:19,422 [INFO] fourier_embeddings.download: [bn] 25731398/30000000 chars, 4800 articles (offset=4800)
2026-08-18 23:46:23,506 [INFO] fourier_embeddings.download: [bn] 26258286/30000000 chars, 4900 articles (offset=4900)
2026-08-18 23:46:25,933 [INFO] fourier_embeddings.download: [bn] 26828490/30000000 chars, 5000 articles (offset=5000)
2026-08-18 23:46:28,137 [INFO] fourier_embeddings.download: [bn] 27081384/30000000 chars, 5100 articles (offset=5100)
2026-08-18 23:46:30,728 [INFO] fourier_embeddings.download: [bn] 27918307/30000000 chars, 5200 articles (offset=5200)
2026-08-18 23:46:35,046 [INFO] fourier_embeddings.download: [bn] 28054879/30000000 chars, 5300 articles (offset=5300)
2026-08-18 23:46:37,432 [INFO] fourier_embeddings.download: [bn] 28427218/30000000 chars, 5400 articles (offset=5400)
2026-08-18 23:46:40,061 [INFO] fourier_embeddings.download: [bn] 29205095/30000000 chars, 5500 articles (offset=5500)
2026-08-18 23:46:42,095 [INFO] fourier_embeddings.download: [bn] 29506651/30000000 chars, 5600 articles (offset=5600)
2026-08-18 23:46:44,136 [INFO] fourier_embeddings.download: [bn] 29775272/30000000 chars, 5700 articles (offset=5700)
2026-08-18 23:46:45,095 [WARNING] fourier_embeddings.download: fetch failed (HTTP Error 429: Too Many Requests); retrying in 5s (attempt 1/8)
2026-08-18 23:46:50,552 [WARNING] fourier_embeddings.download: fetch failed (HTTP Error 429: Too Many Requests); retrying in 10s (attempt 2/8)
2026-08-18 23:47:01,011 [WARNING] fourier_embeddings.download: fetch failed (HTTP Error 429: Too Many Requests); retrying in 20s (attempt 3/8)
2026-08-18 23:47:22,602 [INFO] fourier_embeddings.download: [bn] 29921410/30000000 chars, 5800 articles (offset=5800)
2026-08-18 23:47:25,250 [INFO] fourier_embeddings.download: [bn] 30312994/30000000 chars, 5900 articles (offset=5900)
2026-08-18 23:47:25,750 [INFO] fourier_embeddings.download: [bn] done: {'lang': 'bn', 'chars': 30312994, 'articles': 5900, 'path': 'data_raw/bn.txt', 'complete': True, 'error': None}
2026-08-18 23:47:25,751 [INFO] fourier_embeddings.download: wrote manifest -> data_raw/manifest.json
2026-08-18 23:47:25,751 [INFO] fourier_embeddings.download: total corpus: 153,507,925 chars across 5 languages
