2026-08-19 00:58:11,396 [INFO] fourier_embeddings.train.full_run_fourier_narrow: ==================== run start (resume=False) ====================
2026-08-19 00:58:11,396 [INFO] fourier_embeddings.train.full_run_fourier_narrow: args: {'run_name': 'full_run_fourier_narrow', 'out_dir': 'results', 'aim_repo': 'aim_repo', 'log_dir': 'logs', 'no_aim': False, 'data_dir': 'data_bin', 'tokenizer_path': 'tokenizer_out/tokenizer.json', 'embedding': 'fourier_narrow', 'char_dim': 256, 'pos_dim': 32, 'fourier_dim': 32, 'hrr_dim': 1024, 'codec_mode': 'dynamic', 'tie_weights': False, 'block_size': 1024, 'n_layer': 12, 'n_head': 12, 'n_embd': 768, 'dropout': 0.0, 'bias': False, 'max_steps': 5000, 'max_epochs': None, 'batch_size': 32, 'grad_accum_steps': 2, 'learning_rate': 0.0003, 'min_lr': 3e-05, 'warmup_steps': 500, 'weight_decay': 0.1, 'grad_clip': 1.0, 'eval_interval': 500, 'eval_iters': 100, 'log_interval': 50, 'save_interval': 1000, 'device': 'cuda', 'require_cuda': True, 'dtype': 'bfloat16', 'compile': False, 'seed': 1337, 'resume': False}
2026-08-19 00:58:11,398 [INFO] fourier_embeddings.train.full_run_fourier_narrow: data meta: {'vocab_size': 16384, 'dtype': "<class 'numpy.uint16'>", 'train_tokens': 92083360, 'val_tokens': 1879252, 'tokenizer_path': 'tokenizer_out/tokenizer.json', 'input_files': ['data_raw/bn.txt', 'data_raw/en.txt', 'data_raw/hi.txt', 'data_raw/ta.txt', 'data_raw/te.txt']}
2026-08-19 00:58:14,468 [INFO] fourier_embeddings.train.full_run_fourier_narrow: model param breakdown: {'token_codec': 6291456, 'position_embedding': 786432, 'transformer_blocks': 84953088, 'ln_f': 768, 'lm_head': 12582912, 'total': 104614656}
2026-08-19 00:58:15,902 [INFO] fourier_embeddings.train.full_run_fourier_narrow: starting training: 5000 steps, 65536 tokens/step, embedding=fourier_narrow
2026-08-19 00:58:17,542 [INFO] fourier_embeddings.train.full_run_fourier_narrow: step      0/5000 | loss 9.9152 | lr 6.00e-07 | tok/s 0
2026-08-19 00:58:30,386 [INFO] fourier_embeddings.train.full_run_fourier_narrow: step      0 | val_loss 9.9545 | val_ppl 21046.20
2026-08-19 00:59:06,837 [INFO] fourier_embeddings.train.full_run_fourier_narrow: step     50/5000 | loss 6.7720 | lr 3.06e-05 | tok/s 66,473
2026-08-19 00:59:43,005 [INFO] fourier_embeddings.train.full_run_fourier_narrow: step    100/5000 | loss 4.9945 | lr 6.06e-05 | tok/s 90,599
2026-08-19 01:00:18,975 [INFO] fourier_embeddings.train.full_run_fourier_narrow: step    150/5000 | loss 4.3263 | lr 9.06e-05 | tok/s 91,098
2026-08-19 01:00:54,740 [INFO] fourier_embeddings.train.full_run_fourier_narrow: step    200/5000 | loss 4.1375 | lr 1.21e-04 | tok/s 91,622
2026-08-19 01:01:30,409 [INFO] fourier_embeddings.train.full_run_fourier_narrow: step    250/5000 | loss 3.9269 | lr 1.51e-04 | tok/s 91,868
2026-08-19 01:02:06,050 [INFO] fourier_embeddings.train.full_run_fourier_narrow: step    300/5000 | loss 3.5064 | lr 1.81e-04 | tok/s 91,937
2026-08-19 01:02:41,721 [INFO] fourier_embeddings.train.full_run_fourier_narrow: step    350/5000 | loss 3.8183 | lr 2.11e-04 | tok/s 91,864
2026-08-19 01:03:17,463 [INFO] fourier_embeddings.train.full_run_fourier_narrow: step    400/5000 | loss 3.6918 | lr 2.41e-04 | tok/s 91,677
2026-08-19 01:03:53,273 [INFO] fourier_embeddings.train.full_run_fourier_narrow: step    450/5000 | loss 3.6354 | lr 2.71e-04 | tok/s 91,506
2026-08-19 01:04:29,103 [INFO] fourier_embeddings.train.full_run_fourier_narrow: step    500/5000 | loss 3.3219 | lr 3.00e-04 | tok/s 91,454
2026-08-19 01:04:42,102 [INFO] fourier_embeddings.train.full_run_fourier_narrow: step    500 | val_loss 2.1367 | val_ppl 8.47
2026-08-19 01:05:21,184 [INFO] fourier_embeddings.train.full_run_fourier_narrow: step    550/5000 | loss 3.4276 | lr 3.00e-04 | tok/s 62,918
2026-08-19 01:05:57,005 [INFO] fourier_embeddings.train.full_run_fourier_narrow: step    600/5000 | loss 3.1320 | lr 3.00e-04 | tok/s 91,476
2026-08-19 01:06:32,829 [INFO] fourier_embeddings.train.full_run_fourier_narrow: step    650/5000 | loss 3.5703 | lr 2.99e-04 | tok/s 91,469
2026-08-19 01:07:08,635 [INFO] fourier_embeddings.train.full_run_fourier_narrow: step    700/5000 | loss 3.4171 | lr 2.99e-04 | tok/s 91,515
2026-08-19 01:07:44,442 [INFO] fourier_embeddings.train.full_run_fourier_narrow: step    750/5000 | loss 3.2826 | lr 2.98e-04 | tok/s 91,513
2026-08-19 01:08:20,229 [INFO] fourier_embeddings.train.full_run_fourier_narrow: step    800/5000 | loss 2.9822 | lr 2.97e-04 | tok/s 91,565
2026-08-19 01:08:55,995 [INFO] fourier_embeddings.train.full_run_fourier_narrow: step    850/5000 | loss 3.2535 | lr 2.96e-04 | tok/s 91,617
2026-08-19 01:09:31,747 [INFO] fourier_embeddings.train.full_run_fourier_narrow: step    900/5000 | loss 2.9910 | lr 2.95e-04 | tok/s 91,654
2026-08-19 01:10:07,482 [INFO] fourier_embeddings.train.full_run_fourier_narrow: step    950/5000 | loss 2.4912 | lr 2.93e-04 | tok/s 91,696
2026-08-19 01:10:43,208 [INFO] fourier_embeddings.train.full_run_fourier_narrow: step   1000/5000 | loss 2.6179 | lr 2.92e-04 | tok/s 91,720
2026-08-19 01:10:56,155 [INFO] fourier_embeddings.train.full_run_fourier_narrow: step   1000 | val_loss 0.5383 | val_ppl 1.71
2026-08-19 01:11:00,824 [INFO] fourier_embeddings.train.full_run_fourier_narrow: checkpoint saved at step 1000 -> results/full_run_fourier_narrow/last.pt
2026-08-19 01:11:36,462 [INFO] fourier_embeddings.train.full_run_fourier_narrow: step   1050/5000 | loss 2.4093 | lr 2.90e-04 | tok/s 61,532
2026-08-19 01:12:12,224 [INFO] fourier_embeddings.train.full_run_fourier_narrow: step   1100/5000 | loss 2.5772 | lr 2.88e-04 | tok/s 91,628
2026-08-19 01:12:48,095 [INFO] fourier_embeddings.train.full_run_fourier_narrow: step   1150/5000 | loss 2.2757 | lr 2.86e-04 | tok/s 91,350
2026-08-19 01:13:24,010 [INFO] fourier_embeddings.train.full_run_fourier_narrow: step   1200/5000 | loss 2.2315 | lr 2.84e-04 | tok/s 91,237
2026-08-19 01:13:59,862 [INFO] fourier_embeddings.train.full_run_fourier_narrow: step   1250/5000 | loss 2.4828 | lr 2.82e-04 | tok/s 91,398
2026-08-19 01:14:35,626 [INFO] fourier_embeddings.train.full_run_fourier_narrow: step   1300/5000 | loss 2.1159 | lr 2.79e-04 | tok/s 91,625
2026-08-19 01:15:11,337 [INFO] fourier_embeddings.train.full_run_fourier_narrow: step   1350/5000 | loss 2.1168 | lr 2.77e-04 | tok/s 91,757
2026-08-19 01:15:47,033 [INFO] fourier_embeddings.train.full_run_fourier_narrow: step   1400/5000 | loss 2.0535 | lr 2.74e-04 | tok/s 91,799
2026-08-19 01:16:22,756 [INFO] fourier_embeddings.train.full_run_fourier_narrow: step   1450/5000 | loss 2.2113 | lr 2.71e-04 | tok/s 91,728
2026-08-19 01:16:58,526 [INFO] fourier_embeddings.train.full_run_fourier_narrow: step   1500/5000 | loss 2.3012 | lr 2.68e-04 | tok/s 91,609
2026-08-19 01:17:11,528 [INFO] fourier_embeddings.train.full_run_fourier_narrow: step   1500 | val_loss 0.3309 | val_ppl 1.39
2026-08-19 01:17:50,161 [INFO] fourier_embeddings.train.full_run_fourier_narrow: step   1550/5000 | loss 2.1470 | lr 2.65e-04 | tok/s 63,461
2026-08-19 01:18:25,985 [INFO] fourier_embeddings.train.full_run_fourier_narrow: step   1600/5000 | loss 2.1906 | lr 2.62e-04 | tok/s 91,469
2026-08-19 01:19:01,844 [INFO] fourier_embeddings.train.full_run_fourier_narrow: step   1650/5000 | loss 2.0251 | lr 2.59e-04 | tok/s 91,379
2026-08-19 01:19:37,704 [INFO] fourier_embeddings.train.full_run_fourier_narrow: step   1700/5000 | loss 1.9466 | lr 2.55e-04 | tok/s 91,377
2026-08-19 01:20:13,550 [INFO] fourier_embeddings.train.full_run_fourier_narrow: step   1750/5000 | loss 1.9993 | lr 2.52e-04 | tok/s 91,414
2026-08-19 01:20:49,378 [INFO] fourier_embeddings.train.full_run_fourier_narrow: step   1800/5000 | loss 2.1629 | lr 2.48e-04 | tok/s 91,458
2026-08-19 01:21:25,197 [INFO] fourier_embeddings.train.full_run_fourier_narrow: step   1850/5000 | loss 1.8014 | lr 2.44e-04 | tok/s 91,483
2026-08-19 01:22:00,990 [INFO] fourier_embeddings.train.full_run_fourier_narrow: step   1900/5000 | loss 2.0740 | lr 2.40e-04 | tok/s 91,548
2026-08-19 01:22:36,762 [INFO] fourier_embeddings.train.full_run_fourier_narrow: step   1950/5000 | loss 2.0921 | lr 2.37e-04 | tok/s 91,602
2026-08-19 01:23:12,518 [INFO] fourier_embeddings.train.full_run_fourier_narrow: step   2000/5000 | loss 2.0231 | lr 2.32e-04 | tok/s 91,645
2026-08-19 01:23:25,474 [INFO] fourier_embeddings.train.full_run_fourier_narrow: step   2000 | val_loss 0.2929 | val_ppl 1.34
2026-08-19 01:23:38,069 [INFO] fourier_embeddings.train.full_run_fourier_narrow: checkpoint saved at step 2000 -> results/full_run_fourier_narrow/last.pt
2026-08-19 01:24:13,665 [INFO] fourier_embeddings.train.full_run_fourier_narrow: step   2050/5000 | loss 2.0670 | lr 2.28e-04 | tok/s 53,589
2026-08-19 01:24:49,829 [INFO] fourier_embeddings.train.full_run_fourier_narrow: step   2100/5000 | loss 1.8005 | lr 2.24e-04 | tok/s 90,608
2026-08-19 01:25:25,900 [INFO] fourier_embeddings.train.full_run_fourier_narrow: step   2150/5000 | loss 1.7972 | lr 2.20e-04 | tok/s 90,845
2026-08-19 01:26:01,725 [INFO] fourier_embeddings.train.full_run_fourier_narrow: step   2200/5000 | loss 1.9427 | lr 2.16e-04 | tok/s 91,466
2026-08-19 01:26:37,428 [INFO] fourier_embeddings.train.full_run_fourier_narrow: step   2250/5000 | loss 1.8202 | lr 2.11e-04 | tok/s 91,780
2026-08-19 01:27:13,078 [INFO] fourier_embeddings.train.full_run_fourier_narrow: step   2300/5000 | loss 1.8687 | lr 2.07e-04 | tok/s 91,915
2026-08-19 01:27:48,764 [INFO] fourier_embeddings.train.full_run_fourier_narrow: step   2350/5000 | loss 1.7826 | lr 2.02e-04 | tok/s 91,823
2026-08-19 01:28:24,507 [INFO] fourier_embeddings.train.full_run_fourier_narrow: step   2400/5000 | loss 1.7671 | lr 1.98e-04 | tok/s 91,678
2026-08-19 01:29:00,311 [INFO] fourier_embeddings.train.full_run_fourier_narrow: step   2450/5000 | loss 1.9145 | lr 1.93e-04 | tok/s 91,521
2026-08-19 01:29:36,155 [INFO] fourier_embeddings.train.full_run_fourier_narrow: step   2500/5000 | loss 1.9281 | lr 1.88e-04 | tok/s 91,417
2026-08-19 01:29:49,150 [INFO] fourier_embeddings.train.full_run_fourier_narrow: step   2500 | val_loss 0.2667 | val_ppl 1.31
2026-08-19 01:30:27,544 [INFO] fourier_embeddings.train.full_run_fourier_narrow: step   2550/5000 | loss 1.6626 | lr 1.84e-04 | tok/s 63,765
2026-08-19 01:31:03,364 [INFO] fourier_embeddings.train.full_run_fourier_narrow: step   2600/5000 | loss 1.7776 | lr 1.79e-04 | tok/s 91,478
2026-08-19 01:31:39,185 [INFO] fourier_embeddings.train.full_run_fourier_narrow: step   2650/5000 | loss 1.8447 | lr 1.74e-04 | tok/s 91,479
2026-08-19 01:32:14,992 [INFO] fourier_embeddings.train.full_run_fourier_narrow: step   2700/5000 | loss 1.6846 | lr 1.70e-04 | tok/s 91,512
2026-08-19 01:32:50,777 [INFO] fourier_embeddings.train.full_run_fourier_narrow: step   2750/5000 | loss 1.6060 | lr 1.65e-04 | tok/s 91,568
2026-08-19 01:33:26,573 [INFO] fourier_embeddings.train.full_run_fourier_narrow: step   2800/5000 | loss 1.8958 | lr 1.60e-04 | tok/s 91,541
2026-08-19 01:34:02,354 [INFO] fourier_embeddings.train.full_run_fourier_narrow: step   2850/5000 | loss 1.6538 | lr 1.56e-04 | tok/s 91,579
2026-08-19 01:34:38,119 [INFO] fourier_embeddings.train.full_run_fourier_narrow: step   2900/5000 | loss 1.5763 | lr 1.51e-04 | tok/s 91,622
2026-08-19 01:35:13,861 [INFO] fourier_embeddings.train.full_run_fourier_narrow: step   2950/5000 | loss 1.6580 | lr 1.46e-04 | tok/s 91,678
2026-08-19 01:35:49,594 [INFO] fourier_embeddings.train.full_run_fourier_narrow: step   3000/5000 | loss 1.6560 | lr 1.42e-04 | tok/s 91,704
2026-08-19 01:36:02,537 [INFO] fourier_embeddings.train.full_run_fourier_narrow: step   3000 | val_loss 0.2525 | val_ppl 1.29
2026-08-19 01:36:13,940 [INFO] fourier_embeddings.train.full_run_fourier_narrow: checkpoint saved at step 3000 -> results/full_run_fourier_narrow/last.pt
2026-08-19 01:36:49,534 [INFO] fourier_embeddings.train.full_run_fourier_narrow: step   3050/5000 | loss 1.6582 | lr 1.37e-04 | tok/s 54,668
2026-08-19 01:37:25,681 [INFO] fourier_embeddings.train.full_run_fourier_narrow: step   3100/5000 | loss 1.6648 | lr 1.32e-04 | tok/s 90,650
2026-08-19 01:38:01,760 [INFO] fourier_embeddings.train.full_run_fourier_narrow: step   3150/5000 | loss 1.7521 | lr 1.28e-04 | tok/s 90,824
2026-08-19 01:38:37,585 [INFO] fourier_embeddings.train.full_run_fourier_narrow: step   3200/5000 | loss 1.7783 | lr 1.23e-04 | tok/s 91,467
2026-08-19 01:39:13,306 [INFO] fourier_embeddings.train.full_run_fourier_narrow: step   3250/5000 | loss 1.9174 | lr 1.19e-04 | tok/s 91,733
2026-08-19 01:39:48,982 [INFO] fourier_embeddings.train.full_run_fourier_narrow: step   3300/5000 | loss 1.7228 | lr 1.14e-04 | tok/s 91,849
2026-08-19 01:40:24,669 [INFO] fourier_embeddings.train.full_run_fourier_narrow: step   3350/5000 | loss 1.7079 | lr 1.10e-04 | tok/s 91,822
2026-08-19 01:41:00,406 [INFO] fourier_embeddings.train.full_run_fourier_narrow: step   3400/5000 | loss 1.7939 | lr 1.06e-04 | tok/s 91,691
2026-08-19 01:41:36,216 [INFO] fourier_embeddings.train.full_run_fourier_narrow: step   3450/5000 | loss 1.7614 | lr 1.02e-04 | tok/s 91,506
2026-08-19 01:42:12,054 [INFO] fourier_embeddings.train.full_run_fourier_narrow: step   3500/5000 | loss 1.6704 | lr 9.75e-05 | tok/s 91,433
2026-08-19 01:42:25,036 [INFO] fourier_embeddings.train.full_run_fourier_narrow: step   3500 | val_loss 0.2319 | val_ppl 1.26
2026-08-19 01:43:04,258 [INFO] fourier_embeddings.train.full_run_fourier_narrow: step   3550/5000 | loss 1.7548 | lr 9.35e-05 | tok/s 62,770
2026-08-19 01:43:40,082 [INFO] fourier_embeddings.train.full_run_fourier_narrow: step   3600/5000 | loss 2.1025 | lr 8.95e-05 | tok/s 91,468
2026-08-19 01:44:15,922 [INFO] fourier_embeddings.train.full_run_fourier_narrow: step   3650/5000 | loss 1.5638 | lr 8.56e-05 | tok/s 91,430
2026-08-19 01:44:51,738 [INFO] fourier_embeddings.train.full_run_fourier_narrow: step   3700/5000 | loss 1.5817 | lr 8.19e-05 | tok/s 91,488
2026-08-19 01:45:27,560 [INFO] fourier_embeddings.train.full_run_fourier_narrow: step   3750/5000 | loss 1.5036 | lr 7.82e-05 | tok/s 91,476
2026-08-19 01:46:03,358 [INFO] fourier_embeddings.train.full_run_fourier_narrow: step   3800/5000 | loss 1.8149 | lr 7.47e-05 | tok/s 91,535
2026-08-19 01:46:39,149 [INFO] fourier_embeddings.train.full_run_fourier_narrow: step   3850/5000 | loss 1.5401 | lr 7.12e-05 | tok/s 91,554
2026-08-19 01:47:14,914 [INFO] fourier_embeddings.train.full_run_fourier_narrow: step   3900/5000 | loss 1.5609 | lr 6.79e-05 | tok/s 91,621
2026-08-19 01:47:50,667 [INFO] fourier_embeddings.train.full_run_fourier_narrow: step   3950/5000 | loss 1.6329 | lr 6.47e-05 | tok/s 91,650
2026-08-19 01:48:26,411 [INFO] fourier_embeddings.train.full_run_fourier_narrow: step   4000/5000 | loss 1.5494 | lr 6.16e-05 | tok/s 91,675
2026-08-19 01:48:39,362 [INFO] fourier_embeddings.train.full_run_fourier_narrow: step   4000 | val_loss 0.2281 | val_ppl 1.26
2026-08-19 01:48:49,380 [INFO] fourier_embeddings.train.full_run_fourier_narrow: checkpoint saved at step 4000 -> results/full_run_fourier_narrow/last.pt
2026-08-19 01:49:24,993 [INFO] fourier_embeddings.train.full_run_fourier_narrow: step   4050/5000 | loss 1.7720 | lr 5.86e-05 | tok/s 55,935
2026-08-19 01:50:01,105 [INFO] fourier_embeddings.train.full_run_fourier_narrow: step   4100/5000 | loss 1.6038 | lr 5.58e-05 | tok/s 90,739
2026-08-19 01:50:37,209 [INFO] fourier_embeddings.train.full_run_fourier_narrow: step   4150/5000 | loss 1.6421 | lr 5.31e-05 | tok/s 90,761
2026-08-19 01:51:13,049 [INFO] fourier_embeddings.train.full_run_fourier_narrow: step   4200/5000 | loss 1.5067 | lr 5.05e-05 | tok/s 91,429
2026-08-19 01:51:48,761 [INFO] fourier_embeddings.train.full_run_fourier_narrow: step   4250/5000 | loss 1.8202 | lr 4.81e-05 | tok/s 91,755
2026-08-19 01:52:24,422 [INFO] fourier_embeddings.train.full_run_fourier_narrow: step   4300/5000 | loss 1.5873 | lr 4.58e-05 | tok/s 91,888
2026-08-19 01:53:00,073 [INFO] fourier_embeddings.train.full_run_fourier_narrow: step   4350/5000 | loss 1.6924 | lr 4.37e-05 | tok/s 91,913
2026-08-19 01:53:35,789 [INFO] fourier_embeddings.train.full_run_fourier_narrow: step   4400/5000 | loss 1.6545 | lr 4.17e-05 | tok/s 91,748
2026-08-19 01:54:11,574 [INFO] fourier_embeddings.train.full_run_fourier_narrow: step   4450/5000 | loss 1.9587 | lr 3.98e-05 | tok/s 91,568
2026-08-19 01:54:47,399 [INFO] fourier_embeddings.train.full_run_fourier_narrow: step   4500/5000 | loss 1.8419 | lr 3.81e-05 | tok/s 91,466
2026-08-19 01:55:00,391 [INFO] fourier_embeddings.train.full_run_fourier_narrow: step   4500 | val_loss 0.2208 | val_ppl 1.25
2026-08-19 01:55:38,577 [INFO] fourier_embeddings.train.full_run_fourier_narrow: step   4550/5000 | loss 1.5981 | lr 3.66e-05 | tok/s 64,028
2026-08-19 01:56:14,399 [INFO] fourier_embeddings.train.full_run_fourier_narrow: step   4600/5000 | loss 1.4232 | lr 3.52e-05 | tok/s 91,475
2026-08-19 01:56:50,218 [INFO] fourier_embeddings.train.full_run_fourier_narrow: step   4650/5000 | loss 1.6405 | lr 3.40e-05 | tok/s 91,482
2026-08-19 01:57:26,015 [INFO] fourier_embeddings.train.full_run_fourier_narrow: step   4700/5000 | loss 1.5584 | lr 3.30e-05 | tok/s 91,539
2026-08-19 01:58:01,799 [INFO] fourier_embeddings.train.full_run_fourier_narrow: step   4750/5000 | loss 1.4190 | lr 3.21e-05 | tok/s 91,570
2026-08-19 01:58:37,577 [INFO] fourier_embeddings.train.full_run_fourier_narrow: step   4800/5000 | loss 1.6176 | lr 3.13e-05 | tok/s 91,588
2026-08-19 01:59:13,324 [INFO] fourier_embeddings.train.full_run_fourier_narrow: step   4850/5000 | loss 1.9671 | lr 3.07e-05 | tok/s 91,667
2026-08-19 01:59:49,047 [INFO] fourier_embeddings.train.full_run_fourier_narrow: step   4900/5000 | loss 1.5594 | lr 3.03e-05 | tok/s 91,727
2026-08-19 02:00:24,741 [INFO] fourier_embeddings.train.full_run_fourier_narrow: step   4950/5000 | loss 1.7547 | lr 3.01e-05 | tok/s 91,803
2026-08-19 02:01:12,683 [INFO] fourier_embeddings.train.full_run_fourier_narrow: step   4999 | val_loss 0.2171 | val_ppl 1.24
2026-08-19 02:01:29,963 [INFO] fourier_embeddings.train.full_run_fourier_narrow: training complete in 3780.6s. final_val_loss=0.2239 best_val_loss=0.2171. wrote results/full_run_fourier_narrow/metrics.json
