2026-08-18 23:54:48,518 [INFO] fourier_embeddings.train.full_run_dense: ==================== run start (resume=False) ====================
2026-08-18 23:54:48,519 [INFO] fourier_embeddings.train.full_run_dense: args: {'run_name': 'full_run_dense', 'out_dir': 'results', 'aim_repo': 'aim_repo', 'log_dir': 'logs', 'no_aim': False, 'data_dir': 'data_bin', 'tokenizer_path': 'tokenizer_out/tokenizer.json', 'embedding': 'dense', 'char_dim': 256, 'pos_dim': 32, 'fourier_dim': 32, 'hrr_dim': 1024, 'codec_mode': 'dynamic', 'tie_weights': False, 'block_size': 1024, 'n_layer': 12, 'n_head': 12, 'n_embd': 768, 'dropout': 0.0, 'bias': False, 'max_steps': 5000, 'max_epochs': None, 'batch_size': 32, 'grad_accum_steps': 2, 'learning_rate': 0.0003, 'min_lr': 3e-05, 'warmup_steps': 500, 'weight_decay': 0.1, 'grad_clip': 1.0, 'eval_interval': 500, 'eval_iters': 100, 'log_interval': 50, 'save_interval': 1000, 'device': 'cuda', 'require_cuda': True, 'dtype': 'bfloat16', 'compile': False, 'seed': 1337, 'resume': False}
2026-08-18 23:54:48,520 [INFO] fourier_embeddings.train.full_run_dense: data meta: {'vocab_size': 16384, 'dtype': "<class 'numpy.uint16'>", 'train_tokens': 92083360, 'val_tokens': 1879252, 'tokenizer_path': 'tokenizer_out/tokenizer.json', 'input_files': ['data_raw/bn.txt', 'data_raw/en.txt', 'data_raw/hi.txt', 'data_raw/ta.txt', 'data_raw/te.txt']}
2026-08-18 23:54:51,186 [INFO] fourier_embeddings.train.full_run_dense: model param breakdown: {'token_codec': 12582912, 'position_embedding': 786432, 'transformer_blocks': 84953088, 'ln_f': 768, 'lm_head': 12582912, 'total': 110906112}
2026-08-18 23:54:54,851 [INFO] fourier_embeddings.train.full_run_dense: starting training: 5000 steps, 65536 tokens/step, embedding=dense
2026-08-18 23:54:56,472 [INFO] fourier_embeddings.train.full_run_dense: step      0/5000 | loss 9.8248 | lr 6.00e-07 | tok/s 0
2026-08-18 23:55:07,306 [INFO] fourier_embeddings.train.full_run_dense: step      0 | val_loss 9.7894 | val_ppl 17842.95
2026-08-18 23:55:40,666 [INFO] fourier_embeddings.train.full_run_dense: step     50/5000 | loss 6.0185 | lr 3.06e-05 | tok/s 74,145
2026-08-18 23:56:14,062 [INFO] fourier_embeddings.train.full_run_dense: step    100/5000 | loss 4.9333 | lr 6.06e-05 | tok/s 98,119
2026-08-18 23:56:47,786 [INFO] fourier_embeddings.train.full_run_dense: step    150/5000 | loss 4.0851 | lr 9.06e-05 | tok/s 97,166
2026-08-18 23:57:21,616 [INFO] fourier_embeddings.train.full_run_dense: step    200/5000 | loss 3.6314 | lr 1.21e-04 | tok/s 96,860
2026-08-18 23:57:55,520 [INFO] fourier_embeddings.train.full_run_dense: step    250/5000 | loss 3.7244 | lr 1.51e-04 | tok/s 96,651
2026-08-18 23:58:29,458 [INFO] fourier_embeddings.train.full_run_dense: step    300/5000 | loss 3.5133 | lr 1.81e-04 | tok/s 96,552
2026-08-18 23:59:03,264 [INFO] fourier_embeddings.train.full_run_dense: step    350/5000 | loss 3.3845 | lr 2.11e-04 | tok/s 96,930
2026-08-18 23:59:36,979 [INFO] fourier_embeddings.train.full_run_dense: step    400/5000 | loss 3.3670 | lr 2.41e-04 | tok/s 97,190
2026-08-19 00:00:10,653 [INFO] fourier_embeddings.train.full_run_dense: step    450/5000 | loss 3.3510 | lr 2.71e-04 | tok/s 97,310
2026-08-19 00:00:44,306 [INFO] fourier_embeddings.train.full_run_dense: step    500/5000 | loss 3.2335 | lr 3.00e-04 | tok/s 97,370
2026-08-19 00:00:55,571 [INFO] fourier_embeddings.train.full_run_dense: step    500 | val_loss 1.4864 | val_ppl 4.42
2026-08-19 00:01:32,766 [INFO] fourier_embeddings.train.full_run_dense: step    550/5000 | loss 3.2416 | lr 3.00e-04 | tok/s 67,619
2026-08-19 00:02:06,507 [INFO] fourier_embeddings.train.full_run_dense: step    600/5000 | loss 3.0086 | lr 3.00e-04 | tok/s 97,117
2026-08-19 00:02:40,314 [INFO] fourier_embeddings.train.full_run_dense: step    650/5000 | loss 2.9235 | lr 2.99e-04 | tok/s 96,926
2026-08-19 00:03:14,145 [INFO] fourier_embeddings.train.full_run_dense: step    700/5000 | loss 2.5764 | lr 2.99e-04 | tok/s 96,859
2026-08-19 00:03:47,924 [INFO] fourier_embeddings.train.full_run_dense: step    750/5000 | loss 2.5082 | lr 2.98e-04 | tok/s 97,007
2026-08-19 00:04:21,634 [INFO] fourier_embeddings.train.full_run_dense: step    800/5000 | loss 2.6775 | lr 2.97e-04 | tok/s 97,207
2026-08-19 00:04:55,317 [INFO] fourier_embeddings.train.full_run_dense: step    850/5000 | loss 2.2098 | lr 2.96e-04 | tok/s 97,283
2026-08-19 00:05:28,973 [INFO] fourier_embeddings.train.full_run_dense: step    900/5000 | loss 2.5586 | lr 2.95e-04 | tok/s 97,361
2026-08-19 00:06:02,648 [INFO] fourier_embeddings.train.full_run_dense: step    950/5000 | loss 2.4136 | lr 2.93e-04 | tok/s 97,308
2026-08-19 00:06:36,353 [INFO] fourier_embeddings.train.full_run_dense: step   1000/5000 | loss 2.3768 | lr 2.92e-04 | tok/s 97,220
2026-08-19 00:06:47,624 [INFO] fourier_embeddings.train.full_run_dense: step   1000 | val_loss 0.3834 | val_ppl 1.47
2026-08-19 00:06:52,668 [INFO] fourier_embeddings.train.full_run_dense: checkpoint saved at step 1000 -> results/full_run_dense/last.pt
2026-08-19 00:07:26,293 [INFO] fourier_embeddings.train.full_run_dense: step   1050/5000 | loss 1.9330 | lr 2.90e-04 | tok/s 65,614
2026-08-19 00:08:00,063 [INFO] fourier_embeddings.train.full_run_dense: step   1100/5000 | loss 2.1452 | lr 2.88e-04 | tok/s 97,033
2026-08-19 00:08:33,908 [INFO] fourier_embeddings.train.full_run_dense: step   1150/5000 | loss 1.6345 | lr 2.86e-04 | tok/s 96,820
2026-08-19 00:09:07,743 [INFO] fourier_embeddings.train.full_run_dense: step   1200/5000 | loss 2.0713 | lr 2.84e-04 | tok/s 96,846
2026-08-19 00:09:41,488 [INFO] fourier_embeddings.train.full_run_dense: step   1250/5000 | loss 1.9811 | lr 2.82e-04 | tok/s 97,105
2026-08-19 00:10:15,190 [INFO] fourier_embeddings.train.full_run_dense: step   1300/5000 | loss 1.8407 | lr 2.79e-04 | tok/s 97,229
2026-08-19 00:10:48,856 [INFO] fourier_embeddings.train.full_run_dense: step   1350/5000 | loss 2.1082 | lr 2.77e-04 | tok/s 97,332
2026-08-19 00:11:22,529 [INFO] fourier_embeddings.train.full_run_dense: step   1400/5000 | loss 2.0124 | lr 2.74e-04 | tok/s 97,313
2026-08-19 00:11:56,233 [INFO] fourier_embeddings.train.full_run_dense: step   1450/5000 | loss 1.7454 | lr 2.71e-04 | tok/s 97,223
2026-08-19 00:12:29,966 [INFO] fourier_embeddings.train.full_run_dense: step   1500/5000 | loss 2.1679 | lr 2.68e-04 | tok/s 97,139
2026-08-19 00:12:41,248 [INFO] fourier_embeddings.train.full_run_dense: step   1500 | val_loss 0.2937 | val_ppl 1.34
2026-08-19 00:13:18,552 [INFO] fourier_embeddings.train.full_run_dense: step   1550/5000 | loss 2.0761 | lr 2.65e-04 | tok/s 67,444
2026-08-19 00:13:52,329 [INFO] fourier_embeddings.train.full_run_dense: step   1600/5000 | loss 1.9306 | lr 2.62e-04 | tok/s 97,011
2026-08-19 00:14:26,147 [INFO] fourier_embeddings.train.full_run_dense: step   1650/5000 | loss 2.1364 | lr 2.59e-04 | tok/s 96,896
2026-08-19 00:14:59,964 [INFO] fourier_embeddings.train.full_run_dense: step   1700/5000 | loss 1.9939 | lr 2.55e-04 | tok/s 96,898
2026-08-19 00:15:33,771 [INFO] fourier_embeddings.train.full_run_dense: step   1750/5000 | loss 1.9875 | lr 2.52e-04 | tok/s 96,927
2026-08-19 00:16:07,552 [INFO] fourier_embeddings.train.full_run_dense: step   1800/5000 | loss 2.1835 | lr 2.48e-04 | tok/s 97,001
2026-08-19 00:16:41,318 [INFO] fourier_embeddings.train.full_run_dense: step   1850/5000 | loss 1.9022 | lr 2.44e-04 | tok/s 97,044
2026-08-19 00:17:15,047 [INFO] fourier_embeddings.train.full_run_dense: step   1900/5000 | loss 1.8963 | lr 2.40e-04 | tok/s 97,153
2026-08-19 00:17:48,779 [INFO] fourier_embeddings.train.full_run_dense: step   1950/5000 | loss 1.7231 | lr 2.37e-04 | tok/s 97,140
2026-08-19 00:18:22,509 [INFO] fourier_embeddings.train.full_run_dense: step   2000/5000 | loss 1.8486 | lr 2.32e-04 | tok/s 97,149
2026-08-19 00:18:33,783 [INFO] fourier_embeddings.train.full_run_dense: step   2000 | val_loss 0.2586 | val_ppl 1.30
2026-08-19 00:18:46,885 [INFO] fourier_embeddings.train.full_run_dense: checkpoint saved at step 2000 -> results/full_run_dense/last.pt
2026-08-19 00:19:20,426 [INFO] fourier_embeddings.train.full_run_dense: step   2050/5000 | loss 1.8916 | lr 2.28e-04 | tok/s 56,578
2026-08-19 00:19:54,478 [INFO] fourier_embeddings.train.full_run_dense: step   2100/5000 | loss 1.7922 | lr 2.24e-04 | tok/s 96,229
2026-08-19 00:20:28,510 [INFO] fourier_embeddings.train.full_run_dense: step   2150/5000 | loss 1.6920 | lr 2.20e-04 | tok/s 96,285
2026-08-19 00:21:02,292 [INFO] fourier_embeddings.train.full_run_dense: step   2200/5000 | loss 1.7485 | lr 2.16e-04 | tok/s 96,997
2026-08-19 00:21:35,997 [INFO] fourier_embeddings.train.full_run_dense: step   2250/5000 | loss 1.6236 | lr 2.11e-04 | tok/s 97,221
2026-08-19 00:22:09,664 [INFO] fourier_embeddings.train.full_run_dense: step   2300/5000 | loss 1.7054 | lr 2.07e-04 | tok/s 97,330
2026-08-19 00:22:43,305 [INFO] fourier_embeddings.train.full_run_dense: step   2350/5000 | loss 1.7698 | lr 2.02e-04 | tok/s 97,405
2026-08-19 00:23:16,981 [INFO] fourier_embeddings.train.full_run_dense: step   2400/5000 | loss 1.8665 | lr 1.98e-04 | tok/s 97,304
2026-08-19 00:23:50,702 [INFO] fourier_embeddings.train.full_run_dense: step   2450/5000 | loss 1.8464 | lr 1.93e-04 | tok/s 97,172
2026-08-19 00:24:24,444 [INFO] fourier_embeddings.train.full_run_dense: step   2500/5000 | loss 1.6564 | lr 1.88e-04 | tok/s 97,113
2026-08-19 00:24:35,731 [INFO] fourier_embeddings.train.full_run_dense: step   2500 | val_loss 0.2468 | val_ppl 1.28
2026-08-19 00:25:12,508 [INFO] fourier_embeddings.train.full_run_dense: step   2550/5000 | loss 1.7863 | lr 1.84e-04 | tok/s 68,177
2026-08-19 00:25:46,268 [INFO] fourier_embeddings.train.full_run_dense: step   2600/5000 | loss 1.7913 | lr 1.79e-04 | tok/s 97,061
2026-08-19 00:26:20,044 [INFO] fourier_embeddings.train.full_run_dense: step   2650/5000 | loss 1.8124 | lr 1.74e-04 | tok/s 97,014
2026-08-19 00:26:53,828 [INFO] fourier_embeddings.train.full_run_dense: step   2700/5000 | loss 1.6638 | lr 1.70e-04 | tok/s 96,993
2026-08-19 00:27:27,621 [INFO] fourier_embeddings.train.full_run_dense: step   2750/5000 | loss 1.7340 | lr 1.65e-04 | tok/s 96,966
2026-08-19 00:28:01,404 [INFO] fourier_embeddings.train.full_run_dense: step   2800/5000 | loss 1.6201 | lr 1.60e-04 | tok/s 96,995
2026-08-19 00:28:35,173 [INFO] fourier_embeddings.train.full_run_dense: step   2850/5000 | loss 1.8294 | lr 1.56e-04 | tok/s 97,036
2026-08-19 00:29:08,923 [INFO] fourier_embeddings.train.full_run_dense: step   2900/5000 | loss 1.4645 | lr 1.51e-04 | tok/s 97,090
2026-08-19 00:29:42,667 [INFO] fourier_embeddings.train.full_run_dense: step   2950/5000 | loss 1.7933 | lr 1.46e-04 | tok/s 97,109
2026-08-19 00:30:16,407 [INFO] fourier_embeddings.train.full_run_dense: step   3000/5000 | loss 1.7984 | lr 1.42e-04 | tok/s 97,119
2026-08-19 00:30:27,685 [INFO] fourier_embeddings.train.full_run_dense: step   3000 | val_loss 0.2383 | val_ppl 1.27
2026-08-19 00:30:40,286 [INFO] fourier_embeddings.train.full_run_dense: checkpoint saved at step 3000 -> results/full_run_dense/last.pt
2026-08-19 00:31:13,834 [INFO] fourier_embeddings.train.full_run_dense: step   3050/5000 | loss 1.5425 | lr 1.37e-04 | tok/s 57,060
2026-08-19 00:31:47,877 [INFO] fourier_embeddings.train.full_run_dense: step   3100/5000 | loss 1.5681 | lr 1.32e-04 | tok/s 96,255
2026-08-19 00:32:21,913 [INFO] fourier_embeddings.train.full_run_dense: step   3150/5000 | loss 1.6233 | lr 1.28e-04 | tok/s 96,274
2026-08-19 00:32:55,706 [INFO] fourier_embeddings.train.full_run_dense: step   3200/5000 | loss 1.5220 | lr 1.23e-04 | tok/s 96,969
2026-08-19 00:33:29,404 [INFO] fourier_embeddings.train.full_run_dense: step   3250/5000 | loss 1.4723 | lr 1.19e-04 | tok/s 97,238
2026-08-19 00:34:03,058 [INFO] fourier_embeddings.train.full_run_dense: step   3300/5000 | loss 1.3653 | lr 1.14e-04 | tok/s 97,368
2026-08-19 00:34:36,722 [INFO] fourier_embeddings.train.full_run_dense: step   3350/5000 | loss 1.5721 | lr 1.10e-04 | tok/s 97,340
2026-08-19 00:35:10,402 [INFO] fourier_embeddings.train.full_run_dense: step   3400/5000 | loss 1.4822 | lr 1.06e-04 | tok/s 97,290
2026-08-19 00:35:44,131 [INFO] fourier_embeddings.train.full_run_dense: step   3450/5000 | loss 1.5762 | lr 1.02e-04 | tok/s 97,151
2026-08-19 00:36:17,886 [INFO] fourier_embeddings.train.full_run_dense: step   3500/5000 | loss 1.5924 | lr 9.75e-05 | tok/s 97,077
2026-08-19 00:36:29,169 [INFO] fourier_embeddings.train.full_run_dense: step   3500 | val_loss 0.2200 | val_ppl 1.25
2026-08-19 00:37:06,175 [INFO] fourier_embeddings.train.full_run_dense: step   3550/5000 | loss 1.4556 | lr 9.35e-05 | tok/s 67,857
2026-08-19 00:37:39,932 [INFO] fourier_embeddings.train.full_run_dense: step   3600/5000 | loss 1.6225 | lr 8.95e-05 | tok/s 97,072
2026-08-19 00:38:13,708 [INFO] fourier_embeddings.train.full_run_dense: step   3650/5000 | loss 1.3074 | lr 8.56e-05 | tok/s 97,016
2026-08-19 00:38:47,493 [INFO] fourier_embeddings.train.full_run_dense: step   3700/5000 | loss 1.8220 | lr 8.19e-05 | tok/s 96,988
2026-08-19 00:39:21,274 [INFO] fourier_embeddings.train.full_run_dense: step   3750/5000 | loss 1.6977 | lr 7.82e-05 | tok/s 97,002
2026-08-19 00:39:55,039 [INFO] fourier_embeddings.train.full_run_dense: step   3800/5000 | loss 1.4546 | lr 7.47e-05 | tok/s 97,048
2026-08-19 00:40:28,791 [INFO] fourier_embeddings.train.full_run_dense: step   3850/5000 | loss 1.4107 | lr 7.12e-05 | tok/s 97,083
2026-08-19 00:41:02,544 [INFO] fourier_embeddings.train.full_run_dense: step   3900/5000 | loss 1.4120 | lr 6.79e-05 | tok/s 97,082
2026-08-19 00:41:36,283 [INFO] fourier_embeddings.train.full_run_dense: step   3950/5000 | loss 1.6497 | lr 6.47e-05 | tok/s 97,121
2026-08-19 00:42:10,020 [INFO] fourier_embeddings.train.full_run_dense: step   4000/5000 | loss 1.3866 | lr 6.16e-05 | tok/s 97,130
2026-08-19 00:42:21,295 [INFO] fourier_embeddings.train.full_run_dense: step   4000 | val_loss 0.2117 | val_ppl 1.24
2026-08-19 00:42:33,884 [INFO] fourier_embeddings.train.full_run_dense: checkpoint saved at step 4000 -> results/full_run_dense/last.pt
2026-08-19 00:43:07,449 [INFO] fourier_embeddings.train.full_run_dense: step   4050/5000 | loss 1.4895 | lr 5.86e-05 | tok/s 57,058
2026-08-19 00:43:41,491 [INFO] fourier_embeddings.train.full_run_dense: step   4100/5000 | loss 1.6750 | lr 5.58e-05 | tok/s 96,256
2026-08-19 00:44:15,538 [INFO] fourier_embeddings.train.full_run_dense: step   4150/5000 | loss 1.6238 | lr 5.31e-05 | tok/s 96,245
2026-08-19 00:44:49,336 [INFO] fourier_embeddings.train.full_run_dense: step   4200/5000 | loss 1.5158 | lr 5.05e-05 | tok/s 96,952
2026-08-19 00:45:23,048 [INFO] fourier_embeddings.train.full_run_dense: step   4250/5000 | loss 1.7627 | lr 4.81e-05 | tok/s 97,200
2026-08-19 00:45:56,698 [INFO] fourier_embeddings.train.full_run_dense: step   4300/5000 | loss 1.4864 | lr 4.58e-05 | tok/s 97,376
2026-08-19 00:46:30,347 [INFO] fourier_embeddings.train.full_run_dense: step   4350/5000 | loss 1.4730 | lr 4.37e-05 | tok/s 97,384
2026-08-19 00:47:04,032 [INFO] fourier_embeddings.train.full_run_dense: step   4400/5000 | loss 1.4203 | lr 4.17e-05 | tok/s 97,278
2026-08-19 00:47:37,774 [INFO] fourier_embeddings.train.full_run_dense: step   4450/5000 | loss 1.6069 | lr 3.98e-05 | tok/s 97,111
2026-08-19 00:48:11,541 [INFO] fourier_embeddings.train.full_run_dense: step   4500/5000 | loss 1.5059 | lr 3.81e-05 | tok/s 97,044
2026-08-19 00:48:22,826 [INFO] fourier_embeddings.train.full_run_dense: step   4500 | val_loss 0.2123 | val_ppl 1.24
2026-08-19 00:48:56,581 [INFO] fourier_embeddings.train.full_run_dense: step   4550/5000 | loss 1.3946 | lr 3.66e-05 | tok/s 72,753
2026-08-19 00:49:30,335 [INFO] fourier_embeddings.train.full_run_dense: step   4600/5000 | loss 1.4806 | lr 3.52e-05 | tok/s 97,078
2026-08-19 00:50:04,079 [INFO] fourier_embeddings.train.full_run_dense: step   4650/5000 | loss 1.3584 | lr 3.40e-05 | tok/s 97,109
2026-08-19 00:50:37,823 [INFO] fourier_embeddings.train.full_run_dense: step   4700/5000 | loss 1.4906 | lr 3.30e-05 | tok/s 97,106
2026-08-19 00:51:11,566 [INFO] fourier_embeddings.train.full_run_dense: step   4750/5000 | loss 1.5540 | lr 3.21e-05 | tok/s 97,112
2026-08-19 00:51:45,299 [INFO] fourier_embeddings.train.full_run_dense: step   4800/5000 | loss 1.6875 | lr 3.13e-05 | tok/s 97,138
2026-08-19 00:52:19,026 [INFO] fourier_embeddings.train.full_run_dense: step   4850/5000 | loss 1.6137 | lr 3.07e-05 | tok/s 97,157
2026-08-19 00:52:52,742 [INFO] fourier_embeddings.train.full_run_dense: step   4900/5000 | loss 1.2401 | lr 3.03e-05 | tok/s 97,187
2026-08-19 00:53:26,450 [INFO] fourier_embeddings.train.full_run_dense: step   4950/5000 | loss 1.5380 | lr 3.01e-05 | tok/s 97,213
2026-08-19 00:54:10,757 [INFO] fourier_embeddings.train.full_run_dense: step   4999 | val_loss 0.2089 | val_ppl 1.23
2026-08-19 00:54:25,518 [INFO] fourier_embeddings.train.full_run_dense: training complete in 3558.8s. final_val_loss=0.2083 best_val_loss=0.2089. wrote results/full_run_dense/metrics.json
