2026-08-18 23:32:53,830 [INFO] fourier_embeddings.analysis.report_figures: wrote report_figures/train_loss.png
2026-08-18 23:32:53,930 [INFO] fourier_embeddings.analysis.report_figures: wrote report_figures/val_loss.png
2026-08-18 23:32:54,039 [INFO] fourier_embeddings.analysis.report_figures: wrote report_figures/val_perplexity.png
2026-08-18 23:32:54,147 [INFO] fourier_embeddings.analysis.report_figures: wrote report_figures/param_breakdown.png
2026-08-18 23:32:54,223 [INFO] fourier_embeddings.analysis.report_figures: wrote report_figures/codec_params.png
2026-08-18 23:32:54,299 [INFO] fourier_embeddings.analysis.report_figures: wrote report_figures/final_val_loss.png
2026-08-18 23:32:54,388 [INFO] fourier_embeddings.analysis.report_figures: wrote report_figures/final_val_ppl.png
2026-08-18 23:32:54,464 [INFO] fourier_embeddings.analysis.report_figures: wrote report_figures/wall_clock.png
2026-08-18 23:32:54,568 [INFO] fourier_embeddings.analysis.report_figures: wrote report_figures/collisions.png
2026-08-18 23:32:54,651 [INFO] fourier_embeddings.analysis.report_figures: wrote report_figures/order_sensitivity.png
2026-08-18 23:32:54,773 [INFO] fourier_embeddings.analysis.report_figures: wrote report_figures/crosstalk.png
2026-08-18 23:32:54,774 [INFO] fourier_embeddings.analysis.report_figures: all figures written to report_figures
2026-08-18 23:34:19,987 [INFO] fourier_embeddings.analysis.report_figures: wrote report_figures/train_loss.png
2026-08-18 23:34:20,084 [INFO] fourier_embeddings.analysis.report_figures: wrote report_figures/val_loss.png
2026-08-18 23:34:20,197 [INFO] fourier_embeddings.analysis.report_figures: wrote report_figures/val_loss_zoomed.png
2026-08-18 23:34:20,294 [INFO] fourier_embeddings.analysis.report_figures: wrote report_figures/val_perplexity.png
2026-08-18 23:34:20,392 [INFO] fourier_embeddings.analysis.report_figures: wrote report_figures/param_breakdown.png
2026-08-18 23:34:20,516 [INFO] fourier_embeddings.analysis.report_figures: wrote report_figures/codec_params.png
2026-08-18 23:34:20,592 [INFO] fourier_embeddings.analysis.report_figures: wrote report_figures/final_val_loss.png
2026-08-18 23:34:20,681 [INFO] fourier_embeddings.analysis.report_figures: wrote report_figures/final_val_ppl.png
2026-08-18 23:34:20,780 [INFO] fourier_embeddings.analysis.report_figures: wrote report_figures/wall_clock.png
2026-08-18 23:34:20,900 [INFO] fourier_embeddings.analysis.report_figures: wrote report_figures/collisions.png
2026-08-18 23:34:20,982 [INFO] fourier_embeddings.analysis.report_figures: wrote report_figures/order_sensitivity.png
2026-08-18 23:34:21,098 [INFO] fourier_embeddings.analysis.report_figures: wrote report_figures/crosstalk.png
2026-08-18 23:34:21,099 [INFO] fourier_embeddings.analysis.report_figures: all figures written to report_figures
