2026-08-18 10:01:22,416 [INFO] fourier_embeddings.train.smoke_dense: args: {'run_name': 'smoke_dense', 'out_dir': 'results', 'aim_repo': 'aim_repo', 'log_dir': 'logs', 'no_aim': True, 'data_dir': 'data_bin_smoke', 'tokenizer_path': 'tokenizer_out_smoke/tokenizer.json', 'embedding': 'dense', 'char_dim': 256, 'pos_dim': 16, 'fourier_dim': 16, 'hrr_dim': 256, 'codec_mode': 'dynamic', 'tie_weights': False, 'block_size': 64, 'n_layer': 2, 'n_head': 2, 'n_embd': 64, 'dropout': 0.0, 'bias': False, 'max_steps': 40, 'max_epochs': None, 'batch_size': 8, 'grad_accum_steps': 1, 'learning_rate': 0.0003, 'min_lr': 3e-05, 'warmup_steps': 100, 'weight_decay': 0.1, 'grad_clip': 1.0, 'eval_interval': 20, 'eval_iters': 5, 'log_interval': 5, 'save_interval': 1000, 'device': 'cuda', 'dtype': 'float32', 'compile': False, 'seed': 1337}
2026-08-18 10:01:22,433 [INFO] fourier_embeddings.train.smoke_dense: data meta: {'vocab_size': 4096, 'dtype': "<class 'numpy.uint16'>", 'train_tokens': 3882567, 'val_tokens': 204345, 'tokenizer_path': 'tokenizer_out_smoke/tokenizer.json', 'input_files': ['data_raw_smoke/bn.txt', 'data_raw_smoke/en.txt', 'data_raw_smoke/hi.txt', 'data_raw_smoke/ta.txt', 'data_raw_smoke/te.txt']}
2026-08-18 10:01:22,616 [INFO] fourier_embeddings.train.smoke_dense: model param breakdown: {'token_codec': 262144, 'position_embedding': 4096, 'transformer_blocks': 98560, 'ln_f': 64, 'lm_head': 262144, 'total': 627008}
2026-08-18 10:01:25,437 [INFO] fourier_embeddings.train.smoke_dense: starting training: 40 steps, 512 tokens/step, embedding=dense
2026-08-18 10:01:25,855 [INFO] fourier_embeddings.train.smoke_dense: step      0/40 | loss 8.3361 | lr 3.00e-06 | tok/s 0
2026-08-18 10:01:25,904 [INFO] fourier_embeddings.train.smoke_dense: step      0 | val_loss 8.3411 | val_ppl 4192.64
2026-08-18 10:01:26,023 [INFO] fourier_embeddings.train.smoke_dense: step      5/40 | loss 8.3289 | lr 1.80e-05 | tok/s 15,186
2026-08-18 10:01:26,101 [INFO] fourier_embeddings.train.smoke_dense: step     10/40 | loss 8.3249 | lr 3.30e-05 | tok/s 32,779
2026-08-18 10:01:26,174 [INFO] fourier_embeddings.train.smoke_dense: step     15/40 | loss 8.3067 | lr 4.80e-05 | tok/s 35,362
2026-08-18 10:01:26,243 [INFO] fourier_embeddings.train.smoke_dense: step     20/40 | loss 8.3097 | lr 6.30e-05 | tok/s 37,232
2026-08-18 10:01:26,287 [INFO] fourier_embeddings.train.smoke_dense: step     20 | val_loss 8.3178 | val_ppl 4096.22
2026-08-18 10:01:26,395 [INFO] fourier_embeddings.train.smoke_dense: step     25/40 | loss 8.2915 | lr 7.80e-05 | tok/s 16,774
2026-08-18 10:01:26,469 [INFO] fourier_embeddings.train.smoke_dense: step     30/40 | loss 8.2736 | lr 9.30e-05 | tok/s 34,466
2026-08-18 10:01:26,539 [INFO] fourier_embeddings.train.smoke_dense: step     35/40 | loss 8.2346 | lr 1.08e-04 | tok/s 36,790
2026-08-18 10:01:26,642 [INFO] fourier_embeddings.train.smoke_dense: step     39 | val_loss 8.2369 | val_ppl 3777.73
2026-08-18 10:01:26,754 [INFO] fourier_embeddings.train.smoke_dense: training complete in 1.2s. final_val_loss=8.2336 best_val_loss=8.2369. wrote results/smoke_dense/metrics.json
2026-08-18 13:43:22,805 [INFO] fourier_embeddings.train.smoke_dense: ==================== run start (resume=False) ====================
2026-08-18 13:43:22,805 [INFO] fourier_embeddings.train.smoke_dense: args: {'run_name': 'smoke_dense', 'out_dir': 'results', 'aim_repo': 'aim_repo', 'log_dir': 'logs', 'no_aim': True, 'data_dir': 'data_bin_smoke', 'tokenizer_path': 'tokenizer_out_smoke/tokenizer.json', 'embedding': 'dense', 'char_dim': 256, 'pos_dim': 16, 'fourier_dim': 16, 'hrr_dim': 256, 'codec_mode': 'dynamic', 'tie_weights': False, 'block_size': 64, 'n_layer': 2, 'n_head': 2, 'n_embd': 64, 'dropout': 0.0, 'bias': False, 'max_steps': 40, 'max_epochs': None, 'batch_size': 8, 'grad_accum_steps': 1, 'learning_rate': 0.0003, 'min_lr': 3e-05, 'warmup_steps': 100, 'weight_decay': 0.1, 'grad_clip': 1.0, 'eval_interval': 20, 'eval_iters': 5, 'log_interval': 5, 'save_interval': 1000, 'device': 'cuda', 'dtype': 'float32', 'compile': False, 'seed': 1337, 'resume': False}
2026-08-18 13:43:22,826 [INFO] fourier_embeddings.train.smoke_dense: data meta: {'vocab_size': 4096, 'dtype': "<class 'numpy.uint16'>", 'train_tokens': 3882567, 'val_tokens': 204345, 'tokenizer_path': 'tokenizer_out_smoke/tokenizer.json', 'input_files': ['data_raw_smoke/bn.txt', 'data_raw_smoke/en.txt', 'data_raw_smoke/hi.txt', 'data_raw_smoke/ta.txt', 'data_raw_smoke/te.txt']}
2026-08-18 13:43:38,330 [INFO] fourier_embeddings.train.smoke_dense: model param breakdown: {'token_codec': 262144, 'position_embedding': 4096, 'transformer_blocks': 98560, 'ln_f': 64, 'lm_head': 262144, 'total': 627008}
2026-08-18 13:43:39,173 [INFO] fourier_embeddings.train.smoke_dense: starting training: 40 steps, 512 tokens/step, embedding=dense
2026-08-18 13:43:39,523 [INFO] fourier_embeddings.train.smoke_dense: step      0/40 | loss 8.3361 | lr 3.00e-06 | tok/s 0
2026-08-18 13:43:39,566 [INFO] fourier_embeddings.train.smoke_dense: step      0 | val_loss 8.3411 | val_ppl 4192.64
2026-08-18 13:43:39,661 [INFO] fourier_embeddings.train.smoke_dense: step      5/40 | loss 8.3289 | lr 1.80e-05 | tok/s 18,594
2026-08-18 13:43:39,734 [INFO] fourier_embeddings.train.smoke_dense: step     10/40 | loss 8.3249 | lr 3.30e-05 | tok/s 34,895
2026-08-18 13:43:39,803 [INFO] fourier_embeddings.train.smoke_dense: step     15/40 | loss 8.3067 | lr 4.80e-05 | tok/s 37,272
2026-08-18 13:43:39,863 [INFO] fourier_embeddings.train.smoke_dense: step     20/40 | loss 8.3097 | lr 6.30e-05 | tok/s 42,374
2026-08-18 13:43:39,907 [INFO] fourier_embeddings.train.smoke_dense: step     20 | val_loss 8.3178 | val_ppl 4096.22
2026-08-18 13:43:39,994 [INFO] fourier_embeddings.train.smoke_dense: step     25/40 | loss 8.2915 | lr 7.80e-05 | tok/s 19,489
2026-08-18 13:43:40,054 [INFO] fourier_embeddings.train.smoke_dense: step     30/40 | loss 8.2736 | lr 9.30e-05 | tok/s 42,848
2026-08-18 13:43:40,133 [INFO] fourier_embeddings.train.smoke_dense: step     35/40 | loss 8.2346 | lr 1.08e-04 | tok/s 32,483
2026-08-18 13:43:40,237 [INFO] fourier_embeddings.train.smoke_dense: step     39 | val_loss 8.2369 | val_ppl 3777.73
2026-08-18 13:43:40,342 [INFO] fourier_embeddings.train.smoke_dense: training complete in 1.1s. final_val_loss=8.2336 best_val_loss=8.2369. wrote results/smoke_dense/metrics.json
