2026-08-18 09:55:24,042 [INFO] fourier_embeddings.download: downloading en -> data_raw_smoke/en.txt (target ~0.2MB)
2026-08-18 09:55:35,516 [WARNING] fourier_embeddings.download: fetch failed (<urlopen error [Errno -3] Temporary failure in name resolution>); retrying in 1s
2026-08-18 09:57:10,491 [INFO] fourier_embeddings.download: [en] 3243285/200000 chars, 100 articles (offset=100)
2026-08-18 09:57:10,493 [INFO] fourier_embeddings.download: [en] done: {'lang': 'en', 'chars': 3243285, 'articles': 100, 'path': 'data_raw_smoke/en.txt'}
2026-08-18 09:57:10,493 [INFO] fourier_embeddings.download: downloading hi -> data_raw_smoke/hi.txt (target ~0.2MB)
2026-08-18 09:57:13,364 [INFO] fourier_embeddings.download: [hi] 1394782/200000 chars, 100 articles (offset=100)
2026-08-18 09:57:13,366 [INFO] fourier_embeddings.download: [hi] done: {'lang': 'hi', 'chars': 1394782, 'articles': 100, 'path': 'data_raw_smoke/hi.txt'}
2026-08-18 09:57:13,367 [INFO] fourier_embeddings.download: downloading te -> data_raw_smoke/te.txt (target ~0.2MB)
2026-08-18 09:57:15,902 [INFO] fourier_embeddings.download: [te] 664306/200000 chars, 100 articles (offset=100)
2026-08-18 09:57:15,905 [INFO] fourier_embeddings.download: [te] done: {'lang': 'te', 'chars': 664306, 'articles': 100, 'path': 'data_raw_smoke/te.txt'}
2026-08-18 09:57:15,905 [INFO] fourier_embeddings.download: downloading ta -> data_raw_smoke/ta.txt (target ~0.2MB)
2026-08-18 09:57:18,678 [INFO] fourier_embeddings.download: [ta] 582608/200000 chars, 100 articles (offset=100)
2026-08-18 09:57:18,681 [INFO] fourier_embeddings.download: [ta] done: {'lang': 'ta', 'chars': 582608, 'articles': 100, 'path': 'data_raw_smoke/ta.txt'}
2026-08-18 09:57:18,681 [INFO] fourier_embeddings.download: downloading bn -> data_raw_smoke/bn.txt (target ~0.2MB)
2026-08-18 09:57:22,156 [INFO] fourier_embeddings.download: [bn] 1554038/200000 chars, 100 articles (offset=100)
2026-08-18 09:57:22,158 [INFO] fourier_embeddings.download: [bn] done: {'lang': 'bn', 'chars': 1554038, 'articles': 100, 'path': 'data_raw_smoke/bn.txt'}
2026-08-18 09:57:22,163 [INFO] fourier_embeddings.download: wrote manifest -> data_raw_smoke/manifest.json
2026-08-18 09:57:22,163 [INFO] fourier_embeddings.download: total corpus: 7,439,019 chars across 5 languages
2026-08-18 10:00:48,712 [INFO] fourier_embeddings.download: downloading en -> data_raw_smoke/en.txt (target ~0.3MB)
2026-08-18 10:00:51,336 [INFO] fourier_embeddings.download: [en] 3243285/300000 chars, 100 articles (offset=100)
2026-08-18 10:00:51,338 [INFO] fourier_embeddings.download: [en] done: {'lang': 'en', 'chars': 3243285, 'articles': 100, 'path': 'data_raw_smoke/en.txt'}
2026-08-18 10:00:51,338 [INFO] fourier_embeddings.download: downloading hi -> data_raw_smoke/hi.txt (target ~0.3MB)
2026-08-18 10:00:54,227 [INFO] fourier_embeddings.download: [hi] 1394782/300000 chars, 100 articles (offset=100)
2026-08-18 10:00:54,229 [INFO] fourier_embeddings.download: [hi] done: {'lang': 'hi', 'chars': 1394782, 'articles': 100, 'path': 'data_raw_smoke/hi.txt'}
2026-08-18 10:00:54,229 [INFO] fourier_embeddings.download: downloading te -> data_raw_smoke/te.txt (target ~0.3MB)
2026-08-18 10:00:56,651 [INFO] fourier_embeddings.download: [te] 664306/300000 chars, 100 articles (offset=100)
2026-08-18 10:00:56,652 [INFO] fourier_embeddings.download: [te] done: {'lang': 'te', 'chars': 664306, 'articles': 100, 'path': 'data_raw_smoke/te.txt'}
2026-08-18 10:00:56,652 [INFO] fourier_embeddings.download: downloading ta -> data_raw_smoke/ta.txt (target ~0.3MB)
2026-08-18 10:00:58,912 [INFO] fourier_embeddings.download: [ta] 582608/300000 chars, 100 articles (offset=100)
2026-08-18 10:00:58,914 [INFO] fourier_embeddings.download: [ta] done: {'lang': 'ta', 'chars': 582608, 'articles': 100, 'path': 'data_raw_smoke/ta.txt'}
2026-08-18 10:00:58,914 [INFO] fourier_embeddings.download: downloading bn -> data_raw_smoke/bn.txt (target ~0.3MB)
2026-08-18 10:01:01,977 [INFO] fourier_embeddings.download: [bn] 1554038/300000 chars, 100 articles (offset=100)
2026-08-18 10:01:01,980 [INFO] fourier_embeddings.download: [bn] done: {'lang': 'bn', 'chars': 1554038, 'articles': 100, 'path': 'data_raw_smoke/bn.txt'}
2026-08-18 10:01:01,988 [INFO] fourier_embeddings.download: wrote manifest -> data_raw_smoke/manifest.json
2026-08-18 10:01:01,988 [INFO] fourier_embeddings.download: total corpus: 7,439,019 chars across 5 languages
2026-08-18 13:43:17,104 [INFO] fourier_embeddings.download: [en] data_raw_smoke/en.txt already has 3,243,485 chars (target 300,000); skipping (--overwrite to redo)
2026-08-18 13:43:17,143 [INFO] fourier_embeddings.download: [hi] data_raw_smoke/hi.txt already has 1,394,982 chars (target 300,000); skipping (--overwrite to redo)
2026-08-18 13:43:17,164 [INFO] fourier_embeddings.download: [te] data_raw_smoke/te.txt already has 664,506 chars (target 300,000); skipping (--overwrite to redo)
2026-08-18 13:43:17,181 [INFO] fourier_embeddings.download: [ta] data_raw_smoke/ta.txt already has 582,808 chars (target 300,000); skipping (--overwrite to redo)
2026-08-18 13:43:17,272 [INFO] fourier_embeddings.download: [bn] data_raw_smoke/bn.txt already has 1,554,238 chars (target 300,000); skipping (--overwrite to redo)
2026-08-18 13:43:17,280 [INFO] fourier_embeddings.download: wrote manifest -> data_raw_smoke/manifest.json
2026-08-18 13:43:17,281 [INFO] fourier_embeddings.download: total corpus: 7,440,019 chars across 5 languages
2026-08-18 15:19:09,756 [INFO] fourier_embeddings.download: [en] data_raw_smoke/en.txt already has 3,243,485 chars (target 300,000); skipping (--overwrite to redo)
2026-08-18 15:19:09,800 [INFO] fourier_embeddings.download: [hi] data_raw_smoke/hi.txt already has 1,394,982 chars (target 300,000); skipping (--overwrite to redo)
2026-08-18 15:19:09,834 [INFO] fourier_embeddings.download: [te] data_raw_smoke/te.txt already has 664,506 chars (target 300,000); skipping (--overwrite to redo)
2026-08-18 15:19:09,853 [INFO] fourier_embeddings.download: [ta] data_raw_smoke/ta.txt already has 582,808 chars (target 300,000); skipping (--overwrite to redo)
2026-08-18 15:19:09,893 [INFO] fourier_embeddings.download: [bn] data_raw_smoke/bn.txt already has 1,554,238 chars (target 300,000); skipping (--overwrite to redo)
2026-08-18 15:19:09,900 [INFO] fourier_embeddings.download: wrote manifest -> data_raw_smoke/manifest.json
2026-08-18 15:19:09,901 [INFO] fourier_embeddings.download: total corpus: 7,440,019 chars across 5 languages
