2026-08-18 10:01:29,933 [INFO] fourier_embeddings.train.smoke_kronecker: args: {'run_name': 'smoke_kronecker', 'out_dir': 'results', 'aim_repo': 'aim_repo', 'log_dir': 'logs', 'no_aim': True, 'data_dir': 'data_bin_smoke', 'tokenizer_path': 'tokenizer_out_smoke/tokenizer.json', 'embedding': 'kronecker', 'char_dim': 256, 'pos_dim': 16, 'fourier_dim': 16, 'hrr_dim': 256, 'codec_mode': 'dynamic', 'tie_weights': False, 'block_size': 64, 'n_layer': 2, 'n_head': 2, 'n_embd': 64, 'dropout': 0.0, 'bias': False, 'max_steps': 40, 'max_epochs': None, 'batch_size': 8, 'grad_accum_steps': 1, 'learning_rate': 0.0003, 'min_lr': 3e-05, 'warmup_steps': 100, 'weight_decay': 0.1, 'grad_clip': 1.0, 'eval_interval': 20, 'eval_iters': 5, 'log_interval': 5, 'save_interval': 1000, 'device': 'cuda', 'dtype': 'float32', 'compile': False, 'seed': 1337}
2026-08-18 10:01:29,954 [INFO] fourier_embeddings.train.smoke_kronecker: data meta: {'vocab_size': 4096, 'dtype': "<class 'numpy.uint16'>", 'train_tokens': 3882567, 'val_tokens': 204345, 'tokenizer_path': 'tokenizer_out_smoke/tokenizer.json', 'input_files': ['data_raw_smoke/bn.txt', 'data_raw_smoke/en.txt', 'data_raw_smoke/hi.txt', 'data_raw_smoke/ta.txt', 'data_raw_smoke/te.txt']}
2026-08-18 10:01:30,624 [INFO] fourier_embeddings.train.smoke_kronecker: model param breakdown: {'token_codec': 262144, 'position_embedding': 4096, 'transformer_blocks': 98560, 'ln_f': 64, 'lm_head': 262144, 'total': 627008}
2026-08-18 10:01:31,575 [INFO] fourier_embeddings.train.smoke_kronecker: starting training: 40 steps, 512 tokens/step, embedding=kronecker
2026-08-18 10:01:31,985 [INFO] fourier_embeddings.train.smoke_kronecker: step      0/40 | loss 8.3021 | lr 3.00e-06 | tok/s 0
2026-08-18 10:01:32,041 [INFO] fourier_embeddings.train.smoke_kronecker: step      0 | val_loss 8.3218 | val_ppl 4112.67
2026-08-18 10:01:32,140 [INFO] fourier_embeddings.train.smoke_kronecker: step      5/40 | loss 8.3124 | lr 1.80e-05 | tok/s 16,541
2026-08-18 10:01:32,203 [INFO] fourier_embeddings.train.smoke_kronecker: step     10/40 | loss 8.3075 | lr 3.30e-05 | tok/s 40,401
2026-08-18 10:01:32,262 [INFO] fourier_embeddings.train.smoke_kronecker: step     15/40 | loss 8.3001 | lr 4.80e-05 | tok/s 43,520
2026-08-18 10:01:32,322 [INFO] fourier_embeddings.train.smoke_kronecker: step     20/40 | loss 8.2727 | lr 6.30e-05 | tok/s 42,334
2026-08-18 10:01:32,373 [INFO] fourier_embeddings.train.smoke_kronecker: step     20 | val_loss 8.2965 | val_ppl 4009.96
2026-08-18 10:01:32,469 [INFO] fourier_embeddings.train.smoke_kronecker: step     25/40 | loss 8.2973 | lr 7.80e-05 | tok/s 17,410
2026-08-18 10:01:32,541 [INFO] fourier_embeddings.train.smoke_kronecker: step     30/40 | loss 8.2763 | lr 9.30e-05 | tok/s 35,846
2026-08-18 10:01:32,606 [INFO] fourier_embeddings.train.smoke_kronecker: step     35/40 | loss 8.2150 | lr 1.08e-04 | tok/s 39,143
2026-08-18 10:01:32,687 [INFO] fourier_embeddings.train.smoke_kronecker: step     39 | val_loss 8.2290 | val_ppl 3748.25
2026-08-18 10:01:32,778 [INFO] fourier_embeddings.train.smoke_kronecker: training complete in 1.1s. final_val_loss=8.2264 best_val_loss=8.2290. wrote results/smoke_kronecker/metrics.json
2026-08-18 13:43:43,279 [INFO] fourier_embeddings.train.smoke_kronecker: ==================== run start (resume=False) ====================
2026-08-18 13:43:43,279 [INFO] fourier_embeddings.train.smoke_kronecker: args: {'run_name': 'smoke_kronecker', 'out_dir': 'results', 'aim_repo': 'aim_repo', 'log_dir': 'logs', 'no_aim': True, 'data_dir': 'data_bin_smoke', 'tokenizer_path': 'tokenizer_out_smoke/tokenizer.json', 'embedding': 'kronecker', 'char_dim': 256, 'pos_dim': 16, 'fourier_dim': 16, 'hrr_dim': 256, 'codec_mode': 'dynamic', 'tie_weights': False, 'block_size': 64, 'n_layer': 2, 'n_head': 2, 'n_embd': 64, 'dropout': 0.0, 'bias': False, 'max_steps': 40, 'max_epochs': None, 'batch_size': 8, 'grad_accum_steps': 1, 'learning_rate': 0.0003, 'min_lr': 3e-05, 'warmup_steps': 100, 'weight_decay': 0.1, 'grad_clip': 1.0, 'eval_interval': 20, 'eval_iters': 5, 'log_interval': 5, 'save_interval': 1000, 'device': 'cuda', 'dtype': 'float32', 'compile': False, 'seed': 1337, 'resume': False}
2026-08-18 13:43:43,292 [INFO] fourier_embeddings.train.smoke_kronecker: data meta: {'vocab_size': 4096, 'dtype': "<class 'numpy.uint16'>", 'train_tokens': 3882567, 'val_tokens': 204345, 'tokenizer_path': 'tokenizer_out_smoke/tokenizer.json', 'input_files': ['data_raw_smoke/bn.txt', 'data_raw_smoke/en.txt', 'data_raw_smoke/hi.txt', 'data_raw_smoke/ta.txt', 'data_raw_smoke/te.txt']}
2026-08-18 13:43:43,524 [INFO] fourier_embeddings.train.smoke_kronecker: model param breakdown: {'token_codec': 262144, 'position_embedding': 4096, 'transformer_blocks': 98560, 'ln_f': 64, 'lm_head': 262144, 'total': 627008}
2026-08-18 13:43:44,287 [INFO] fourier_embeddings.train.smoke_kronecker: starting training: 40 steps, 512 tokens/step, embedding=kronecker
2026-08-18 13:43:44,675 [INFO] fourier_embeddings.train.smoke_kronecker: step      0/40 | loss 8.3021 | lr 3.00e-06 | tok/s 0
2026-08-18 13:43:44,723 [INFO] fourier_embeddings.train.smoke_kronecker: step      0 | val_loss 8.3218 | val_ppl 4112.67
2026-08-18 13:43:44,830 [INFO] fourier_embeddings.train.smoke_kronecker: step      5/40 | loss 8.3124 | lr 1.80e-05 | tok/s 16,528
2026-08-18 13:43:44,901 [INFO] fourier_embeddings.train.smoke_kronecker: step     10/40 | loss 8.3075 | lr 3.30e-05 | tok/s 35,956
2026-08-18 13:43:44,971 [INFO] fourier_embeddings.train.smoke_kronecker: step     15/40 | loss 8.3001 | lr 4.80e-05 | tok/s 36,670
2026-08-18 13:43:45,030 [INFO] fourier_embeddings.train.smoke_kronecker: step     20/40 | loss 8.2727 | lr 6.30e-05 | tok/s 43,139
2026-08-18 13:43:45,070 [INFO] fourier_embeddings.train.smoke_kronecker: step     20 | val_loss 8.2965 | val_ppl 4009.96
2026-08-18 13:43:45,165 [INFO] fourier_embeddings.train.smoke_kronecker: step     25/40 | loss 8.2973 | lr 7.80e-05 | tok/s 18,915
2026-08-18 13:43:45,227 [INFO] fourier_embeddings.train.smoke_kronecker: step     30/40 | loss 8.2763 | lr 9.30e-05 | tok/s 41,741
2026-08-18 13:43:45,290 [INFO] fourier_embeddings.train.smoke_kronecker: step     35/40 | loss 8.2150 | lr 1.08e-04 | tok/s 40,529
2026-08-18 13:43:45,372 [INFO] fourier_embeddings.train.smoke_kronecker: step     39 | val_loss 8.2290 | val_ppl 3748.25
2026-08-18 13:43:45,475 [INFO] fourier_embeddings.train.smoke_kronecker: training complete in 1.1s. final_val_loss=8.2264 best_val_loss=8.2290. wrote results/smoke_kronecker/metrics.json
2026-08-18 15:19:20,487 [INFO] fourier_embeddings.train.smoke_kronecker: ==================== run start (resume=False) ====================
2026-08-18 15:19:20,488 [INFO] fourier_embeddings.train.smoke_kronecker: args: {'run_name': 'smoke_kronecker', 'out_dir': 'results', 'aim_repo': 'aim_repo', 'log_dir': 'logs', 'no_aim': True, 'data_dir': 'data_bin_smoke', 'tokenizer_path': 'tokenizer_out_smoke/tokenizer.json', 'embedding': 'kronecker', 'char_dim': 256, 'pos_dim': 16, 'fourier_dim': 16, 'hrr_dim': 256, 'codec_mode': 'dynamic', 'tie_weights': False, 'block_size': 64, 'n_layer': 2, 'n_head': 2, 'n_embd': 64, 'dropout': 0.0, 'bias': False, 'max_steps': 40, 'max_epochs': None, 'batch_size': 8, 'grad_accum_steps': 1, 'learning_rate': 0.0003, 'min_lr': 3e-05, 'warmup_steps': 100, 'weight_decay': 0.1, 'grad_clip': 1.0, 'eval_interval': 20, 'eval_iters': 5, 'log_interval': 5, 'save_interval': 1000, 'device': 'cuda', 'require_cuda': False, 'dtype': 'float32', 'compile': False, 'seed': 1337, 'resume': False}
2026-08-18 15:19:20,510 [INFO] fourier_embeddings.train.smoke_kronecker: data meta: {'vocab_size': 4096, 'dtype': "<class 'numpy.uint16'>", 'train_tokens': 3882567, 'val_tokens': 204345, 'tokenizer_path': 'tokenizer_out_smoke/tokenizer.json', 'input_files': ['data_raw_smoke/bn.txt', 'data_raw_smoke/en.txt', 'data_raw_smoke/hi.txt', 'data_raw_smoke/ta.txt', 'data_raw_smoke/te.txt']}
2026-08-18 15:19:21,178 [INFO] fourier_embeddings.train.smoke_kronecker: model param breakdown: {'token_codec': 262144, 'position_embedding': 4096, 'transformer_blocks': 98560, 'ln_f': 64, 'lm_head': 262144, 'total': 627008}
2026-08-18 15:19:21,881 [INFO] fourier_embeddings.train.smoke_kronecker: starting training: 40 steps, 512 tokens/step, embedding=kronecker
2026-08-18 15:19:22,268 [INFO] fourier_embeddings.train.smoke_kronecker: step      0/40 | loss 8.3021 | lr 3.00e-06 | tok/s 0
2026-08-18 15:19:22,315 [INFO] fourier_embeddings.train.smoke_kronecker: step      0 | val_loss 8.3218 | val_ppl 4112.67
2026-08-18 15:19:22,411 [INFO] fourier_embeddings.train.smoke_kronecker: step      5/40 | loss 8.3124 | lr 1.80e-05 | tok/s 17,954
2026-08-18 15:19:22,470 [INFO] fourier_embeddings.train.smoke_kronecker: step     10/40 | loss 8.3075 | lr 3.30e-05 | tok/s 43,277
2026-08-18 15:19:22,531 [INFO] fourier_embeddings.train.smoke_kronecker: step     15/40 | loss 8.3001 | lr 4.80e-05 | tok/s 42,043
2026-08-18 15:19:22,584 [INFO] fourier_embeddings.train.smoke_kronecker: step     20/40 | loss 8.2727 | lr 6.30e-05 | tok/s 48,210
2026-08-18 15:19:22,618 [INFO] fourier_embeddings.train.smoke_kronecker: step     20 | val_loss 8.2965 | val_ppl 4009.96
2026-08-18 15:19:22,705 [INFO] fourier_embeddings.train.smoke_kronecker: step     25/40 | loss 8.2973 | lr 7.80e-05 | tok/s 21,116
2026-08-18 15:19:22,758 [INFO] fourier_embeddings.train.smoke_kronecker: step     30/40 | loss 8.2763 | lr 9.30e-05 | tok/s 48,479
2026-08-18 15:19:22,827 [INFO] fourier_embeddings.train.smoke_kronecker: step     35/40 | loss 8.2150 | lr 1.08e-04 | tok/s 37,423
2026-08-18 15:19:22,926 [INFO] fourier_embeddings.train.smoke_kronecker: step     39 | val_loss 8.2290 | val_ppl 3748.25
2026-08-18 15:19:23,035 [INFO] fourier_embeddings.train.smoke_kronecker: training complete in 1.1s. final_val_loss=8.2264 best_val_loss=8.2290. wrote results/smoke_kronecker/metrics.json
