2026-08-20 09:21:59,332 [INFO] fourier_embeddings.train.truncation_wall_probe_kronecker: ==================== run start (resume=False) ====================
2026-08-20 09:21:59,332 [INFO] fourier_embeddings.train.truncation_wall_probe_kronecker: args: {'run_name': 'truncation_wall_probe_kronecker', 'out_dir': 'results', 'aim_repo': 'aim_repo', 'log_dir': 'logs', 'no_aim': False, 'data_dir': 'data_bin', 'tokenizer_path': 'tokenizer_out/tokenizer.json', 'embedding': 'kronecker', 'char_dim': 256, 'pos_dim': 16, 'fourier_dim': 32, 'hrr_dim': 1024, 'byte_capacity': None, 'codec_mode': 'dynamic', 'tie_weights': False, 'block_size': 1024, 'n_layer': 12, 'n_head': 12, 'n_embd': 768, 'dropout': 0.0, 'bias': False, 'max_steps': 5000, 'max_epochs': None, 'batch_size': 32, 'grad_accum_steps': 2, 'learning_rate': 0.0003, 'min_lr': 3e-05, 'warmup_steps': 500, 'weight_decay': 0.1, 'grad_clip': 1.0, 'eval_interval': 500, 'eval_iters': 100, 'log_interval': 50, 'save_interval': 1000, 'device': 'cuda', 'require_cuda': True, 'dtype': 'bfloat16', 'compile': False, 'seed': 1337, 'resume': False}
2026-08-20 09:21:59,334 [INFO] fourier_embeddings.train.truncation_wall_probe_kronecker: data meta: {'vocab_size': 16384, 'dtype': "<class 'numpy.uint16'>", 'train_tokens': 92083360, 'val_tokens': 1879252, 'tokenizer_path': 'tokenizer_out/tokenizer.json', 'input_files': ['data_raw/bn.txt', 'data_raw/en.txt', 'data_raw/hi.txt', 'data_raw/ta.txt', 'data_raw/te.txt']}
2026-08-20 09:22:02,396 [INFO] fourier_embeddings.train.truncation_wall_probe_kronecker: model param breakdown: {'token_codec': 3145728, 'position_embedding': 786432, 'transformer_blocks': 84953088, 'ln_f': 768, 'lm_head': 12582912, 'total': 101468928}
2026-08-20 09:22:06,035 [INFO] fourier_embeddings.train.truncation_wall_probe_kronecker: starting training: 5000 steps, 65536 tokens/step, embedding=kronecker
2026-08-20 09:22:07,819 [INFO] fourier_embeddings.train.truncation_wall_probe_kronecker: step      0/5000 | loss 9.8802 | lr 6.00e-07 | tok/s 0
2026-08-20 09:22:19,497 [INFO] fourier_embeddings.train.truncation_wall_probe_kronecker: step      0 | val_loss 9.9635 | val_ppl 21236.31
2026-08-20 09:22:53,766 [INFO] fourier_embeddings.train.truncation_wall_probe_kronecker: step     50/5000 | loss 6.7653 | lr 3.06e-05 | tok/s 71,318
2026-08-20 09:23:28,108 [INFO] fourier_embeddings.train.truncation_wall_probe_kronecker: step    100/5000 | loss 4.7812 | lr 6.06e-05 | tok/s 95,415
2026-08-20 09:24:02,740 [INFO] fourier_embeddings.train.truncation_wall_probe_kronecker: step    150/5000 | loss 3.9146 | lr 9.06e-05 | tok/s 94,619
2026-08-20 09:24:37,452 [INFO] fourier_embeddings.train.truncation_wall_probe_kronecker: step    200/5000 | loss 3.9089 | lr 1.21e-04 | tok/s 94,398
2026-08-20 09:25:12,227 [INFO] fourier_embeddings.train.truncation_wall_probe_kronecker: step    250/5000 | loss 3.9879 | lr 1.51e-04 | tok/s 94,229
2026-08-20 09:25:47,026 [INFO] fourier_embeddings.train.truncation_wall_probe_kronecker: step    300/5000 | loss 3.6878 | lr 1.81e-04 | tok/s 94,164
2026-08-20 09:26:21,739 [INFO] fourier_embeddings.train.truncation_wall_probe_kronecker: step    350/5000 | loss 3.6312 | lr 2.11e-04 | tok/s 94,397
2026-08-20 09:26:56,341 [INFO] fourier_embeddings.train.truncation_wall_probe_kronecker: step    400/5000 | loss 3.2297 | lr 2.41e-04 | tok/s 94,701
2026-08-20 09:27:30,885 [INFO] fourier_embeddings.train.truncation_wall_probe_kronecker: step    450/5000 | loss 3.3865 | lr 2.71e-04 | tok/s 94,858
2026-08-20 09:28:05,411 [INFO] fourier_embeddings.train.truncation_wall_probe_kronecker: step    500/5000 | loss 3.3857 | lr 3.00e-04 | tok/s 94,908
2026-08-20 09:28:17,494 [INFO] fourier_embeddings.train.truncation_wall_probe_kronecker: step    500 | val_loss 1.8243 | val_ppl 6.20
2026-08-20 09:28:55,607 [INFO] fourier_embeddings.train.truncation_wall_probe_kronecker: step    550/5000 | loss 3.4588 | lr 3.00e-04 | tok/s 65,280
2026-08-20 09:29:30,248 [INFO] fourier_embeddings.train.truncation_wall_probe_kronecker: step    600/5000 | loss 3.4623 | lr 3.00e-04 | tok/s 94,593
2026-08-20 09:30:04,974 [INFO] fourier_embeddings.train.truncation_wall_probe_kronecker: step    650/5000 | loss 3.2334 | lr 2.99e-04 | tok/s 94,363
2026-08-20 09:30:39,712 [INFO] fourier_embeddings.train.truncation_wall_probe_kronecker: step    700/5000 | loss 3.0398 | lr 2.99e-04 | tok/s 94,328
2026-08-20 09:31:14,366 [INFO] fourier_embeddings.train.truncation_wall_probe_kronecker: step    750/5000 | loss 2.5246 | lr 2.98e-04 | tok/s 94,558
2026-08-20 09:31:48,958 [INFO] fourier_embeddings.train.truncation_wall_probe_kronecker: step    800/5000 | loss 2.8092 | lr 2.97e-04 | tok/s 94,727
2026-08-20 09:32:23,503 [INFO] fourier_embeddings.train.truncation_wall_probe_kronecker: step    850/5000 | loss 2.3561 | lr 2.96e-04 | tok/s 94,857
2026-08-20 09:32:58,032 [INFO] fourier_embeddings.train.truncation_wall_probe_kronecker: step    900/5000 | loss 2.3087 | lr 2.95e-04 | tok/s 94,898
2026-08-20 09:33:32,582 [INFO] fourier_embeddings.train.truncation_wall_probe_kronecker: step    950/5000 | loss 1.9872 | lr 2.93e-04 | tok/s 94,842
2026-08-20 09:34:07,188 [INFO] fourier_embeddings.train.truncation_wall_probe_kronecker: step   1000/5000 | loss 2.4230 | lr 2.92e-04 | tok/s 94,688
2026-08-20 09:34:19,297 [INFO] fourier_embeddings.train.truncation_wall_probe_kronecker: step   1000 | val_loss 0.4401 | val_ppl 1.55
2026-08-20 09:34:24,715 [INFO] fourier_embeddings.train.truncation_wall_probe_kronecker: checkpoint saved at step 1000 -> results/truncation_wall_probe_kronecker/last.pt
2026-08-20 09:34:59,246 [INFO] fourier_embeddings.train.truncation_wall_probe_kronecker: step   1050/5000 | loss 2.1900 | lr 2.90e-04 | tok/s 62,946
2026-08-20 09:35:33,920 [INFO] fourier_embeddings.train.truncation_wall_probe_kronecker: step   1100/5000 | loss 2.3281 | lr 2.88e-04 | tok/s 94,501
2026-08-20 09:36:08,659 [INFO] fourier_embeddings.train.truncation_wall_probe_kronecker: step   1150/5000 | loss 2.0958 | lr 2.86e-04 | tok/s 94,326
2026-08-20 09:36:43,340 [INFO] fourier_embeddings.train.truncation_wall_probe_kronecker: step   1200/5000 | loss 1.8084 | lr 2.84e-04 | tok/s 94,485
2026-08-20 09:37:17,924 [INFO] fourier_embeddings.train.truncation_wall_probe_kronecker: step   1250/5000 | loss 2.1738 | lr 2.82e-04 | tok/s 94,748
2026-08-20 09:37:52,463 [INFO] fourier_embeddings.train.truncation_wall_probe_kronecker: step   1300/5000 | loss 2.0157 | lr 2.79e-04 | tok/s 94,873
2026-08-20 09:38:26,992 [INFO] fourier_embeddings.train.truncation_wall_probe_kronecker: step   1350/5000 | loss 2.0227 | lr 2.77e-04 | tok/s 94,901
2026-08-20 09:39:01,546 [INFO] fourier_embeddings.train.truncation_wall_probe_kronecker: step   1400/5000 | loss 1.8598 | lr 2.74e-04 | tok/s 94,831
2026-08-20 09:39:36,155 [INFO] fourier_embeddings.train.truncation_wall_probe_kronecker: step   1450/5000 | loss 1.9835 | lr 2.71e-04 | tok/s 94,681
2026-08-20 09:40:10,807 [INFO] fourier_embeddings.train.truncation_wall_probe_kronecker: step   1500/5000 | loss 2.2270 | lr 2.68e-04 | tok/s 94,562
2026-08-20 09:40:22,912 [INFO] fourier_embeddings.train.truncation_wall_probe_kronecker: step   1500 | val_loss 0.3074 | val_ppl 1.36
2026-08-20 09:41:00,219 [INFO] fourier_embeddings.train.truncation_wall_probe_kronecker: step   1550/5000 | loss 1.7421 | lr 2.65e-04 | tok/s 66,316
2026-08-20 09:41:34,871 [INFO] fourier_embeddings.train.truncation_wall_probe_kronecker: step   1600/5000 | loss 1.9328 | lr 2.62e-04 | tok/s 94,561
2026-08-20 09:42:09,527 [INFO] fourier_embeddings.train.truncation_wall_probe_kronecker: step   1650/5000 | loss 1.8515 | lr 2.59e-04 | tok/s 94,552
2026-08-20 09:42:44,171 [INFO] fourier_embeddings.train.truncation_wall_probe_kronecker: step   1700/5000 | loss 2.0186 | lr 2.55e-04 | tok/s 94,586
2026-08-20 09:43:18,810 [INFO] fourier_embeddings.train.truncation_wall_probe_kronecker: step   1750/5000 | loss 2.1558 | lr 2.52e-04 | tok/s 94,598
2026-08-20 09:43:53,471 [INFO] fourier_embeddings.train.truncation_wall_probe_kronecker: step   1800/5000 | loss 1.7946 | lr 2.48e-04 | tok/s 94,539
2026-08-20 09:44:28,090 [INFO] fourier_embeddings.train.truncation_wall_probe_kronecker: step   1850/5000 | loss 2.0638 | lr 2.44e-04 | tok/s 94,654
2026-08-20 09:45:02,691 [INFO] fourier_embeddings.train.truncation_wall_probe_kronecker: step   1900/5000 | loss 1.7816 | lr 2.40e-04 | tok/s 94,702
2026-08-20 09:45:37,285 [INFO] fourier_embeddings.train.truncation_wall_probe_kronecker: step   1950/5000 | loss 1.9219 | lr 2.37e-04 | tok/s 94,722
2026-08-20 09:46:11,858 [INFO] fourier_embeddings.train.truncation_wall_probe_kronecker: step   2000/5000 | loss 1.9907 | lr 2.32e-04 | tok/s 94,778
2026-08-20 09:46:23,930 [INFO] fourier_embeddings.train.truncation_wall_probe_kronecker: step   2000 | val_loss 0.2604 | val_ppl 1.30
2026-08-20 09:46:34,517 [INFO] fourier_embeddings.train.truncation_wall_probe_kronecker: checkpoint saved at step 2000 -> results/truncation_wall_probe_kronecker/last.pt
2026-08-20 09:47:08,948 [INFO] fourier_embeddings.train.truncation_wall_probe_kronecker: step   2050/5000 | loss 1.7606 | lr 2.28e-04 | tok/s 57,398
2026-08-20 09:47:43,843 [INFO] fourier_embeddings.train.truncation_wall_probe_kronecker: step   2100/5000 | loss 1.6678 | lr 2.24e-04 | tok/s 93,904
2026-08-20 09:48:18,728 [INFO] fourier_embeddings.train.truncation_wall_probe_kronecker: step   2150/5000 | loss 1.9044 | lr 2.20e-04 | tok/s 93,932
2026-08-20 09:48:53,378 [INFO] fourier_embeddings.train.truncation_wall_probe_kronecker: step   2200/5000 | loss 1.8734 | lr 2.16e-04 | tok/s 94,566
2026-08-20 09:49:27,940 [INFO] fourier_embeddings.train.truncation_wall_probe_kronecker: step   2250/5000 | loss 1.7217 | lr 2.11e-04 | tok/s 94,811
2026-08-20 09:50:02,444 [INFO] fourier_embeddings.train.truncation_wall_probe_kronecker: step   2300/5000 | loss 1.9202 | lr 2.07e-04 | tok/s 94,968
2026-08-20 09:50:36,963 [INFO] fourier_embeddings.train.truncation_wall_probe_kronecker: step   2350/5000 | loss 1.6506 | lr 2.02e-04 | tok/s 94,928
2026-08-20 09:51:11,524 [INFO] fourier_embeddings.train.truncation_wall_probe_kronecker: step   2400/5000 | loss 1.8482 | lr 1.98e-04 | tok/s 94,812
2026-08-20 09:51:46,138 [INFO] fourier_embeddings.train.truncation_wall_probe_kronecker: step   2450/5000 | loss 2.0177 | lr 1.93e-04 | tok/s 94,666
2026-08-20 09:52:20,789 [INFO] fourier_embeddings.train.truncation_wall_probe_kronecker: step   2500/5000 | loss 1.6992 | lr 1.88e-04 | tok/s 94,565
2026-08-20 09:52:32,894 [INFO] fourier_embeddings.train.truncation_wall_probe_kronecker: step   2500 | val_loss 0.2438 | val_ppl 1.28
2026-08-20 09:53:10,577 [INFO] fourier_embeddings.train.truncation_wall_probe_kronecker: step   2550/5000 | loss 1.7963 | lr 1.84e-04 | tok/s 65,815
2026-08-20 09:53:45,230 [INFO] fourier_embeddings.train.truncation_wall_probe_kronecker: step   2600/5000 | loss 1.6872 | lr 1.79e-04 | tok/s 94,560
2026-08-20 09:54:19,892 [INFO] fourier_embeddings.train.truncation_wall_probe_kronecker: step   2650/5000 | loss 1.5876 | lr 1.74e-04 | tok/s 94,535
2026-08-20 09:54:54,548 [INFO] fourier_embeddings.train.truncation_wall_probe_kronecker: step   2700/5000 | loss 1.6170 | lr 1.70e-04 | tok/s 94,553
2026-08-20 09:55:29,197 [INFO] fourier_embeddings.train.truncation_wall_probe_kronecker: step   2750/5000 | loss 1.6806 | lr 1.65e-04 | tok/s 94,571
2026-08-20 09:56:03,832 [INFO] fourier_embeddings.train.truncation_wall_probe_kronecker: step   2800/5000 | loss 1.6074 | lr 1.60e-04 | tok/s 94,609
2026-08-20 09:56:38,461 [INFO] fourier_embeddings.train.truncation_wall_probe_kronecker: step   2850/5000 | loss 1.7260 | lr 1.56e-04 | tok/s 94,625
2026-08-20 09:57:13,073 [INFO] fourier_embeddings.train.truncation_wall_probe_kronecker: step   2900/5000 | loss 1.8387 | lr 1.51e-04 | tok/s 94,672
2026-08-20 09:57:47,669 [INFO] fourier_embeddings.train.truncation_wall_probe_kronecker: step   2950/5000 | loss 1.6935 | lr 1.46e-04 | tok/s 94,718
2026-08-20 09:58:22,251 [INFO] fourier_embeddings.train.truncation_wall_probe_kronecker: step   3000/5000 | loss 1.7302 | lr 1.42e-04 | tok/s 94,754
2026-08-20 09:58:34,330 [INFO] fourier_embeddings.train.truncation_wall_probe_kronecker: step   3000 | val_loss 0.2332 | val_ppl 1.26
2026-08-20 09:58:43,681 [INFO] fourier_embeddings.train.truncation_wall_probe_kronecker: checkpoint saved at step 3000 -> results/truncation_wall_probe_kronecker/last.pt
2026-08-20 09:59:18,128 [INFO] fourier_embeddings.train.truncation_wall_probe_kronecker: step   3050/5000 | loss 1.5005 | lr 1.37e-04 | tok/s 58,643
2026-08-20 09:59:52,986 [INFO] fourier_embeddings.train.truncation_wall_probe_kronecker: step   3100/5000 | loss 1.7760 | lr 1.32e-04 | tok/s 94,005
2026-08-20 10:00:27,913 [INFO] fourier_embeddings.train.truncation_wall_probe_kronecker: step   3150/5000 | loss 1.6606 | lr 1.28e-04 | tok/s 93,819
2026-08-20 10:01:02,588 [INFO] fourier_embeddings.train.truncation_wall_probe_kronecker: step   3200/5000 | loss 1.6211 | lr 1.23e-04 | tok/s 94,500
2026-08-20 10:01:37,165 [INFO] fourier_embeddings.train.truncation_wall_probe_kronecker: step   3250/5000 | loss 1.5679 | lr 1.19e-04 | tok/s 94,768
2026-08-20 10:02:11,695 [INFO] fourier_embeddings.train.truncation_wall_probe_kronecker: step   3300/5000 | loss 1.5988 | lr 1.14e-04 | tok/s 94,896
2026-08-20 10:02:46,232 [INFO] fourier_embeddings.train.truncation_wall_probe_kronecker: step   3350/5000 | loss 1.5432 | lr 1.10e-04 | tok/s 94,877
2026-08-20 10:03:20,819 [INFO] fourier_embeddings.train.truncation_wall_probe_kronecker: step   3400/5000 | loss 1.8192 | lr 1.06e-04 | tok/s 94,743
2026-08-20 10:03:55,444 [INFO] fourier_embeddings.train.truncation_wall_probe_kronecker: step   3450/5000 | loss 1.9036 | lr 1.02e-04 | tok/s 94,635
2026-08-20 10:04:30,111 [INFO] fourier_embeddings.train.truncation_wall_probe_kronecker: step   3500/5000 | loss 1.4845 | lr 9.75e-05 | tok/s 94,522
2026-08-20 10:04:42,218 [INFO] fourier_embeddings.train.truncation_wall_probe_kronecker: step   3500 | val_loss 0.2258 | val_ppl 1.25
2026-08-20 10:05:19,164 [INFO] fourier_embeddings.train.truncation_wall_probe_kronecker: step   3550/5000 | loss 1.8121 | lr 9.35e-05 | tok/s 66,801
2026-08-20 10:05:53,823 [INFO] fourier_embeddings.train.truncation_wall_probe_kronecker: step   3600/5000 | loss 1.4543 | lr 8.95e-05 | tok/s 94,546
2026-08-20 10:06:28,486 [INFO] fourier_embeddings.train.truncation_wall_probe_kronecker: step   3650/5000 | loss 1.5898 | lr 8.56e-05 | tok/s 94,531
2026-08-20 10:07:03,132 [INFO] fourier_embeddings.train.truncation_wall_probe_kronecker: step   3700/5000 | loss 1.4145 | lr 8.19e-05 | tok/s 94,580
2026-08-20 10:07:37,768 [INFO] fourier_embeddings.train.truncation_wall_probe_kronecker: step   3750/5000 | loss 1.6633 | lr 7.82e-05 | tok/s 94,607
2026-08-20 10:08:12,397 [INFO] fourier_embeddings.train.truncation_wall_probe_kronecker: step   3800/5000 | loss 1.3474 | lr 7.47e-05 | tok/s 94,626
2026-08-20 10:08:47,017 [INFO] fourier_embeddings.train.truncation_wall_probe_kronecker: step   3850/5000 | loss 1.5085 | lr 7.12e-05 | tok/s 94,652
2026-08-20 10:09:21,627 [INFO] fourier_embeddings.train.truncation_wall_probe_kronecker: step   3900/5000 | loss 1.5827 | lr 6.79e-05 | tok/s 94,678
2026-08-20 10:09:56,227 [INFO] fourier_embeddings.train.truncation_wall_probe_kronecker: step   3950/5000 | loss 1.5466 | lr 6.47e-05 | tok/s 94,705
2026-08-20 10:10:30,805 [INFO] fourier_embeddings.train.truncation_wall_probe_kronecker: step   4000/5000 | loss 1.7158 | lr 6.16e-05 | tok/s 94,764
2026-08-20 10:10:42,880 [INFO] fourier_embeddings.train.truncation_wall_probe_kronecker: step   4000 | val_loss 0.2169 | val_ppl 1.24
2026-08-20 10:10:52,281 [INFO] fourier_embeddings.train.truncation_wall_probe_kronecker: checkpoint saved at step 4000 -> results/truncation_wall_probe_kronecker/last.pt
2026-08-20 10:11:26,736 [INFO] fourier_embeddings.train.truncation_wall_probe_kronecker: step   4050/5000 | loss 1.5685 | lr 5.86e-05 | tok/s 58,586
2026-08-20 10:12:01,599 [INFO] fourier_embeddings.train.truncation_wall_probe_kronecker: step   4100/5000 | loss 1.6489 | lr 5.58e-05 | tok/s 93,992
2026-08-20 10:12:36,504 [INFO] fourier_embeddings.train.truncation_wall_probe_kronecker: step   4150/5000 | loss 1.6156 | lr 5.31e-05 | tok/s 93,878
2026-08-20 10:13:11,168 [INFO] fourier_embeddings.train.truncation_wall_probe_kronecker: step   4200/5000 | loss 1.5439 | lr 5.05e-05 | tok/s 94,529
2026-08-20 10:13:45,743 [INFO] fourier_embeddings.train.truncation_wall_probe_kronecker: step   4250/5000 | loss 1.5528 | lr 4.81e-05 | tok/s 94,773
2026-08-20 10:14:20,279 [INFO] fourier_embeddings.train.truncation_wall_probe_kronecker: step   4300/5000 | loss 1.5509 | lr 4.58e-05 | tok/s 94,881
2026-08-20 10:14:54,828 [INFO] fourier_embeddings.train.truncation_wall_probe_kronecker: step   4350/5000 | loss 1.6835 | lr 4.37e-05 | tok/s 94,845
2026-08-20 10:15:29,421 [INFO] fourier_embeddings.train.truncation_wall_probe_kronecker: step   4400/5000 | loss 1.4633 | lr 4.17e-05 | tok/s 94,725
2026-08-20 10:16:04,066 [INFO] fourier_embeddings.train.truncation_wall_probe_kronecker: step   4450/5000 | loss 1.6796 | lr 3.98e-05 | tok/s 94,582
2026-08-20 10:16:38,739 [INFO] fourier_embeddings.train.truncation_wall_probe_kronecker: step   4500/5000 | loss 1.6935 | lr 3.81e-05 | tok/s 94,505
2026-08-20 10:16:50,842 [INFO] fourier_embeddings.train.truncation_wall_probe_kronecker: step   4500 | val_loss 0.2144 | val_ppl 1.24
2026-08-20 10:17:27,747 [INFO] fourier_embeddings.train.truncation_wall_probe_kronecker: step   4550/5000 | loss 1.6249 | lr 3.66e-05 | tok/s 66,863
2026-08-20 10:18:02,399 [INFO] fourier_embeddings.train.truncation_wall_probe_kronecker: step   4600/5000 | loss 1.6714 | lr 3.52e-05 | tok/s 94,562
2026-08-20 10:18:37,072 [INFO] fourier_embeddings.train.truncation_wall_probe_kronecker: step   4650/5000 | loss 1.3689 | lr 3.40e-05 | tok/s 94,506
2026-08-20 10:19:11,735 [INFO] fourier_embeddings.train.truncation_wall_probe_kronecker: step   4700/5000 | loss 1.4742 | lr 3.30e-05 | tok/s 94,532
2026-08-20 10:19:46,397 [INFO] fourier_embeddings.train.truncation_wall_probe_kronecker: step   4750/5000 | loss 1.4745 | lr 3.21e-05 | tok/s 94,537
2026-08-20 10:20:21,040 [INFO] fourier_embeddings.train.truncation_wall_probe_kronecker: step   4800/5000 | loss 1.6330 | lr 3.13e-05 | tok/s 94,589
2026-08-20 10:20:55,668 [INFO] fourier_embeddings.train.truncation_wall_probe_kronecker: step   4850/5000 | loss 1.4587 | lr 3.07e-05 | tok/s 94,627
2026-08-20 10:21:30,280 [INFO] fourier_embeddings.train.truncation_wall_probe_kronecker: step   4900/5000 | loss 1.5886 | lr 3.03e-05 | tok/s 94,673
2026-08-20 10:22:04,882 [INFO] fourier_embeddings.train.truncation_wall_probe_kronecker: step   4950/5000 | loss 1.5518 | lr 3.01e-05 | tok/s 94,701
2026-08-20 10:22:50,867 [INFO] fourier_embeddings.train.truncation_wall_probe_kronecker: step   4999 | val_loss 0.2122 | val_ppl 1.24
2026-08-20 10:23:06,232 [INFO] fourier_embeddings.train.truncation_wall_probe_kronecker: training complete in 3647.6s. final_val_loss=0.2100 best_val_loss=0.2122. wrote results/truncation_wall_probe_kronecker/metrics.json
