2026-09-26 05:24:13,533 | INFO | start exp1_baseline_x | variant=baseline batch=128 steps=763 tokens/step=65536 peak_lr=1.00e-03 warmup=38 eval_every=38
2026-09-26 05:24:13,534 | INFO | params total=20105216 non-embedding=7108352 | env={'hostname': 'si-aiwork2', 'platform': 'Linux-5.15.0-139-generic-x86_64-with-glibc2.31', 'python': '3.12.3', 'torch': '2.5.1+cu121', 'cuda': '12.1', 'device': 'cuda:1', 'gpu_name': 'NVIDIA RTX A6000', 'gpu_total_memory_mb': 48668.5625, 'gpu_sm_count': 84, 'gpu_capability': '8.6', 'cudnn': 90100, 'git_commit': '702b97e'}
2026-09-26 05:24:14,203 | INFO | eval step=0 tokens=0 | train_loss=10.8636 val_loss=10.8643 val_acc=0.0029 val_ppl=52278.37
2026-09-26 05:24:14,670 | INFO | step 0/763 | loss 10.8621 acc 0.0028 | lr 2.63e-05 | gnorm 5.765 | 150690 tok/s | step 434.9ms (fwd 321.5 bwd 65.0 opt 17.6) | peak 9520MB act 5403MB
2026-09-26 05:24:23,289 | INFO | step 20/763 | loss 8.8302 acc 0.1338 | lr 5.53e-04 | gnorm 1.495 | 140514 tok/s | step 466.4ms (fwd 323.3 bwd 65.4 opt 2.5) | peak 9672MB act 5402MB
2026-09-26 05:24:31,276 | INFO | eval step=38 tokens=2490368 | train_loss=7.0749 val_loss=7.0241 val_acc=0.1407 val_ppl=1123.33
2026-09-26 05:24:32,516 | INFO | step 40/763 | loss 7.0427 acc 0.1417 | lr 1.00e-03 | gnorm 2.373 | 166015 tok/s | step 394.8ms (fwd 322.1 bwd 65.6 opt 2.6) | peak 9672MB act 5402MB
2026-09-26 05:24:41,155 | INFO | step 60/763 | loss 6.6358 acc 0.1500 | lr 9.98e-04 | gnorm 0.968 | 162926 tok/s | step 402.2ms (fwd 322.3 bwd 65.8 opt 2.6) | peak 9672MB act 5402MB
2026-09-26 05:24:48,264 | INFO | eval step=76 tokens=4980736 | train_loss=6.4279 val_loss=6.3608 val_acc=0.1702 val_ppl=578.70
2026-09-26 05:24:50,431 | INFO | step 80/763 | loss 6.3496 acc 0.1653 | lr 9.93e-04 | gnorm 0.883 | 157940 tok/s | step 414.9ms (fwd 323.3 bwd 65.9 opt 2.6) | peak 9672MB act 5402MB
2026-09-26 05:24:59,183 | INFO | step 100/763 | loss 6.1680 acc 0.1761 | lr 9.84e-04 | gnorm 0.473 | 148315 tok/s | step 441.9ms (fwd 322.9 bwd 66.2 opt 2.6) | peak 9672MB act 5402MB
2026-09-26 05:25:05,538 | INFO | eval step=114 tokens=7471104 | train_loss=6.1445 val_loss=6.0625 val_acc=0.1861 val_ppl=429.44
2026-09-26 05:25:08,778 | INFO | step 120/763 | loss 6.0886 acc 0.1824 | lr 9.72e-04 | gnorm 0.370 | 143483 tok/s | step 456.8ms (fwd 325.9 bwd 66.7 opt 2.6) | peak 9672MB act 5402MB
2026-09-26 05:25:17,529 | INFO | step 140/763 | loss 5.9962 acc 0.1815 | lr 9.57e-04 | gnorm 0.427 | 164027 tok/s | step 399.5ms (fwd 325.5 bwd 66.9 opt 2.7) | peak 9672MB act 5402MB
2026-09-26 05:25:22,935 | INFO | eval step=152 tokens=9961472 | train_loss=5.9610 val_loss=5.8663 val_acc=0.1923 val_ppl=352.92
2026-09-26 05:25:26,806 | INFO | step 160/763 | loss 5.8943 acc 0.1879 | lr 9.39e-04 | gnorm 0.392 | 142444 tok/s | step 460.1ms (fwd 325.7 bwd 67.0 opt 2.7) | peak 9672MB act 5402MB
2026-09-26 05:25:35,648 | INFO | step 180/763 | loss 5.7766 acc 0.1947 | lr 9.17e-04 | gnorm 0.404 | 144838 tok/s | step 452.5ms (fwd 324.8 bwd 66.9 opt 2.7) | peak 9672MB act 5402MB
2026-09-26 05:25:40,163 | INFO | eval step=190 tokens=12451840 | train_loss=5.8249 val_loss=5.7243 val_acc=0.1977 val_ppl=306.22
2026-09-26 05:25:44,810 | INFO | step 200/763 | loss 5.7175 acc 0.1969 | lr 8.94e-04 | gnorm 0.365 | 157533 tok/s | step 416.0ms (fwd 326.3 bwd 67.0 opt 2.7) | peak 9672MB act 5402MB
2026-09-26 05:25:53,603 | INFO | step 220/763 | loss 5.7216 acc 0.1946 | lr 8.67e-04 | gnorm 0.483 | 160714 tok/s | step 407.8ms (fwd 327.2 bwd 67.1 opt 2.7) | peak 9672MB act 5402MB
2026-09-26 05:25:57,204 | INFO | eval step=228 tokens=14942208 | train_loss=5.7130 val_loss=5.6117 val_acc=0.2042 val_ppl=273.61
2026-09-26 05:26:02,979 | INFO | step 240/763 | loss 5.6013 acc 0.2020 | lr 8.38e-04 | gnorm 0.423 | 150572 tok/s | step 435.2ms (fwd 332.8 bwd 67.1 opt 2.7) | peak 9672MB act 5402MB
2026-09-26 05:26:11,574 | INFO | step 260/763 | loss 5.6070 acc 0.2034 | lr 8.07e-04 | gnorm 0.406 | 160407 tok/s | step 408.6ms (fwd 325.9 bwd 66.8 opt 2.6) | peak 9672MB act 5402MB
2026-09-26 05:26:14,532 | INFO | eval step=266 tokens=17432576 | train_loss=5.6056 val_loss=5.5105 val_acc=0.2102 val_ppl=247.28
2026-09-26 05:26:21,034 | INFO | step 280/763 | loss 5.4938 acc 0.2097 | lr 7.74e-04 | gnorm 0.402 | 157002 tok/s | step 417.4ms (fwd 325.5 bwd 66.8 opt 2.7) | peak 9672MB act 5402MB
2026-09-26 05:26:29,637 | INFO | step 300/763 | loss 5.4631 acc 0.2160 | lr 7.40e-04 | gnorm 0.418 | 141268 tok/s | step 463.9ms (fwd 325.4 bwd 66.4 opt 2.6) | peak 9672MB act 5402MB
2026-09-26 05:26:31,545 | INFO | eval step=304 tokens=19922944 | train_loss=5.4977 val_loss=5.4039 val_acc=0.2181 val_ppl=222.26
2026-09-26 05:26:38,931 | INFO | step 320/763 | loss 5.3857 acc 0.2228 | lr 7.04e-04 | gnorm 0.443 | 154820 tok/s | step 423.3ms (fwd 325.4 bwd 67.1 opt 2.7) | peak 9672MB act 5402MB
2026-09-26 05:26:47,557 | INFO | step 340/763 | loss 5.3447 acc 0.2199 | lr 6.67e-04 | gnorm 0.392 | 156732 tok/s | step 418.1ms (fwd 326.0 bwd 66.6 opt 2.6) | peak 9672MB act 5402MB
2026-09-26 05:26:48,713 | INFO | eval step=342 tokens=22413312 | train_loss=5.4136 val_loss=5.3079 val_acc=0.2261 val_ppl=201.92
2026-09-26 05:26:56,987 | INFO | step 360/763 | loss 5.3133 acc 0.2294 | lr 6.29e-04 | gnorm 0.447 | 141698 tok/s | step 462.5ms (fwd 325.2 bwd 66.6 opt 2.6) | peak 9672MB act 5402MB
2026-09-26 05:27:06,138 | INFO | eval step=380 tokens=24903680 | train_loss=5.3317 val_loss=5.2235 val_acc=0.2330 val_ppl=185.59
2026-09-26 05:27:06,562 | INFO | step 380/763 | loss 5.2416 acc 0.2342 | lr 5.90e-04 | gnorm 0.486 | 160351 tok/s | step 408.7ms (fwd 325.9 bwd 66.9 opt 2.7) | peak 9672MB act 5402MB
2026-09-26 05:27:15,273 | INFO | step 400/763 | loss 5.3074 acc 0.2254 | lr 5.51e-04 | gnorm 0.485 | 148338 tok/s | step 441.8ms (fwd 325.2 bwd 66.9 opt 2.7) | peak 9672MB act 5402MB
2026-09-26 05:27:23,437 | INFO | eval step=418 tokens=27394048 | train_loss=5.2576 val_loss=5.1525 val_acc=0.2379 val_ppl=172.86
2026-09-26 05:27:24,884 | INFO | step 420/763 | loss 5.2015 acc 0.2385 | lr 5.12e-04 | gnorm 0.506 | 131664 tok/s | step 497.8ms (fwd 324.7 bwd 66.7 opt 2.7) | peak 9672MB act 5402MB
2026-09-26 05:27:33,376 | INFO | step 440/763 | loss 5.1113 acc 0.2402 | lr 4.73e-04 | gnorm 0.531 | 157879 tok/s | step 415.1ms (fwd 325.8 bwd 66.5 opt 2.6) | peak 9672MB act 5402MB
2026-09-26 05:27:40,600 | INFO | eval step=456 tokens=29884416 | train_loss=5.1896 val_loss=5.0868 val_acc=0.2433 val_ppl=161.87
2026-09-26 05:27:42,896 | INFO | step 460/763 | loss 5.1811 acc 0.2383 | lr 4.35e-04 | gnorm 0.430 | 144134 tok/s | step 454.7ms (fwd 329.2 bwd 66.6 opt 2.6) | peak 9672MB act 5402MB
2026-09-26 05:27:51,596 | INFO | step 480/763 | loss 5.0365 acc 0.2453 | lr 3.98e-04 | gnorm 0.587 | 161410 tok/s | step 406.0ms (fwd 325.9 bwd 66.8 opt 2.7) | peak 9672MB act 5402MB
2026-09-26 05:27:57,826 | INFO | eval step=494 tokens=32374784 | train_loss=5.1346 val_loss=5.0273 val_acc=0.2479 val_ppl=152.53
2026-09-26 05:28:00,953 | INFO | step 500/763 | loss 5.0404 acc 0.2479 | lr 3.62e-04 | gnorm 0.479 | 140211 tok/s | step 467.4ms (fwd 330.0 bwd 66.6 opt 2.6) | peak 9672MB act 5402MB
2026-09-26 05:28:09,768 | INFO | step 520/763 | loss 5.0477 acc 0.2470 | lr 3.27e-04 | gnorm 0.556 | 164237 tok/s | step 399.0ms (fwd 326.0 bwd 66.6 opt 2.6) | peak 9672MB act 5402MB
2026-09-26 05:28:15,278 | INFO | eval step=532 tokens=34865152 | train_loss=5.0819 val_loss=4.9790 val_acc=0.2518 val_ppl=145.32
2026-09-26 05:28:19,198 | INFO | step 540/763 | loss 4.9912 acc 0.2524 | lr 2.94e-04 | gnorm 0.496 | 163438 tok/s | step 401.0ms (fwd 325.7 bwd 66.9 opt 2.7) | peak 9672MB act 5402MB
2026-09-26 05:28:27,962 | INFO | step 560/763 | loss 4.9689 acc 0.2522 | lr 2.63e-04 | gnorm 0.521 | 154550 tok/s | step 424.0ms (fwd 324.7 bwd 66.6 opt 2.6) | peak 9672MB act 5402MB
2026-09-26 05:28:32,515 | INFO | eval step=570 tokens=37355520 | train_loss=5.0439 val_loss=4.9420 val_acc=0.2552 val_ppl=140.06
2026-09-26 05:28:37,239 | INFO | step 580/763 | loss 4.9125 acc 0.2606 | lr 2.34e-04 | gnorm 0.513 | 153673 tok/s | step 426.5ms (fwd 325.5 bwd 66.5 opt 2.6) | peak 9672MB act 5402MB
2026-09-26 05:28:45,896 | INFO | step 600/763 | loss 4.9756 acc 0.2529 | lr 2.08e-04 | gnorm 0.503 | 145712 tok/s | step 449.8ms (fwd 324.9 bwd 66.5 opt 2.6) | peak 9672MB act 5402MB
2026-09-26 05:28:49,527 | INFO | eval step=608 tokens=39845888 | train_loss=5.0134 val_loss=4.9141 val_acc=0.2584 val_ppl=136.19
2026-09-26 05:28:55,171 | INFO | step 620/763 | loss 4.9355 acc 0.2599 | lr 1.84e-04 | gnorm 0.553 | 134705 tok/s | step 486.5ms (fwd 323.8 bwd 66.5 opt 2.6) | peak 9672MB act 5402MB
2026-09-26 05:29:03,940 | INFO | step 640/763 | loss 4.8677 acc 0.2624 | lr 1.62e-04 | gnorm 0.572 | 129700 tok/s | step 505.3ms (fwd 324.6 bwd 66.8 opt 2.6) | peak 9672MB act 5402MB
2026-09-26 05:29:06,771 | INFO | eval step=646 tokens=42336256 | train_loss=4.9825 val_loss=4.8832 val_acc=0.2604 val_ppl=132.06
2026-09-26 05:29:13,332 | INFO | step 660/763 | loss 4.9070 acc 0.2577 | lr 1.44e-04 | gnorm 0.513 | 149521 tok/s | step 438.3ms (fwd 340.2 bwd 66.7 opt 2.7) | peak 9672MB act 5402MB
2026-09-26 05:29:21,965 | INFO | step 680/763 | loss 4.9077 acc 0.2618 | lr 1.29e-04 | gnorm 0.515 | 159264 tok/s | step 411.5ms (fwd 324.8 bwd 66.6 opt 2.6) | peak 9672MB act 5402MB
2026-09-26 05:29:23,937 | INFO | eval step=684 tokens=44826624 | train_loss=4.9618 val_loss=4.8614 val_acc=0.2624 val_ppl=129.20
2026-09-26 05:29:31,191 | INFO | step 700/763 | loss 4.8924 acc 0.2626 | lr 1.17e-04 | gnorm 0.560 | 152162 tok/s | step 430.7ms (fwd 324.8 bwd 66.7 opt 2.6) | peak 9672MB act 5402MB
2026-09-26 05:29:39,749 | INFO | step 720/763 | loss 4.8967 acc 0.2601 | lr 1.08e-04 | gnorm 0.475 | 163898 tok/s | step 399.9ms (fwd 325.0 bwd 66.6 opt 2.6) | peak 9672MB act 5402MB
2026-09-26 05:29:40,826 | INFO | eval step=722 tokens=47316992 | train_loss=4.9431 val_loss=4.8433 val_acc=0.2637 val_ppl=126.89
2026-09-26 05:29:49,008 | INFO | step 740/763 | loss 4.8490 acc 0.2645 | lr 1.02e-04 | gnorm 0.570 | 157672 tok/s | step 415.6ms (fwd 324.8 bwd 66.6 opt 2.7) | peak 9672MB act 5402MB
2026-09-26 05:29:57,986 | INFO | eval step=760 tokens=49807360 | train_loss=4.9288 val_loss=4.8280 val_acc=0.2649 val_ppl=124.96
2026-09-26 05:29:58,433 | INFO | step 760/763 | loss 4.8720 acc 0.2617 | lr 1.00e-04 | gnorm 0.508 | 149541 tok/s | step 438.2ms (fwd 324.9 bwd 66.5 opt 2.6) | peak 9672MB act 5402MB
2026-09-26 05:29:59,297 | INFO | step 762/763 | loss 4.8226 acc 0.2689 | lr 1.00e-04 | gnorm 0.557 | 163441 tok/s | step 401.0ms (fwd 325.2 bwd 66.8 opt 2.7) | peak 9672MB act 5402MB
2026-09-26 05:29:59,971 | INFO | eval step=763 tokens=50003968 | train_loss=4.9285 val_loss=4.8265 val_acc=0.2644 val_ppl=124.78
2026-09-26 05:30:02,507 | INFO | final eval | {'val': {'loss': 4.827873825292568, 'accuracy': 0.2674898938782651, 'perplexity': 124.94502309217096, 'tokens': 249344}, 'train': {'loss': 4.871542825835931, 'accuracy': 0.26231230841280256, 'perplexity': 130.5221345559974, 'tokens': 249344}}
2026-09-26 05:30:02,624 | INFO | summary | {"label": "exp1_baseline_x", "variant": "baseline", "status": "ok", "error": null, "batch_size": 128, "block_size": 512, "tokens_per_step": 65536, "total_steps": 763, "steps_completed": 763, "tokens_seen": 50003968, "n_params": 20105216, "n_params_non_embedding": 7108352, "peak_lr": 0.001, "warmup_steps": 38, "final_val_loss": 4.827873825292568, "final_val_perplexity": 124.94502309217096, "final_val_accuracy": 0.2674898938782651, "final_val_tokens": 249344, "final_train_loss": 4.871542825835931, "final_train_accuracy": 0.26231230841280256, "generalization_gap": -0.04366900054336309, "best_periodic_val_loss": 4.8265228271484375, "train_loss_last5pct_mean": 4.8805582774312875, "tokens_to_val_loss_7": 4980736, "tokens_to_val_loss_6": 9961472, "tokens_to_val_loss_5": 34865152, "tokens_to_val_loss_4.5": null, "mean_tokens_per_sec": 154833.54578393555, "median_tokens_per_sec": 157028.4543441384, "p10_tokens_per_sec": 142788.65222496842, "p90_tokens_per_sec": 163992.33696000575, "mean_step_time_ms": 424.59198056110023, "mean_data_ms": 29.319016830674535, "mean_forward_ms": 325.35228456694506, "mean_backward_ms": 66.60752422464304, "mean_optimizer_ms": 2.6420576243565, "backward_to_forward_ratio": 0.2047243169455531, "wall_clock_s": 354.5626064352691, "eval_time_s": 17.221657428890467, "train_time_s": 337.34094900637865, "model_flops_per_token": 133817856.0, "hardware_flops_per_token": 133817856.0, "lm_head_flops_fraction": 0.576864361061053, "total_model_pflops": 6.691423789252608, "model_tflops_per_sec": 20.719493133684093, "hardware_tflops_per_sec": 20.719493133684093, "gpu_peak_tflops": 154.8, "mfu": 0.13384685486876027, "hfu": 0.13384685486876027, "peak_memory_mb": 9672.25732421875, "peak_step_memory_mb": 9672.25732421875, "peak_memory_reserved_mb": 11242.0, "param_memory_mb": 77.6162109375, "optimizer_state_mb": 155.36767578125, "static_memory_mb": 251.26611328125, "activation_saved_mb": 5402.0830078125, "loss_buffer_mb": 49.0791015625, "activation_saved_mb_per_sample": 41.820343017578125, "gpu_total_memory_mb": 48668.5625, "peak_memory_frac_of_gpu": 0.19873727160564378, "mean_grad_norm": 0.5543303211972723, "max_grad_norm": 5.7646942138671875, "frac_steps_clipped": 0.05504587155963303, "reversibility": null, "aim_run_hash": "1c5bbaf63b394c7ab66783bc"}
