2026-09-26 05:30:11,251 | INFO | start exp2_midpoint_x | variant=midpoint batch=128 steps=763 tokens/step=65536 peak_lr=1.00e-03 warmup=38 eval_every=38
2026-09-26 05:30:11,252 | INFO | params total=20105216 non-embedding=7108352 | env={'hostname': 'si-aiwork2', 'platform': 'Linux-5.15.0-139-generic-x86_64-with-glibc2.31', 'python': '3.12.3', 'torch': '2.5.1+cu121', 'cuda': '12.1', 'device': 'cuda:1', 'gpu_name': 'NVIDIA RTX A6000', 'gpu_total_memory_mb': 48668.5625, 'gpu_sm_count': 84, 'gpu_capability': '8.6', 'cudnn': 90100, 'git_commit': '702b97e'}
2026-09-26 05:30:11,974 | INFO | eval step=0 tokens=0 | train_loss=10.8640 val_loss=10.8657 val_acc=0.0072 val_ppl=52350.81
2026-09-26 05:30:12,491 | INFO | step 0/763 | loss 10.8617 acc 0.0071 | lr 2.63e-05 | gnorm 2.903 | 132671 tok/s | step 494.0ms (fwd 346.9 bwd 138.1 opt 3.3) | peak 4563MB act 434MB
2026-09-26 05:30:23,252 | INFO | step 20/763 | loss 8.8498 acc 0.1255 | lr 5.53e-04 | gnorm 1.485 | 113906 tok/s | step 575.4ms (fwd 348.0 bwd 138.2 opt 2.5) | peak 4716MB act 434MB
2026-09-26 05:30:32,941 | INFO | eval step=38 tokens=2490368 | train_loss=7.1127 val_loss=7.0623 val_acc=0.1390 val_ppl=1167.13
2026-09-26 05:30:34,553 | INFO | step 40/763 | loss 7.0114 acc 0.1405 | lr 1.00e-03 | gnorm 0.508 | 125201 tok/s | step 523.4ms (fwd 348.4 bwd 138.2 opt 2.5) | peak 4716MB act 434MB
2026-09-26 05:30:44,937 | INFO | step 60/763 | loss 6.6261 acc 0.1512 | lr 9.98e-04 | gnorm 0.559 | 130983 tok/s | step 500.3ms (fwd 349.2 bwd 138.6 opt 2.5) | peak 4716MB act 434MB
2026-09-26 05:30:53,500 | INFO | eval step=76 tokens=4980736 | train_loss=6.4282 val_loss=6.3576 val_acc=0.1710 val_ppl=576.85
2026-09-26 05:30:56,312 | INFO | step 80/763 | loss 6.3461 acc 0.1668 | lr 9.93e-04 | gnorm 0.807 | 111677 tok/s | step 586.8ms (fwd 352.9 bwd 138.4 opt 2.6) | peak 4716MB act 434MB
2026-09-26 05:31:06,958 | INFO | step 100/763 | loss 6.1645 acc 0.1765 | lr 9.84e-04 | gnorm 0.297 | 120653 tok/s | step 543.2ms (fwd 349.0 bwd 138.1 opt 2.5) | peak 4716MB act 434MB
2026-09-26 05:31:14,711 | INFO | eval step=114 tokens=7471104 | train_loss=6.1511 val_loss=6.0693 val_acc=0.1855 val_ppl=432.39
2026-09-26 05:31:18,394 | INFO | step 120/763 | loss 6.0949 acc 0.1807 | lr 9.72e-04 | gnorm 0.453 | 120703 tok/s | step 543.0ms (fwd 348.6 bwd 138.3 opt 2.5) | peak 4716MB act 434MB
2026-09-26 05:31:28,993 | INFO | step 140/763 | loss 5.9964 acc 0.1821 | lr 9.57e-04 | gnorm 0.395 | 123877 tok/s | step 529.0ms (fwd 349.4 bwd 138.5 opt 2.5) | peak 4716MB act 434MB
2026-09-26 05:31:35,456 | INFO | eval step=152 tokens=9961472 | train_loss=5.9637 val_loss=5.8714 val_acc=0.1922 val_ppl=354.74
2026-09-26 05:31:40,210 | INFO | step 160/763 | loss 5.8968 acc 0.1872 | lr 9.39e-04 | gnorm 0.374 | 119727 tok/s | step 547.4ms (fwd 351.1 bwd 138.7 opt 2.6) | peak 4716MB act 434MB
2026-09-26 05:31:50,778 | INFO | step 180/763 | loss 5.7767 acc 0.1941 | lr 9.17e-04 | gnorm 0.455 | 132303 tok/s | step 495.3ms (fwd 349.2 bwd 138.9 opt 2.6) | peak 4716MB act 434MB
2026-09-26 05:31:56,168 | INFO | eval step=190 tokens=12451840 | train_loss=5.8256 val_loss=5.7285 val_acc=0.1973 val_ppl=307.50
2026-09-26 05:32:01,956 | INFO | step 200/763 | loss 5.7161 acc 0.1979 | lr 8.94e-04 | gnorm 0.376 | 127697 tok/s | step 513.2ms (fwd 350.0 bwd 138.8 opt 2.6) | peak 4716MB act 434MB
2026-09-26 05:32:12,638 | INFO | step 220/763 | loss 5.7148 acc 0.1972 | lr 8.67e-04 | gnorm 0.589 | 127462 tok/s | step 514.2ms (fwd 349.8 bwd 138.8 opt 2.6) | peak 4716MB act 434MB
2026-09-26 05:32:17,156 | INFO | eval step=228 tokens=14942208 | train_loss=5.7030 val_loss=5.6054 val_acc=0.2050 val_ppl=271.90
2026-09-26 05:32:23,954 | INFO | step 240/763 | loss 5.5866 acc 0.2049 | lr 8.38e-04 | gnorm 0.436 | 132591 tok/s | step 494.3ms (fwd 348.8 bwd 139.1 opt 2.6) | peak 4716MB act 434MB
2026-09-26 05:32:34,418 | INFO | step 260/763 | loss 5.5968 acc 0.2059 | lr 8.07e-04 | gnorm 0.425 | 130188 tok/s | step 503.4ms (fwd 349.3 bwd 138.9 opt 2.6) | peak 4716MB act 434MB
2026-09-26 05:32:37,787 | INFO | eval step=266 tokens=17432576 | train_loss=5.5933 val_loss=5.4963 val_acc=0.2123 val_ppl=243.79
2026-09-26 05:32:45,687 | INFO | step 280/763 | loss 5.4805 acc 0.2120 | lr 7.74e-04 | gnorm 0.445 | 122718 tok/s | step 534.0ms (fwd 350.4 bwd 138.8 opt 2.6) | peak 4716MB act 434MB
2026-09-26 05:32:56,147 | INFO | step 300/763 | loss 5.4519 acc 0.2191 | lr 7.40e-04 | gnorm 0.406 | 129299 tok/s | step 506.9ms (fwd 349.2 bwd 138.9 opt 2.6) | peak 4716MB act 434MB
2026-09-26 05:32:58,537 | INFO | eval step=304 tokens=19922944 | train_loss=5.4887 val_loss=5.3880 val_acc=0.2212 val_ppl=218.76
2026-09-26 05:33:07,392 | INFO | step 320/763 | loss 5.3746 acc 0.2234 | lr 7.04e-04 | gnorm 0.453 | 130594 tok/s | step 501.8ms (fwd 349.5 bwd 138.9 opt 2.6) | peak 4716MB act 434MB
2026-09-26 05:33:18,006 | INFO | step 340/763 | loss 5.3339 acc 0.2209 | lr 6.67e-04 | gnorm 0.502 | 132118 tok/s | step 496.0ms (fwd 349.3 bwd 138.5 opt 2.6) | peak 4716MB act 434MB
2026-09-26 05:33:19,228 | INFO | eval step=342 tokens=22413312 | train_loss=5.3979 val_loss=5.2906 val_acc=0.2280 val_ppl=198.47
2026-09-26 05:33:29,125 | INFO | step 360/763 | loss 5.3031 acc 0.2308 | lr 6.29e-04 | gnorm 0.466 | 132273 tok/s | step 495.5ms (fwd 349.7 bwd 138.7 opt 2.6) | peak 4716MB act 434MB
2026-09-26 05:33:39,851 | INFO | eval step=380 tokens=24903680 | train_loss=5.3270 val_loss=5.2156 val_acc=0.2334 val_ppl=184.12
2026-09-26 05:33:40,397 | INFO | step 380/763 | loss 5.2378 acc 0.2350 | lr 5.90e-04 | gnorm 0.807 | 124239 tok/s | step 527.5ms (fwd 349.1 bwd 138.8 opt 2.6) | peak 4716MB act 434MB
2026-09-26 05:33:50,924 | INFO | step 400/763 | loss 5.2983 acc 0.2276 | lr 5.51e-04 | gnorm 0.629 | 128168 tok/s | step 511.3ms (fwd 349.2 bwd 138.5 opt 2.5) | peak 4716MB act 434MB
2026-09-26 05:34:00,740 | INFO | eval step=418 tokens=27394048 | train_loss=5.2545 val_loss=5.1490 val_acc=0.2378 val_ppl=172.27
2026-09-26 05:34:02,285 | INFO | step 420/763 | loss 5.1957 acc 0.2386 | lr 5.12e-04 | gnorm 0.725 | 130984 tok/s | step 500.3ms (fwd 348.8 bwd 138.5 opt 2.6) | peak 4716MB act 434MB
2026-09-26 05:34:12,935 | INFO | step 440/763 | loss 5.1022 acc 0.2421 | lr 4.73e-04 | gnorm 0.618 | 122232 tok/s | step 536.2ms (fwd 351.8 bwd 138.8 opt 2.5) | peak 4716MB act 434MB
2026-09-26 05:34:21,557 | INFO | eval step=456 tokens=29884416 | train_loss=5.1887 val_loss=5.0803 val_acc=0.2449 val_ppl=160.83
2026-09-26 05:34:24,243 | INFO | step 460/763 | loss 5.1857 acc 0.2376 | lr 4.35e-04 | gnorm 0.886 | 123703 tok/s | step 529.8ms (fwd 349.0 bwd 138.8 opt 2.5) | peak 4716MB act 434MB
2026-09-26 05:34:34,817 | INFO | step 480/763 | loss 5.0368 acc 0.2473 | lr 3.98e-04 | gnorm 0.664 | 123766 tok/s | step 529.5ms (fwd 348.6 bwd 138.5 opt 2.6) | peak 4716MB act 434MB
2026-09-26 05:34:42,369 | INFO | eval step=494 tokens=32374784 | train_loss=5.1382 val_loss=5.0268 val_acc=0.2490 val_ppl=152.44
2026-09-26 05:34:46,140 | INFO | step 500/763 | loss 5.0423 acc 0.2482 | lr 3.62e-04 | gnorm 0.545 | 116541 tok/s | step 562.3ms (fwd 348.7 bwd 138.6 opt 2.5) | peak 4716MB act 434MB
2026-09-26 05:34:56,586 | INFO | step 520/763 | loss 5.0462 acc 0.2459 | lr 3.27e-04 | gnorm 0.655 | 125108 tok/s | step 523.8ms (fwd 349.1 bwd 138.5 opt 2.5) | peak 4716MB act 434MB
2026-09-26 05:35:03,107 | INFO | eval step=532 tokens=34865152 | train_loss=5.0886 val_loss=4.9835 val_acc=0.2514 val_ppl=145.98
2026-09-26 05:35:07,852 | INFO | step 540/763 | loss 4.9952 acc 0.2528 | lr 2.94e-04 | gnorm 0.666 | 117135 tok/s | step 559.5ms (fwd 361.0 bwd 138.7 opt 2.5) | peak 4716MB act 434MB
2026-09-26 05:35:18,386 | INFO | step 560/763 | loss 4.9721 acc 0.2523 | lr 2.63e-04 | gnorm 0.603 | 132406 tok/s | step 495.0ms (fwd 349.7 bwd 138.4 opt 2.5) | peak 4716MB act 434MB
2026-09-26 05:35:23,894 | INFO | eval step=570 tokens=37355520 | train_loss=5.0524 val_loss=4.9461 val_acc=0.2545 val_ppl=140.63
2026-09-26 05:35:29,711 | INFO | step 580/763 | loss 4.9201 acc 0.2599 | lr 2.34e-04 | gnorm 0.574 | 115828 tok/s | step 565.8ms (fwd 348.4 bwd 138.4 opt 2.5) | peak 4716MB act 434MB
2026-09-26 05:35:40,313 | INFO | step 600/763 | loss 4.9887 acc 0.2511 | lr 2.08e-04 | gnorm 0.642 | 125083 tok/s | step 523.9ms (fwd 349.1 bwd 138.4 opt 2.6) | peak 4716MB act 434MB
2026-09-26 05:35:44,696 | INFO | eval step=608 tokens=39845888 | train_loss=5.0208 val_loss=4.9166 val_acc=0.2578 val_ppl=136.53
2026-09-26 05:35:51,571 | INFO | step 620/763 | loss 4.9459 acc 0.2577 | lr 1.84e-04 | gnorm 0.655 | 127549 tok/s | step 513.8ms (fwd 349.0 bwd 138.3 opt 2.6) | peak 4716MB act 434MB
2026-09-26 05:36:02,351 | INFO | step 640/763 | loss 4.8767 acc 0.2596 | lr 1.62e-04 | gnorm 0.601 | 130186 tok/s | step 503.4ms (fwd 349.6 bwd 138.5 opt 2.5) | peak 4716MB act 434MB
2026-09-26 05:36:05,778 | INFO | eval step=646 tokens=42336256 | train_loss=4.9962 val_loss=4.8903 val_acc=0.2578 val_ppl=133.00
2026-09-26 05:36:13,942 | INFO | step 660/763 | loss 4.9187 acc 0.2560 | lr 1.44e-04 | gnorm 0.609 | 131343 tok/s | step 499.0ms (fwd 348.9 bwd 138.4 opt 2.5) | peak 4716MB act 434MB
2026-09-26 05:36:24,689 | INFO | step 680/763 | loss 4.9219 acc 0.2609 | lr 1.29e-04 | gnorm 0.552 | 127848 tok/s | step 512.6ms (fwd 348.5 bwd 138.7 opt 2.5) | peak 4716MB act 434MB
2026-09-26 05:36:26,968 | INFO | eval step=684 tokens=44826624 | train_loss=4.9746 val_loss=4.8699 val_acc=0.2610 val_ppl=130.31
2026-09-26 05:36:35,935 | INFO | step 700/763 | loss 4.9049 acc 0.2603 | lr 1.17e-04 | gnorm 0.571 | 119002 tok/s | step 550.7ms (fwd 349.1 bwd 138.6 opt 2.5) | peak 4716MB act 434MB
2026-09-26 05:36:46,597 | INFO | step 720/763 | loss 4.9123 acc 0.2579 | lr 1.08e-04 | gnorm 0.592 | 132608 tok/s | step 494.2ms (fwd 349.0 bwd 138.7 opt 2.6) | peak 4716MB act 434MB
2026-09-26 05:36:47,839 | INFO | eval step=722 tokens=47316992 | train_loss=4.9594 val_loss=4.8555 val_acc=0.2617 val_ppl=128.45
2026-09-26 05:36:58,018 | INFO | step 740/763 | loss 4.8637 acc 0.2615 | lr 1.02e-04 | gnorm 0.644 | 127512 tok/s | step 514.0ms (fwd 349.2 bwd 138.6 opt 2.5) | peak 4716MB act 434MB
2026-09-26 05:37:08,793 | INFO | eval step=760 tokens=49807360 | train_loss=4.9435 val_loss=4.8400 val_acc=0.2622 val_ppl=126.46
2026-09-26 05:37:09,306 | INFO | step 760/763 | loss 4.8910 acc 0.2583 | lr 1.00e-04 | gnorm 0.521 | 130207 tok/s | step 503.3ms (fwd 349.5 bwd 138.6 opt 2.5) | peak 4716MB act 434MB
2026-09-26 05:37:10,380 | INFO | step 762/763 | loss 4.8384 acc 0.2670 | lr 1.00e-04 | gnorm 0.585 | 128917 tok/s | step 508.4ms (fwd 349.0 bwd 138.3 opt 2.5) | peak 4716MB act 434MB
2026-09-26 05:37:11,100 | INFO | eval step=763 tokens=50003968 | train_loss=4.9431 val_loss=4.8384 val_acc=0.2626 val_ppl=126.26
2026-09-26 05:37:13,805 | INFO | final eval | {'val': {'loss': 4.841973671922938, 'accuracy': 0.2646183587564825, 'perplexity': 126.71920722401639, 'tokens': 249344}, 'train': {'loss': 4.885490866901939, 'accuracy': 0.26028298236261405, 'perplexity': 132.35541828549216, 'tokens': 249344}}
2026-09-26 05:37:13,937 | INFO | reversibility diagnostics | {'max_rel_error': 0.0, 'input_rel_error': 0.0, 'per_layer_rel_error': [0.0, 0.0, 0.0, 0.0, 0.0, 0.0, 0.0, 0.0, 0.0], 'grad_cosine': 0.9999996423721313, 'grad_rel_error': 0.0008829114376567304}
2026-09-26 05:37:14,073 | INFO | summary | {"label": "exp2_midpoint_x", "variant": "midpoint", "status": "ok", "error": null, "batch_size": 128, "block_size": 512, "tokens_per_step": 65536, "total_steps": 763, "steps_completed": 763, "tokens_seen": 50003968, "n_params": 20105216, "n_params_non_embedding": 7108352, "peak_lr": 0.001, "warmup_steps": 38, "final_val_loss": 4.841973671922938, "final_val_perplexity": 126.71920722401639, "final_val_accuracy": 0.2646183587564825, "final_val_tokens": 249344, "final_train_loss": 4.885490866901939, "final_train_accuracy": 0.26028298236261405, "generalization_gap": -0.04351719497900053, "best_periodic_val_loss": 4.838365793228149, "train_loss_last5pct_mean": 4.895340128948814, "tokens_to_val_loss_7": 4980736, "tokens_to_val_loss_6": 9961472, "tokens_to_val_loss_5": 34865152, "tokens_to_val_loss_4.5": null, "mean_tokens_per_sec": 126371.40262061486, "median_tokens_per_sec": 127848.45551742736, "p10_tokens_per_sec": 118756.58809414817, "p90_tokens_per_sec": 132270.56691767037, "mean_step_time_ms": 519.596445601562, "mean_data_ms": 28.21906587687032, "mean_forward_ms": 349.5692819740032, "mean_backward_ms": 138.62518462082434, "mean_optimizer_ms": 2.553023796081543, "backward_to_forward_ratio": 0.39655997185454533, "wall_clock_s": 423.9528220407665, "eval_time_s": 18.433610573410988, "train_time_s": 405.5192114673555, "model_flops_per_token": 133817856.0, "hardware_flops_per_token": 152692224.0, "lm_head_flops_fraction": 0.576864361061053, "total_model_pflops": 6.691423789252608, "model_tflops_per_sec": 16.91075015840346, "hardware_tflops_per_sec": 19.29593051614111, "gpu_peak_tflops": 154.8, "mfu": 0.10924257208270968, "hfu": 0.12465071392856013, "peak_memory_mb": 4716.33642578125, "peak_step_memory_mb": 4716.33642578125, "peak_memory_reserved_mb": 6214.0, "param_memory_mb": 77.6162109375, "optimizer_state_mb": 154.44677734375, "static_memory_mb": 250.34521484375, "activation_saved_mb": 433.5830078125, "loss_buffer_mb": 49.0791015625, "activation_saved_mb_per_sample": 3.003936767578125, "gpu_total_memory_mb": 48668.5625, "peak_memory_frac_of_gpu": 0.09690724737927589, "mean_grad_norm": 0.6575993614303018, "max_grad_norm": 39.85222625732422, "frac_steps_clipped": 0.057667103538663174, "reversibility": {"max_rel_error": 0.0, "input_rel_error": 0.0, "per_layer_rel_error": [0.0, 0.0, 0.0, 0.0, 0.0, 0.0, 0.0, 0.0, 0.0], "grad_cosine": 0.9999996423721313, "grad_rel_error": 0.0008829114376567304}, "aim_run_hash": "464874f7bb0f4192b3c75c9d"}
