2026-09-26 05:37:21,385 | INFO | start exp3_euler_x | variant=euler batch=128 steps=763 tokens/step=65536 peak_lr=1.00e-03 warmup=38 eval_every=38
2026-09-26 05:37:21,386 | INFO | params total=20105216 non-embedding=7108352 | env={'hostname': 'si-aiwork2', 'platform': 'Linux-5.15.0-139-generic-x86_64-with-glibc2.31', 'python': '3.12.3', 'torch': '2.5.1+cu121', 'cuda': '12.1', 'device': 'cuda:1', 'gpu_name': 'NVIDIA RTX A6000', 'gpu_total_memory_mb': 48668.5625, 'gpu_sm_count': 84, 'gpu_capability': '8.6', 'cudnn': 90100, 'git_commit': '702b97e'}
2026-09-26 05:37:22,145 | INFO | eval step=0 tokens=0 | train_loss=10.8606 val_loss=10.8613 val_acc=0.0065 val_ppl=52119.29
2026-09-26 05:37:22,734 | INFO | step 0/763 | loss 10.8604 acc 0.0066 | lr 2.63e-05 | gnorm 8.483 | 116580 tok/s | step 562.2ms (fwd 365.6 bwd 168.8 opt 3.2) | peak 4563MB act 434MB
2026-09-26 05:37:34,232 | INFO | step 20/763 | loss 9.0078 acc 0.1175 | lr 5.53e-04 | gnorm 2.866 | 118242 tok/s | step 554.3ms (fwd 365.1 bwd 169.2 opt 2.5) | peak 4716MB act 434MB
2026-09-26 05:37:44,837 | INFO | eval step=38 tokens=2490368 | train_loss=7.2383 val_loss=7.1918 val_acc=0.1362 val_ppl=1328.50
2026-09-26 05:37:46,571 | INFO | step 40/763 | loss 7.1355 acc 0.1354 | lr 1.00e-03 | gnorm 0.662 | 114172 tok/s | step 574.0ms (fwd 365.0 bwd 169.3 opt 2.5) | peak 4716MB act 434MB
2026-09-26 05:37:58,229 | INFO | step 60/763 | loss 6.7625 acc 0.1422 | lr 9.98e-04 | gnorm 0.427 | 115376 tok/s | step 568.0ms (fwd 366.2 bwd 169.6 opt 2.5) | peak 4716MB act 434MB
2026-09-26 05:38:07,820 | INFO | eval step=76 tokens=4980736 | train_loss=6.5302 val_loss=6.4740 val_acc=0.1645 val_ppl=648.07
2026-09-26 05:38:10,720 | INFO | step 80/763 | loss 6.4361 acc 0.1642 | lr 9.93e-04 | gnorm 0.502 | 121014 tok/s | step 541.6ms (fwd 365.9 bwd 169.4 opt 2.5) | peak 4716MB act 434MB
2026-09-26 05:38:22,369 | INFO | step 100/763 | loss 6.2066 acc 0.1761 | lr 9.84e-04 | gnorm 0.677 | 118844 tok/s | step 551.4ms (fwd 366.3 bwd 169.3 opt 2.5) | peak 4716MB act 434MB
2026-09-26 05:38:30,633 | INFO | eval step=114 tokens=7471104 | train_loss=6.1597 val_loss=6.0864 val_acc=0.1869 val_ppl=439.82
2026-09-26 05:38:34,791 | INFO | step 120/763 | loss 6.1000 acc 0.1803 | lr 9.72e-04 | gnorm 0.424 | 119580 tok/s | step 548.0ms (fwd 367.3 bwd 169.4 opt 2.5) | peak 4716MB act 434MB
2026-09-26 05:38:46,320 | INFO | step 140/763 | loss 5.9913 acc 0.1820 | lr 9.57e-04 | gnorm 0.615 | 118071 tok/s | step 555.1ms (fwd 368.5 bwd 169.9 opt 2.6) | peak 4716MB act 434MB
2026-09-26 05:38:53,428 | INFO | eval step=152 tokens=9961472 | train_loss=5.9445 val_loss=5.8583 val_acc=0.1933 val_ppl=350.11
2026-09-26 05:38:58,646 | INFO | step 160/763 | loss 5.8757 acc 0.1889 | lr 9.39e-04 | gnorm 0.392 | 118238 tok/s | step 554.3ms (fwd 366.3 bwd 170.1 opt 2.6) | peak 4716MB act 434MB
2026-09-26 05:39:10,283 | INFO | step 180/763 | loss 5.7542 acc 0.1976 | lr 9.17e-04 | gnorm 0.491 | 112361 tok/s | step 583.3ms (fwd 366.6 bwd 170.3 opt 2.5) | peak 4716MB act 434MB
2026-09-26 05:39:16,173 | INFO | eval step=190 tokens=12451840 | train_loss=5.8020 val_loss=5.7091 val_acc=0.2005 val_ppl=301.59
2026-09-26 05:39:22,463 | INFO | step 200/763 | loss 5.6934 acc 0.1978 | lr 8.94e-04 | gnorm 0.502 | 116132 tok/s | step 564.3ms (fwd 367.1 bwd 170.3 opt 2.6) | peak 4716MB act 434MB
2026-09-26 05:39:34,199 | INFO | step 220/763 | loss 5.6830 acc 0.1987 | lr 8.67e-04 | gnorm 0.500 | 112538 tok/s | step 582.3ms (fwd 366.4 bwd 170.1 opt 2.5) | peak 4716MB act 434MB
2026-09-26 05:39:38,927 | INFO | eval step=228 tokens=14942208 | train_loss=5.6799 val_loss=5.5755 val_acc=0.2066 val_ppl=263.88
2026-09-26 05:39:46,441 | INFO | step 240/763 | loss 5.5651 acc 0.2061 | lr 8.38e-04 | gnorm 0.443 | 120691 tok/s | step 543.0ms (fwd 366.8 bwd 169.9 opt 2.5) | peak 4716MB act 434MB
2026-09-26 05:39:58,231 | INFO | step 260/763 | loss 5.5755 acc 0.2073 | lr 8.07e-04 | gnorm 0.547 | 120453 tok/s | step 544.1ms (fwd 367.0 bwd 170.0 opt 2.5) | peak 4716MB act 434MB
2026-09-26 05:40:01,960 | INFO | eval step=266 tokens=17432576 | train_loss=5.5729 val_loss=5.4748 val_acc=0.2153 val_ppl=238.60
2026-09-26 05:40:10,689 | INFO | step 280/763 | loss 5.4681 acc 0.2114 | lr 7.74e-04 | gnorm 0.503 | 120472 tok/s | step 544.0ms (fwd 366.8 bwd 169.9 opt 2.5) | peak 4716MB act 434MB
2026-09-26 05:40:22,328 | INFO | step 300/763 | loss 5.4396 acc 0.2177 | lr 7.40e-04 | gnorm 0.469 | 119001 tok/s | step 550.7ms (fwd 366.7 bwd 169.9 opt 2.5) | peak 4716MB act 434MB
2026-09-26 05:40:24,761 | INFO | eval step=304 tokens=19922944 | train_loss=5.4835 val_loss=5.3814 val_acc=0.2207 val_ppl=217.33
2026-09-26 05:40:34,652 | INFO | step 320/763 | loss 5.3547 acc 0.2249 | lr 7.04e-04 | gnorm 0.487 | 116745 tok/s | step 561.4ms (fwd 366.9 bwd 170.0 opt 2.6) | peak 4716MB act 434MB
2026-09-26 05:40:46,268 | INFO | step 340/763 | loss 5.3184 acc 0.2236 | lr 6.67e-04 | gnorm 0.546 | 113248 tok/s | step 578.7ms (fwd 374.3 bwd 169.9 opt 2.5) | peak 4716MB act 434MB
2026-09-26 05:40:47,612 | INFO | eval step=342 tokens=22413312 | train_loss=5.3835 val_loss=5.2765 val_acc=0.2296 val_ppl=195.68
2026-09-26 05:40:58,604 | INFO | step 360/763 | loss 5.2744 acc 0.2311 | lr 6.29e-04 | gnorm 0.476 | 109939 tok/s | step 596.1ms (fwd 366.7 bwd 169.8 opt 2.5) | peak 4716MB act 434MB
2026-09-26 05:41:10,480 | INFO | eval step=380 tokens=24903680 | train_loss=5.3038 val_loss=5.1894 val_acc=0.2349 val_ppl=179.36
2026-09-26 05:41:11,044 | INFO | step 380/763 | loss 5.2081 acc 0.2382 | lr 5.90e-04 | gnorm 0.579 | 118395 tok/s | step 553.5ms (fwd 366.3 bwd 169.7 opt 2.5) | peak 4716MB act 434MB
2026-09-26 05:41:22,683 | INFO | step 400/763 | loss 5.2726 acc 0.2294 | lr 5.51e-04 | gnorm 0.702 | 119072 tok/s | step 550.4ms (fwd 366.7 bwd 169.8 opt 2.5) | peak 4716MB act 434MB
2026-09-26 05:41:33,241 | INFO | eval step=418 tokens=27394048 | train_loss=5.2219 val_loss=5.1182 val_acc=0.2405 val_ppl=167.03
2026-09-26 05:41:34,915 | INFO | step 420/763 | loss 5.1615 acc 0.2404 | lr 5.12e-04 | gnorm 0.642 | 119929 tok/s | step 546.5ms (fwd 370.2 bwd 169.6 opt 2.6) | peak 4716MB act 434MB
2026-09-26 05:41:46,418 | INFO | step 440/763 | loss 5.0718 acc 0.2443 | lr 4.73e-04 | gnorm 0.746 | 120391 tok/s | step 544.4ms (fwd 367.3 bwd 169.9 opt 2.5) | peak 4716MB act 434MB
2026-09-26 05:41:55,993 | INFO | eval step=456 tokens=29884416 | train_loss=5.1462 val_loss=5.0455 val_acc=0.2454 val_ppl=155.33
2026-09-26 05:41:59,044 | INFO | step 460/763 | loss 5.1401 acc 0.2415 | lr 4.35e-04 | gnorm 0.626 | 115929 tok/s | step 565.3ms (fwd 366.6 bwd 169.8 opt 2.5) | peak 4716MB act 434MB
2026-09-26 05:42:10,575 | INFO | step 480/763 | loss 4.9871 acc 0.2492 | lr 3.98e-04 | gnorm 0.629 | 115816 tok/s | step 565.9ms (fwd 366.0 bwd 169.9 opt 2.5) | peak 4716MB act 434MB
2026-09-26 05:42:18,749 | INFO | eval step=494 tokens=32374784 | train_loss=5.0876 val_loss=4.9822 val_acc=0.2510 val_ppl=145.80
2026-09-26 05:42:22,894 | INFO | step 500/763 | loss 5.0000 acc 0.2522 | lr 3.62e-04 | gnorm 0.802 | 117645 tok/s | step 557.1ms (fwd 367.1 bwd 169.9 opt 2.5) | peak 4716MB act 434MB
2026-09-26 05:42:34,566 | INFO | step 520/763 | loss 4.9982 acc 0.2516 | lr 3.27e-04 | gnorm 0.583 | 117895 tok/s | step 555.9ms (fwd 366.9 bwd 169.9 opt 2.5) | peak 4716MB act 434MB
2026-09-26 05:42:41,689 | INFO | eval step=532 tokens=34865152 | train_loss=5.0358 val_loss=4.9367 val_acc=0.2546 val_ppl=139.30
2026-09-26 05:42:46,959 | INFO | step 540/763 | loss 4.9410 acc 0.2578 | lr 2.94e-04 | gnorm 0.692 | 111734 tok/s | step 586.5ms (fwd 366.5 bwd 169.9 opt 2.5) | peak 4716MB act 434MB
2026-09-26 05:42:58,678 | INFO | step 560/763 | loss 4.9202 acc 0.2560 | lr 2.63e-04 | gnorm 0.712 | 99739 tok/s | step 657.1ms (fwd 374.5 bwd 169.7 opt 2.5) | peak 4716MB act 434MB
2026-09-26 05:43:04,735 | INFO | eval step=570 tokens=37355520 | train_loss=4.9893 val_loss=4.8912 val_acc=0.2591 val_ppl=133.11
2026-09-26 05:43:11,123 | INFO | step 580/763 | loss 4.8601 acc 0.2672 | lr 2.34e-04 | gnorm 0.693 | 118816 tok/s | step 551.6ms (fwd 366.5 bwd 169.6 opt 2.5) | peak 4716MB act 434MB
2026-09-26 05:43:22,722 | INFO | step 600/763 | loss 4.9282 acc 0.2587 | lr 2.08e-04 | gnorm 0.821 | 120609 tok/s | step 543.4ms (fwd 366.8 bwd 169.6 opt 2.5) | peak 4716MB act 434MB
2026-09-26 05:43:27,664 | INFO | eval step=608 tokens=39845888 | train_loss=4.9569 val_loss=4.8609 val_acc=0.2631 val_ppl=129.14
2026-09-26 05:43:35,370 | INFO | step 620/763 | loss 4.8872 acc 0.2646 | lr 1.84e-04 | gnorm 0.686 | 116245 tok/s | step 563.8ms (fwd 366.5 bwd 169.7 opt 2.5) | peak 4716MB act 434MB
2026-09-26 05:43:46,966 | INFO | step 640/763 | loss 4.8103 acc 0.2677 | lr 1.62e-04 | gnorm 0.720 | 116760 tok/s | step 561.3ms (fwd 366.4 bwd 169.5 opt 2.5) | peak 4716MB act 434MB
2026-09-26 05:43:50,566 | INFO | eval step=646 tokens=42336256 | train_loss=4.9284 val_loss=4.8295 val_acc=0.2641 val_ppl=125.15
2026-09-26 05:43:59,113 | INFO | step 660/763 | loss 4.8541 acc 0.2636 | lr 1.44e-04 | gnorm 0.683 | 117610 tok/s | step 557.2ms (fwd 365.9 bwd 169.8 opt 2.5) | peak 4716MB act 434MB
2026-09-26 05:44:10,809 | INFO | step 680/763 | loss 4.8508 acc 0.2692 | lr 1.29e-04 | gnorm 0.714 | 101552 tok/s | step 645.3ms (fwd 366.2 bwd 169.8 opt 2.5) | peak 4716MB act 434MB
2026-09-26 05:44:13,323 | INFO | eval step=684 tokens=44826624 | train_loss=4.9062 val_loss=4.8069 val_acc=0.2664 val_ppl=122.35
2026-09-26 05:44:23,024 | INFO | step 700/763 | loss 4.8379 acc 0.2669 | lr 1.17e-04 | gnorm 0.682 | 110717 tok/s | step 591.9ms (fwd 366.4 bwd 169.6 opt 2.5) | peak 4716MB act 434MB
2026-09-26 05:44:34,556 | INFO | step 720/763 | loss 4.8454 acc 0.2633 | lr 1.08e-04 | gnorm 0.783 | 114640 tok/s | step 571.7ms (fwd 367.0 bwd 169.9 opt 2.5) | peak 4716MB act 434MB
2026-09-26 05:44:35,899 | INFO | eval step=722 tokens=47316992 | train_loss=4.8888 val_loss=4.7903 val_acc=0.2680 val_ppl=120.34
2026-09-26 05:44:46,843 | INFO | step 740/763 | loss 4.7981 acc 0.2702 | lr 1.02e-04 | gnorm 0.658 | 120609 tok/s | step 543.4ms (fwd 366.8 bwd 169.8 opt 2.5) | peak 4716MB act 434MB
2026-09-26 05:44:58,864 | INFO | eval step=760 tokens=49807360 | train_loss=4.8742 val_loss=4.7736 val_acc=0.2687 val_ppl=118.35
2026-09-26 05:44:59,415 | INFO | step 760/763 | loss 4.8196 acc 0.2663 | lr 1.00e-04 | gnorm 0.725 | 120596 tok/s | step 543.4ms (fwd 366.4 bwd 169.9 opt 2.5) | peak 4716MB act 434MB
2026-09-26 05:45:00,598 | INFO | step 762/763 | loss 4.7709 acc 0.2769 | lr 1.00e-04 | gnorm 0.650 | 111413 tok/s | step 588.2ms (fwd 365.9 bwd 169.7 opt 2.5) | peak 4716MB act 434MB
2026-09-26 05:45:01,362 | INFO | eval step=763 tokens=50003968 | train_loss=4.8728 val_loss=4.7712 val_acc=0.2684 val_ppl=118.06
2026-09-26 05:45:04,216 | INFO | final eval | {'val': {'loss': 4.774483885363631, 'accuracy': 0.2722223115285564, 'perplexity': 118.44916549412387, 'tokens': 249344}, 'train': {'loss': 4.816914163820552, 'accuracy': 0.2681756932020677, 'perplexity': 123.5831444327219, 'tokens': 249344}}
2026-09-26 05:45:04,340 | INFO | reversibility diagnostics | {'max_rel_error': 0.0, 'input_rel_error': 0.0, 'per_layer_rel_error': [0.0, 0.0, 0.0, 0.0, 0.0, 0.0, 0.0, 0.0, 0.0], 'grad_cosine': 0.9999999403953552, 'grad_rel_error': 0.0004493124142754823}
2026-09-26 05:45:04,441 | INFO | summary | {"label": "exp3_euler_x", "variant": "euler", "status": "ok", "error": null, "batch_size": 128, "block_size": 512, "tokens_per_step": 65536, "total_steps": 763, "steps_completed": 763, "tokens_seen": 50003968, "n_params": 20105216, "n_params_non_embedding": 7108352, "peak_lr": 0.001, "warmup_steps": 38, "final_val_loss": 4.774483885363631, "final_val_perplexity": 118.44916549412387, "final_val_accuracy": 0.2722223115285564, "final_val_tokens": 249344, "final_train_loss": 4.816914163820552, "final_train_accuracy": 0.2681756932020677, "generalization_gap": -0.042430278456921044, "best_periodic_val_loss": 4.77116322517395, "train_loss_last5pct_mean": 4.825760314339085, "tokens_to_val_loss_7": 4980736, "tokens_to_val_loss_6": 9961472, "tokens_to_val_loss_5": 32374784, "tokens_to_val_loss_4.5": null, "mean_tokens_per_sec": 115041.44116155374, "median_tokens_per_sec": 116484.66380549491, "p10_tokens_per_sec": 108211.71466076485, "p90_tokens_per_sec": 120439.5149825499, "mean_step_time_ms": 570.780000275579, "mean_data_ms": 30.652878638999216, "mean_forward_ms": 367.12995664399244, "mean_backward_ms": 169.80216243349273, "mean_optimizer_ms": 2.5269477449614426, "backward_to_forward_ratio": 0.4625124138212198, "wall_clock_s": 464.3517103269696, "eval_time_s": 19.347782969474792, "train_time_s": 445.00392735749483, "model_flops_per_token": 133817856.0, "hardware_flops_per_token": 152692224.0, "lm_head_flops_fraction": 0.576864361061053, "total_model_pflops": 6.691423789252608, "model_tflops_per_sec": 15.394599007389271, "hardware_tflops_per_sec": 17.565933503122782, "gpu_peak_tflops": 154.8, "mfu": 0.09944831400122267, "hfu": 0.11347502262999212, "peak_memory_mb": 4716.33642578125, "peak_step_memory_mb": 4716.33642578125, "peak_memory_reserved_mb": 6216.0, "param_memory_mb": 77.6162109375, "optimizer_state_mb": 154.44677734375, "static_memory_mb": 250.34521484375, "activation_saved_mb": 433.5830078125, "loss_buffer_mb": 49.0791015625, "activation_saved_mb_per_sample": 3.003936767578125, "gpu_total_memory_mb": 48668.5625, "peak_memory_frac_of_gpu": 0.09690724737927589, "mean_grad_norm": 0.8194904021362177, "max_grad_norm": 36.4671630859375, "frac_steps_clipped": 0.07339449541284404, "reversibility": {"max_rel_error": 0.0, "input_rel_error": 0.0, "per_layer_rel_error": [0.0, 0.0, 0.0, 0.0, 0.0, 0.0, 0.0, 0.0, 0.0], "grad_cosine": 0.9999999403953552, "grad_rel_error": 0.0004493124142754823}, "aim_run_hash": "0c54998f0c674c23b74f6a7a"}
