2026-09-26 05:49:17,181 | INFO | start exp4_euler_2x | variant=euler batch=256 steps=382 tokens/step=131072 peak_lr=1.41e-03 warmup=19 eval_every=19
2026-09-26 05:49:17,181 | INFO | params total=20105216 non-embedding=7108352 | env={'hostname': 'si-aiwork2', 'platform': 'Linux-5.15.0-139-generic-x86_64-with-glibc2.31', 'python': '3.12.3', 'torch': '2.5.1+cu121', 'cuda': '12.1', 'device': 'cuda:1', 'gpu_name': 'NVIDIA RTX A6000', 'gpu_total_memory_mb': 48668.5625, 'gpu_sm_count': 84, 'gpu_capability': '8.6', 'cudnn': 90100, 'git_commit': '702b97e'}
2026-09-26 05:49:17,935 | INFO | eval step=0 tokens=0 | train_loss=10.8606 val_loss=10.8613 val_acc=0.0065 val_ppl=52119.29
2026-09-26 05:49:19,034 | INFO | step 0/382 | loss 10.8611 acc 0.0068 | lr 7.44e-05 | gnorm 8.340 | 122146 tok/s | step 1073.1ms (fwd 719.7 bwd 330.1 opt 3.0) | peak 5012MB act 818MB
2026-09-26 05:49:39,331 | INFO | eval step=19 tokens=2490368 | train_loss=7.8583 val_loss=7.8230 val_acc=0.1172 val_ppl=2497.36
2026-09-26 05:49:41,514 | INFO | step 20/382 | loss 7.7479 acc 0.0879 | lr 1.41e-03 | gnorm 1.498 | 120227 tok/s | step 1090.2ms (fwd 722.8 bwd 331.4 opt 2.4) | peak 5166MB act 818MB
2026-09-26 05:50:01,012 | INFO | eval step=38 tokens=4980736 | train_loss=6.9312 val_loss=6.8889 val_acc=0.1387 val_ppl=981.34
2026-09-26 05:50:04,378 | INFO | step 40/382 | loss 6.8737 acc 0.1355 | lr 1.40e-03 | gnorm 0.406 | 120345 tok/s | step 1089.1ms (fwd 727.3 bwd 333.2 opt 2.4) | peak 5166MB act 818MB
2026-09-26 05:50:22,742 | INFO | eval step=57 tokens=7471104 | train_loss=6.6838 val_loss=6.6210 val_acc=0.1508 val_ppl=750.72
2026-09-26 05:50:27,248 | INFO | step 60/382 | loss 6.6052 acc 0.1519 | lr 1.37e-03 | gnorm 0.498 | 109579 tok/s | step 1196.1ms (fwd 732.1 bwd 335.8 opt 2.6) | peak 5166MB act 818MB
2026-09-26 05:50:44,387 | INFO | eval step=76 tokens=9961472 | train_loss=6.3742 val_loss=6.2999 val_acc=0.1690 val_ppl=544.51
2026-09-26 05:50:49,845 | INFO | step 80/382 | loss 6.3002 acc 0.1657 | lr 1.33e-03 | gnorm 0.876 | 120265 tok/s | step 1089.9ms (fwd 731.1 bwd 336.3 opt 2.6) | peak 5166MB act 818MB
2026-09-26 05:51:05,994 | INFO | eval step=95 tokens=12451840 | train_loss=6.1862 val_loss=6.1035 val_acc=0.1818 val_ppl=447.41
2026-09-26 05:51:12,601 | INFO | step 100/382 | loss 6.0666 acc 0.1801 | lr 1.26e-03 | gnorm 0.351 | 118310 tok/s | step 1107.9ms (fwd 732.3 bwd 336.4 opt 2.6) | peak 5166MB act 818MB
2026-09-26 05:51:27,585 | INFO | eval step=114 tokens=14942208 | train_loss=6.0401 val_loss=5.9530 val_acc=0.1879 val_ppl=384.92
2026-09-26 05:51:35,306 | INFO | step 120/382 | loss 5.9503 acc 0.1829 | lr 1.19e-03 | gnorm 0.421 | 121300 tok/s | step 1080.6ms (fwd 731.4 bwd 336.5 opt 2.6) | peak 5166MB act 818MB
2026-09-26 05:51:49,254 | INFO | eval step=133 tokens=17432576 | train_loss=5.9361 val_loss=5.8438 val_acc=0.1915 val_ppl=345.09
2026-09-26 05:51:58,039 | INFO | step 140/382 | loss 5.8364 acc 0.1863 | lr 1.10e-03 | gnorm 0.728 | 119827 tok/s | step 1093.8ms (fwd 731.2 bwd 336.0 opt 2.6) | peak 5166MB act 818MB
2026-09-26 05:52:10,884 | INFO | eval step=152 tokens=19922944 | train_loss=5.8338 val_loss=5.7379 val_acc=0.1971 val_ppl=310.42
2026-09-26 05:52:20,764 | INFO | step 160/382 | loss 5.7490 acc 0.1930 | lr 9.96e-04 | gnorm 0.542 | 119800 tok/s | step 1094.1ms (fwd 733.5 bwd 335.6 opt 2.6) | peak 5166MB act 818MB
2026-09-26 05:52:32,446 | INFO | eval step=171 tokens=22413312 | train_loss=5.7561 val_loss=5.6568 val_acc=0.2010 val_ppl=286.22
2026-09-26 05:52:43,460 | INFO | step 180/382 | loss 5.6609 acc 0.1978 | lr 8.90e-04 | gnorm 0.586 | 120135 tok/s | step 1091.0ms (fwd 733.3 bwd 335.7 opt 2.6) | peak 5166MB act 818MB
2026-09-26 05:52:54,075 | INFO | eval step=190 tokens=24903680 | train_loss=5.6906 val_loss=5.5842 val_acc=0.2044 val_ppl=266.18
2026-09-26 05:53:06,101 | INFO | step 200/382 | loss 5.6425 acc 0.1943 | lr 7.81e-04 | gnorm 0.623 | 121637 tok/s | step 1077.6ms (fwd 733.0 bwd 336.1 opt 2.6) | peak 5166MB act 818MB
2026-09-26 05:53:15,672 | INFO | eval step=209 tokens=27394048 | train_loss=5.6320 val_loss=5.5275 val_acc=0.2071 val_ppl=251.50
2026-09-26 05:53:28,846 | INFO | step 220/382 | loss 5.5145 acc 0.2064 | lr 6.71e-04 | gnorm 0.466 | 119965 tok/s | step 1092.6ms (fwd 733.1 bwd 336.0 opt 2.6) | peak 5166MB act 818MB
2026-09-26 05:53:37,243 | INFO | eval step=228 tokens=29884416 | train_loss=5.5733 val_loss=5.4704 val_acc=0.2105 val_ppl=237.56
2026-09-26 05:53:51,486 | INFO | step 240/382 | loss 5.4645 acc 0.2090 | lr 5.64e-04 | gnorm 0.628 | 119544 tok/s | step 1096.4ms (fwd 731.7 bwd 336.3 opt 2.6) | peak 5166MB act 818MB
2026-09-26 05:53:58,899 | INFO | eval step=247 tokens=32374784 | train_loss=5.5279 val_loss=5.4201 val_acc=0.2138 val_ppl=225.91
2026-09-26 05:54:14,291 | INFO | step 260/382 | loss 5.4583 acc 0.2135 | lr 4.64e-04 | gnorm 0.361 | 119975 tok/s | step 1092.5ms (fwd 732.8 bwd 335.3 opt 2.6) | peak 5166MB act 818MB
2026-09-26 05:54:20,580 | INFO | eval step=266 tokens=34865152 | train_loss=5.4775 val_loss=5.3750 val_acc=0.2183 val_ppl=215.94
2026-09-26 05:54:36,982 | INFO | step 280/382 | loss 5.3485 acc 0.2189 | lr 3.74e-04 | gnorm 0.474 | 121195 tok/s | step 1081.5ms (fwd 730.8 bwd 335.0 opt 2.5) | peak 5166MB act 818MB
2026-09-26 05:54:42,096 | INFO | eval step=285 tokens=37355520 | train_loss=5.4420 val_loss=5.3408 val_acc=0.2205 val_ppl=208.69
2026-09-26 05:54:59,570 | INFO | step 300/382 | loss 5.3616 acc 0.2219 | lr 2.95e-04 | gnorm 0.418 | 122025 tok/s | step 1074.1ms (fwd 730.5 bwd 334.6 opt 2.5) | peak 5166MB act 818MB
2026-09-26 05:55:03,597 | INFO | eval step=304 tokens=39845888 | train_loss=5.4106 val_loss=5.3088 val_acc=0.2237 val_ppl=202.11
2026-09-26 05:55:22,140 | INFO | step 320/382 | loss 5.2710 acc 0.2279 | lr 2.31e-04 | gnorm 0.398 | 121365 tok/s | step 1080.0ms (fwd 729.9 bwd 334.4 opt 2.5) | peak 5166MB act 818MB
2026-09-26 05:55:25,152 | INFO | eval step=323 tokens=42336256 | train_loss=5.3820 val_loss=5.2795 val_acc=0.2267 val_ppl=196.28
2026-09-26 05:55:44,759 | INFO | step 340/382 | loss 5.3298 acc 0.2255 | lr 1.83e-04 | gnorm 0.432 | 120284 tok/s | step 1089.7ms (fwd 729.7 bwd 334.0 opt 2.5) | peak 5166MB act 818MB
2026-09-26 05:55:46,828 | INFO | eval step=342 tokens=44826624 | train_loss=5.3602 val_loss=5.2549 val_acc=0.2288 val_ppl=191.50
2026-09-26 05:56:07,589 | INFO | step 360/382 | loss 5.3014 acc 0.2254 | lr 1.53e-04 | gnorm 0.422 | 121995 tok/s | step 1074.4ms (fwd 729.4 bwd 334.2 opt 2.5) | peak 5166MB act 818MB
2026-09-26 05:56:08,337 | INFO | eval step=361 tokens=47316992 | train_loss=5.3416 val_loss=5.2363 val_acc=0.2304 val_ppl=187.97
2026-09-26 05:56:29,845 | INFO | eval step=380 tokens=49807360 | train_loss=5.3244 val_loss=5.2193 val_acc=0.2320 val_ppl=184.80
2026-09-26 05:56:30,962 | INFO | step 380/382 | loss 5.2622 acc 0.2261 | lr 1.42e-04 | gnorm 0.395 | 118172 tok/s | step 1109.2ms (fwd 729.0 bwd 334.0 opt 2.5) | peak 5166MB act 818MB
2026-09-26 05:56:32,044 | INFO | step 381/382 | loss 5.2244 acc 0.2342 | lr 1.41e-04 | gnorm 0.403 | 122146 tok/s | step 1073.1ms (fwd 729.6 bwd 334.0 opt 2.5) | peak 5166MB act 818MB
2026-09-26 05:56:32,807 | INFO | eval step=382 tokens=50069504 | train_loss=5.3224 val_loss=5.2165 val_acc=0.2317 val_ppl=184.30
2026-09-26 05:56:35,644 | INFO | final eval | {'val': {'loss': 5.224083642940012, 'accuracy': 0.23396191597596822, 'perplexity': 185.6909333411005, 'tokens': 249344}, 'train': {'loss': 5.266307659462492, 'accuracy': 0.22825494142406041, 'perplexity': 193.69943614971692, 'tokens': 249344}}
2026-09-26 05:56:35,771 | INFO | reversibility diagnostics | {'max_rel_error': 0.0, 'input_rel_error': 0.0, 'per_layer_rel_error': [0.0, 0.0, 0.0, 0.0, 0.0, 0.0, 0.0, 0.0, 0.0], 'grad_cosine': 0.9999992251396179, 'grad_rel_error': 0.001209838199429214}
2026-09-26 05:56:35,830 | INFO | summary | {"label": "exp4_euler_2x", "variant": "euler", "status": "ok", "error": null, "batch_size": 256, "block_size": 512, "tokens_per_step": 131072, "total_steps": 382, "steps_completed": 382, "tokens_seen": 50069504, "n_params": 20105216, "n_params_non_embedding": 7108352, "peak_lr": 0.0014142135623730952, "warmup_steps": 19, "final_val_loss": 5.224083642940012, "final_val_perplexity": 185.6909333411005, "final_val_accuracy": 0.23396191597596822, "final_val_tokens": 249344, "final_train_loss": 5.266307659462492, "final_train_accuracy": 0.22825494142406041, "generalization_gap": -0.04222401652248031, "best_periodic_val_loss": 5.216538429260254, "train_loss_last5pct_mean": 5.273029553262811, "tokens_to_val_loss_7": 4980736, "tokens_to_val_loss_6": 14942208, "tokens_to_val_loss_5": null, "tokens_to_val_loss_4.5": null, "mean_tokens_per_sec": 120363.5456251104, "median_tokens_per_sec": 120575.1111834152, "p10_tokens_per_sec": 118375.64182437616, "p90_tokens_per_sec": 122042.35283307121, "mean_step_time_ms": 1089.178846856533, "mean_data_ms": 19.472617697042537, "mean_forward_ms": 731.3897067824014, "mean_backward_ms": 335.2235526933486, "mean_optimizer_ms": 2.555966241957399, "backward_to_forward_ratio": 0.45833780484564884, "wall_clock_s": 439.9307506456971, "eval_time_s": 19.273296918720007, "train_time_s": 420.6574537269771, "model_flops_per_token": 133817856.0, "hardware_flops_per_token": 152692224.0, "lm_head_flops_fraction": 0.576864361061053, "total_model_pflops": 6.700193676263424, "model_tflops_per_sec": 16.106791616110453, "hardware_tflops_per_sec": 18.37857747002358, "gpu_peak_tflops": 154.8, "mfu": 0.10404904144774194, "hfu": 0.11872466065906705, "peak_memory_mb": 5165.83642578125, "peak_step_memory_mb": 5165.83642578125, "peak_memory_reserved_mb": 6216.0, "param_memory_mb": 77.6162109375, "optimizer_state_mb": 155.44677734375, "static_memory_mb": 251.34521484375, "activation_saved_mb": 818.0830078125, "loss_buffer_mb": 49.0791015625, "activation_saved_mb_per_sample": 3.0039215087890625, "gpu_total_memory_mb": 48668.5625, "peak_memory_frac_of_gpu": 0.1061431889586065, "mean_grad_norm": 0.6682625559612094, "max_grad_norm": 34.37171173095703, "frac_steps_clipped": 0.08115183246073299, "reversibility": {"max_rel_error": 0.0, "input_rel_error": 0.0, "per_layer_rel_error": [0.0, 0.0, 0.0, 0.0, 0.0, 0.0, 0.0, 0.0, 0.0], "grad_cosine": 0.9999992251396179, "grad_rel_error": 0.001209838199429214}, "aim_run_hash": "b0ebf7a834f04586aaa2722a"}
