2026-09-26 05:56:41,891 | INFO | start exp5_euler_4x | variant=euler batch=512 steps=191 tokens/step=262144 peak_lr=2.00e-03 warmup=10 eval_every=10
2026-09-26 05:56:41,892 | INFO | params total=20105216 non-embedding=7108352 | env={'hostname': 'si-aiwork2', 'platform': 'Linux-5.15.0-139-generic-x86_64-with-glibc2.31', 'python': '3.12.3', 'torch': '2.5.1+cu121', 'cuda': '12.1', 'device': 'cuda:1', 'gpu_name': 'NVIDIA RTX A6000', 'gpu_total_memory_mb': 48668.5625, 'gpu_sm_count': 84, 'gpu_capability': '8.6', 'cudnn': 90100, 'git_commit': '702b97e'}
2026-09-26 05:56:42,647 | INFO | eval step=0 tokens=0 | train_loss=10.8606 val_loss=10.8613 val_acc=0.0065 val_ppl=52119.29
2026-09-26 05:56:44,817 | INFO | step 0/191 | loss 10.8609 acc 0.0066 | lr 2.00e-04 | gnorm 8.368 | 122470 tok/s | step 2140.5ms (fwd 1452.7 bwd 669.2 opt 3.2) | peak 8391MB act 1587MB
2026-09-26 05:57:05,008 | INFO | eval step=10 tokens=2621440 | train_loss=8.3219 val_loss=8.2823 val_acc=0.0408 val_ppl=3953.23
2026-09-26 05:57:27,291 | INFO | eval step=20 tokens=5242880 | train_loss=7.5869 val_loss=7.5322 val_acc=0.0742 val_ppl=1867.25
2026-09-26 05:57:29,444 | INFO | step 20/191 | loss 7.5514 acc 0.0717 | lr 1.99e-03 | gnorm 1.268 | 122232 tok/s | step 2144.6ms (fwd 1460.0 bwd 672.0 opt 2.5) | peak 8544MB act 1587MB
2026-09-26 05:57:49,627 | INFO | eval step=30 tokens=7864320 | train_loss=7.3156 val_loss=7.2567 val_acc=0.0753 val_ppl=1417.52
2026-09-26 05:58:12,030 | INFO | eval step=40 tokens=10485760 | train_loss=7.1988 val_loss=7.1343 val_acc=0.0782 val_ppl=1254.20
2026-09-26 05:58:14,203 | INFO | step 40/191 | loss 7.1636 acc 0.0755 | lr 1.88e-03 | gnorm 0.225 | 121128 tok/s | step 2164.2ms (fwd 1465.8 bwd 673.5 opt 2.6) | peak 8544MB act 1587MB
2026-09-26 05:58:34,477 | INFO | eval step=50 tokens=13107200 | train_loss=7.0960 val_loss=7.0401 val_acc=0.0872 val_ppl=1141.47
2026-09-26 05:58:56,863 | INFO | eval step=60 tokens=15728640 | train_loss=7.0300 val_loss=6.9663 val_acc=0.0894 val_ppl=1060.30
2026-09-26 05:58:59,039 | INFO | step 60/191 | loss 7.0061 acc 0.0870 | lr 1.68e-03 | gnorm 0.144 | 121052 tok/s | step 2165.5ms (fwd 1462.7 bwd 673.3 opt 2.6) | peak 8544MB act 1587MB
2026-09-26 05:59:19,350 | INFO | eval step=70 tokens=18350080 | train_loss=6.9502 val_loss=6.8859 val_acc=0.0923 val_ppl=978.40
2026-09-26 05:59:41,814 | INFO | eval step=80 tokens=20971520 | train_loss=6.8557 val_loss=6.7912 val_acc=0.0939 val_ppl=889.97
2026-09-26 05:59:44,001 | INFO | step 80/191 | loss 6.7997 acc 0.0934 | lr 1.41e-03 | gnorm 0.248 | 120682 tok/s | step 2172.2ms (fwd 1461.9 bwd 673.4 opt 2.6) | peak 8544MB act 1587MB
2026-09-26 06:00:04,227 | INFO | eval step=90 tokens=23592960 | train_loss=6.7575 val_loss=6.6884 val_acc=0.1075 val_ppl=803.04
2026-09-26 06:00:26,715 | INFO | eval step=100 tokens=26214400 | train_loss=6.6739 val_loss=6.6008 val_acc=0.1153 val_ppl=735.68
2026-09-26 06:00:28,914 | INFO | step 100/191 | loss 6.6487 acc 0.1119 | lr 1.11e-03 | gnorm 0.177 | 119630 tok/s | step 2191.3ms (fwd 1461.3 bwd 672.5 opt 2.5) | peak 8544MB act 1587MB
2026-09-26 06:00:49,169 | INFO | eval step=110 tokens=28835840 | train_loss=6.6054 val_loss=6.5370 val_acc=0.1233 val_ppl=690.20
2026-09-26 06:01:11,567 | INFO | eval step=120 tokens=31457280 | train_loss=6.5278 val_loss=6.4554 val_acc=0.1339 val_ppl=636.13
2026-09-26 06:01:13,716 | INFO | step 120/191 | loss 6.5081 acc 0.1305 | lr 8.01e-04 | gnorm 0.283 | 122391 tok/s | step 2141.9ms (fwd 1458.2 bwd 671.6 opt 2.5) | peak 8544MB act 1587MB
2026-09-26 06:01:33,957 | INFO | eval step=130 tokens=34078720 | train_loss=6.4574 val_loss=6.3790 val_acc=0.1481 val_ppl=589.35
2026-09-26 06:01:56,288 | INFO | eval step=140 tokens=36700160 | train_loss=6.4010 val_loss=6.3204 val_acc=0.1585 val_ppl=555.80
2026-09-26 06:01:58,446 | INFO | step 140/191 | loss 6.3432 acc 0.1559 | lr 5.30e-04 | gnorm 0.173 | 121888 tok/s | step 2150.7ms (fwd 1458.1 bwd 671.4 opt 2.5) | peak 8544MB act 1587MB
2026-09-26 06:02:18,674 | INFO | eval step=150 tokens=39321600 | train_loss=6.3582 val_loss=6.2755 val_acc=0.1606 val_ppl=531.40
2026-09-26 06:02:41,080 | INFO | eval step=160 tokens=41943040 | train_loss=6.3228 val_loss=6.2403 val_acc=0.1644 val_ppl=513.00
2026-09-26 06:02:43,245 | INFO | step 160/191 | loss 6.2685 acc 0.1607 | lr 3.27e-04 | gnorm 0.151 | 121430 tok/s | step 2158.8ms (fwd 1459.4 bwd 671.6 opt 2.5) | peak 8544MB act 1587MB
2026-09-26 06:03:03,424 | INFO | eval step=170 tokens=44564480 | train_loss=6.2955 val_loss=6.2108 val_acc=0.1659 val_ppl=498.11
2026-09-26 06:03:25,794 | INFO | eval step=180 tokens=47185920 | train_loss=6.2739 val_loss=6.1870 val_acc=0.1668 val_ppl=486.38
2026-09-26 06:03:27,954 | INFO | step 180/191 | loss 6.2299 acc 0.1606 | lr 2.16e-04 | gnorm 0.149 | 121875 tok/s | step 2150.9ms (fwd 1460.1 bwd 672.4 opt 2.5) | peak 8544MB act 1587MB
2026-09-26 06:03:48,260 | INFO | eval step=190 tokens=49807360 | train_loss=6.2533 val_loss=6.1657 val_acc=0.1682 val_ppl=476.11
2026-09-26 06:03:50,425 | INFO | step 190/191 | loss 6.1887 acc 0.1654 | lr 2.00e-04 | gnorm 0.122 | 121638 tok/s | step 2155.1ms (fwd 1460.2 bwd 672.4 opt 2.5) | peak 8544MB act 1587MB
2026-09-26 06:03:51,182 | INFO | eval step=191 tokens=50069504 | train_loss=6.2519 val_loss=6.1641 val_acc=0.1683 val_ppl=475.36
2026-09-26 06:03:54,027 | INFO | final eval | {'val': {'loss': 6.174924324670122, 'accuracy': 0.16802489708581256, 'perplexity': 480.546657017896, 'tokens': 249344}, 'train': {'loss': 6.201898520976855, 'accuracy': 0.16413469006760653, 'perplexity': 493.6854240742062, 'tokens': 249344}}
2026-09-26 06:03:54,169 | INFO | reversibility diagnostics | {'max_rel_error': 0.0, 'input_rel_error': 0.0, 'per_layer_rel_error': [0.0, 0.0, 0.0, 0.0, 0.0, 0.0, 0.0, 0.0, 0.0], 'grad_cosine': 0.9999998807907104, 'grad_rel_error': 0.0005162128945812583}
2026-09-26 06:03:54,233 | INFO | summary | {"label": "exp5_euler_4x", "variant": "euler", "status": "ok", "error": null, "batch_size": 512, "block_size": 512, "tokens_per_step": 262144, "total_steps": 191, "steps_completed": 191, "tokens_seen": 50069504, "n_params": 20105216, "n_params_non_embedding": 7108352, "peak_lr": 0.002, "warmup_steps": 10, "final_val_loss": 6.174924324670122, "final_val_perplexity": 480.546657017896, "final_val_accuracy": 0.16802489708581256, "final_val_tokens": 249344, "final_train_loss": 6.201898520976855, "final_train_accuracy": 0.16413469006760653, "generalization_gap": -0.02697419630673359, "best_periodic_val_loss": 6.164074182510376, "train_loss_last5pct_mean": 6.212436358133952, "tokens_to_val_loss_7": 15728640, "tokens_to_val_loss_6": null, "tokens_to_val_loss_5": null, "tokens_to_val_loss_4.5": null, "mean_tokens_per_sec": 121519.71659286109, "median_tokens_per_sec": 121633.16890132213, "p10_tokens_per_sec": 120599.99751256572, "p90_tokens_per_sec": 122307.04663502998, "mean_step_time_ms": 2157.2935977479915, "mean_data_ms": 21.74568507861305, "mean_forward_ms": 1460.034670651614, "mean_backward_ms": 672.4019795512105, "mean_optimizer_ms": 2.532172313103309, "backward_to_forward_ratio": 0.4605383646479554, "wall_clock_s": 433.69001481309533, "eval_time_s": 18.53934783861041, "train_time_s": 415.1506669744849, "model_flops_per_token": 133817856.0, "hardware_flops_per_token": 152692224.0, "lm_head_flops_fraction": 0.576864361061053, "total_model_pflops": 6.700193676263424, "model_tflops_per_sec": 16.261507936184298, "hardware_tflops_per_sec": 18.555115786413666, "gpu_peak_tflops": 154.8, "mfu": 0.10504850087974352, "hfu": 0.1198650890595198, "peak_memory_mb": 8544.07861328125, "peak_step_memory_mb": 8544.07861328125, "peak_memory_reserved_mb": 9324.0, "param_memory_mb": 77.6162109375, "optimizer_state_mb": 157.44677734375, "static_memory_mb": 253.34521484375, "activation_saved_mb": 1587.0830078125, "loss_buffer_mb": 49.0791015625, "activation_saved_mb_per_sample": 3.0039138793945312, "gpu_total_memory_mb": 48668.5625, "peak_memory_frac_of_gpu": 0.1755564202924886, "mean_grad_norm": 1.1348500603624663, "max_grad_norm": 79.89734649658203, "frac_steps_clipped": 0.10471204188481675, "reversibility": {"max_rel_error": 0.0, "input_rel_error": 0.0, "per_layer_rel_error": [0.0, 0.0, 0.0, 0.0, 0.0, 0.0, 0.0, 0.0, 0.0], "grad_cosine": 0.9999998807907104, "grad_rel_error": 0.0005162128945812583}, "aim_run_hash": "c1c878645cb348a4ab9a91b9"}
