2026-09-26 06:04:00,741 | INFO | start exp6_euler_8x | variant=euler batch=1024 steps=96 tokens/step=524288 peak_lr=2.83e-03 warmup=10 eval_every=5
2026-09-26 06:04:00,741 | INFO | params total=20105216 non-embedding=7108352 | env={'hostname': 'si-aiwork2', 'platform': 'Linux-5.15.0-139-generic-x86_64-with-glibc2.31', 'python': '3.12.3', 'torch': '2.5.1+cu121', 'cuda': '12.1', 'device': 'cuda:1', 'gpu_name': 'NVIDIA RTX A6000', 'gpu_total_memory_mb': 48668.5625, 'gpu_sm_count': 84, 'gpu_capability': '8.6', 'cudnn': 90100, 'git_commit': '702b97e'}
2026-09-26 06:04:01,495 | INFO | eval step=0 tokens=0 | train_loss=10.8606 val_loss=10.8613 val_acc=0.0065 val_ppl=52119.29
2026-09-26 06:04:05,813 | INFO | step 0/96 | loss 10.8610 acc 0.0065 | lr 2.83e-04 | gnorm 8.374 | 121972 tok/s | step 4298.4ms (fwd 2905.8 bwd 1328.0 opt 3.2) | peak 16597MB act 3125MB
2026-09-26 06:04:23,619 | INFO | eval step=5 tokens=2621440 | train_loss=9.5145 val_loss=9.4969 val_acc=0.0408 val_ppl=13318.21
2026-09-26 06:04:45,740 | INFO | eval step=10 tokens=5242880 | train_loss=7.9209 val_loss=7.8754 val_acc=0.0408 val_ppl=2631.81
2026-09-26 06:05:07,892 | INFO | eval step=15 tokens=7864320 | train_loss=7.6494 val_loss=7.6209 val_acc=0.0361 val_ppl=2040.46
2026-09-26 06:05:30,120 | INFO | eval step=20 tokens=10485760 | train_loss=7.4984 val_loss=7.4525 val_acc=0.0510 val_ppl=1724.19
2026-09-26 06:05:34,430 | INFO | step 20/96 | loss 7.4808 acc 0.0467 | lr 2.74e-03 | gnorm 0.270 | 121878 tok/s | step 4301.7ms (fwd 2919.6 bwd 1332.1 opt 2.5) | peak 16750MB act 3125MB
2026-09-26 06:05:52,371 | INFO | eval step=25 tokens=13107200 | train_loss=7.4875 val_loss=7.4365 val_acc=0.0637 val_ppl=1696.80
2026-09-26 06:06:14,583 | INFO | eval step=30 tokens=15728640 | train_loss=7.4427 val_loss=7.3928 val_acc=0.0734 val_ppl=1624.23
2026-09-26 06:06:36,799 | INFO | eval step=35 tokens=18350080 | train_loss=7.3476 val_loss=7.2945 val_acc=0.0738 val_ppl=1472.25
2026-09-26 06:06:58,944 | INFO | eval step=40 tokens=20971520 | train_loss=7.2532 val_loss=7.1962 val_acc=0.0758 val_ppl=1334.35
2026-09-26 06:07:03,222 | INFO | step 40/96 | loss 7.2234 acc 0.0733 | lr 2.14e-03 | gnorm 0.286 | 122745 tok/s | step 4271.3ms (fwd 2920.4 bwd 1332.8 opt 2.5) | peak 16750MB act 3125MB
2026-09-26 06:07:21,071 | INFO | eval step=45 tokens=23592960 | train_loss=7.1836 val_loss=7.1214 val_acc=0.0768 val_ppl=1238.22
2026-09-26 06:07:43,236 | INFO | eval step=50 tokens=26214400 | train_loss=7.1218 val_loss=7.0606 val_acc=0.0868 val_ppl=1165.14
2026-09-26 06:08:05,435 | INFO | eval step=55 tokens=28835840 | train_loss=7.0695 val_loss=7.0066 val_acc=0.0877 val_ppl=1103.84
2026-09-26 06:08:27,627 | INFO | eval step=60 tokens=31457280 | train_loss=7.0179 val_loss=6.9509 val_acc=0.0943 val_ppl=1044.09
2026-09-26 06:08:31,921 | INFO | step 60/96 | loss 6.9958 acc 0.0909 | lr 1.23e-03 | gnorm 0.177 | 122345 tok/s | step 4285.3ms (fwd 2912.2 bwd 1329.4 opt 2.5) | peak 16750MB act 3125MB
2026-09-26 06:08:49,812 | INFO | eval step=65 tokens=34078720 | train_loss=6.9784 val_loss=6.9135 val_acc=0.1040 val_ppl=1005.80
2026-09-26 06:09:11,960 | INFO | eval step=70 tokens=36700160 | train_loss=6.9336 val_loss=6.8641 val_acc=0.1129 val_ppl=957.33
2026-09-26 06:09:34,112 | INFO | eval step=75 tokens=39321600 | train_loss=6.8961 val_loss=6.8326 val_acc=0.1172 val_ppl=927.57
2026-09-26 06:09:56,252 | INFO | eval step=80 tokens=41943040 | train_loss=6.8692 val_loss=6.8092 val_acc=0.1203 val_ppl=906.14
2026-09-26 06:10:00,525 | INFO | step 80/96 | loss 6.8405 acc 0.1175 | lr 4.94e-04 | gnorm 0.257 | 122891 tok/s | step 4266.3ms (fwd 2912.7 bwd 1330.1 opt 2.5) | peak 16750MB act 3125MB
2026-09-26 06:10:18,344 | INFO | eval step=85 tokens=44564480 | train_loss=6.8472 val_loss=6.7850 val_acc=0.1217 val_ppl=884.45
2026-09-26 06:10:40,462 | INFO | eval step=90 tokens=47185920 | train_loss=6.8282 val_loss=6.7644 val_acc=0.1221 val_ppl=866.42
2026-09-26 06:11:02,696 | INFO | eval step=95 tokens=49807360 | train_loss=6.8071 val_loss=6.7424 val_acc=0.1225 val_ppl=847.58
2026-09-26 06:11:06,969 | INFO | step 95/96 | loss 6.7695 acc 0.1188 | lr 2.84e-04 | gnorm 0.113 | 122905 tok/s | step 4265.8ms (fwd 2916.7 bwd 1331.0 opt 2.5) | peak 16750MB act 3125MB
2026-09-26 06:11:07,725 | INFO | eval step=96 tokens=50331648 | train_loss=6.8025 val_loss=6.7381 val_acc=0.1227 val_ppl=843.95
2026-09-26 06:11:10,560 | INFO | final eval | {'val': {'loss': 6.746235183621824, 'accuracy': 0.12223674935237093, 'perplexity': 850.8494331676441, 'tokens': 249344}, 'train': {'loss': 6.762286605286647, 'accuracy': 0.1209172868538931, 'perplexity': 864.6169749043578, 'tokens': 249344}}
2026-09-26 06:11:10,688 | INFO | reversibility diagnostics | {'max_rel_error': 0.0, 'input_rel_error': 0.0, 'per_layer_rel_error': [0.0, 0.0, 0.0, 0.0, 0.0, 0.0, 0.0, 0.0, 0.0], 'grad_cosine': 1.0, 'grad_rel_error': 0.00023730122484266758}
2026-09-26 06:11:10,737 | INFO | summary | {"label": "exp6_euler_8x", "variant": "euler", "status": "ok", "error": null, "batch_size": 1024, "block_size": 512, "tokens_per_step": 524288, "total_steps": 96, "steps_completed": 96, "tokens_seen": 50331648, "n_params": 20105216, "n_params_non_embedding": 7108352, "peak_lr": 0.0028284271247461905, "warmup_steps": 10, "final_val_loss": 6.746235183621824, "final_val_perplexity": 850.8494331676441, "final_val_accuracy": 0.12223674935237093, "final_val_tokens": 249344, "final_train_loss": 6.762286605286647, "final_train_accuracy": 0.1209172868538931, "generalization_gap": -0.016051421664823096, "best_periodic_val_loss": 6.73809814453125, "train_loss_last5pct_mean": 6.778559684753418, "tokens_to_val_loss_7": 31457280, "tokens_to_val_loss_6": null, "tokens_to_val_loss_5": null, "tokens_to_val_loss_4.5": null, "mean_tokens_per_sec": 122599.48651906117, "median_tokens_per_sec": 122648.86402869306, "p10_tokens_per_sec": 122151.50611551301, "p90_tokens_per_sec": 123031.61758218182, "mean_step_time_ms": 4276.4618337640295, "mean_data_ms": 26.913914222108282, "mean_forward_ms": 2915.445025900136, "mean_backward_ms": 1330.9352562945821, "mean_optimizer_ms": 2.53540382437084, "backward_to_forward_ratio": 0.4565118685040749, "wall_clock_s": 430.9627169892192, "eval_time_s": 18.50324872136116, "train_time_s": 412.459468267858, "model_flops_per_token": 133817856.0, "hardware_flops_per_token": 152692224.0, "lm_head_flops_fraction": 0.576864361061053, "total_model_pflops": 6.735273224306688, "model_tflops_per_sec": 16.40600043268167, "hardware_tflops_per_sec": 18.71998825785347, "gpu_peak_tflops": 154.8, "mfu": 0.10598191493980405, "hfu": 0.12093015670447976, "peak_memory_mb": 16750.07861328125, "peak_step_memory_mb": 16750.07861328125, "peak_memory_reserved_mb": 18978.0, "param_memory_mb": 77.6162109375, "optimizer_state_mb": 161.44677734375, "static_memory_mb": 257.34521484375, "activation_saved_mb": 3125.0830078125, "loss_buffer_mb": 49.0791015625, "activation_saved_mb_per_sample": 3.0039100646972656, "gpu_total_memory_mb": 48668.5625, "peak_memory_frac_of_gpu": 0.34416629037032376, "mean_grad_norm": 3.181236625649035, "max_grad_norm": 257.48858642578125, "frac_steps_clipped": 0.125, "reversibility": {"max_rel_error": 0.0, "input_rel_error": 0.0, "per_layer_rel_error": [0.0, 0.0, 0.0, 0.0, 0.0, 0.0, 0.0, 0.0, 0.0], "grad_cosine": 1.0, "grad_rel_error": 0.00023730122484266758}, "aim_run_hash": "530e217b8ef94220b1d46041"}
